Archive member included to satisfy reference by file (symbol)

c:/st/stm32cubeide_1.12.1/stm32cubeide/plugins/com.st.stm32cube.ide.mcu.externaltools.gnu-tools-for-stm32.10.3-2021.10.win32_1.0.200.202301161003/tools/bin/../lib/gcc/arm-none-eabi/10.3.1/../../../../arm-none-eabi/lib/thumb/v7e-m+fp/hard\libc_nano.a(lib_a-errno.o)
                              ./Src/syscalls.o (__errno)
c:/st/stm32cubeide_1.12.1/stm32cubeide/plugins/com.st.stm32cube.ide.mcu.externaltools.gnu-tools-for-stm32.10.3-2021.10.win32_1.0.200.202301161003/tools/bin/../lib/gcc/arm-none-eabi/10.3.1/../../../../arm-none-eabi/lib/thumb/v7e-m+fp/hard\libc_nano.a(lib_a-exit.o)
                              c:/st/stm32cubeide_1.12.1/stm32cubeide/plugins/com.st.stm32cube.ide.mcu.externaltools.gnu-tools-for-stm32.10.3-2021.10.win32_1.0.200.202301161003/tools/bin/../lib/gcc/arm-none-eabi/10.3.1/../../../../arm-none-eabi/lib/thumb/v7e-m+fp/hard/crt0.o (exit)
c:/st/stm32cubeide_1.12.1/stm32cubeide/plugins/com.st.stm32cube.ide.mcu.externaltools.gnu-tools-for-stm32.10.3-2021.10.win32_1.0.200.202301161003/tools/bin/../lib/gcc/arm-none-eabi/10.3.1/../../../../arm-none-eabi/lib/thumb/v7e-m+fp/hard\libc_nano.a(lib_a-impure.o)
                              c:/st/stm32cubeide_1.12.1/stm32cubeide/plugins/com.st.stm32cube.ide.mcu.externaltools.gnu-tools-for-stm32.10.3-2021.10.win32_1.0.200.202301161003/tools/bin/../lib/gcc/arm-none-eabi/10.3.1/../../../../arm-none-eabi/lib/thumb/v7e-m+fp/hard\libc_nano.a(lib_a-exit.o) (_global_impure_ptr)
c:/st/stm32cubeide_1.12.1/stm32cubeide/plugins/com.st.stm32cube.ide.mcu.externaltools.gnu-tools-for-stm32.10.3-2021.10.win32_1.0.200.202301161003/tools/bin/../lib/gcc/arm-none-eabi/10.3.1/../../../../arm-none-eabi/lib/thumb/v7e-m+fp/hard\libc_nano.a(lib_a-init.o)
                              c:/st/stm32cubeide_1.12.1/stm32cubeide/plugins/com.st.stm32cube.ide.mcu.externaltools.gnu-tools-for-stm32.10.3-2021.10.win32_1.0.200.202301161003/tools/bin/../lib/gcc/arm-none-eabi/10.3.1/../../../../arm-none-eabi/lib/thumb/v7e-m+fp/hard/crt0.o (__libc_init_array)
c:/st/stm32cubeide_1.12.1/stm32cubeide/plugins/com.st.stm32cube.ide.mcu.externaltools.gnu-tools-for-stm32.10.3-2021.10.win32_1.0.200.202301161003/tools/bin/../lib/gcc/arm-none-eabi/10.3.1/../../../../arm-none-eabi/lib/thumb/v7e-m+fp/hard\libc_nano.a(lib_a-memcpy-stub.o)
                              ./Src/main.o (memcpy)
c:/st/stm32cubeide_1.12.1/stm32cubeide/plugins/com.st.stm32cube.ide.mcu.externaltools.gnu-tools-for-stm32.10.3-2021.10.win32_1.0.200.202301161003/tools/bin/../lib/gcc/arm-none-eabi/10.3.1/../../../../arm-none-eabi/lib/thumb/v7e-m+fp/hard\libc_nano.a(lib_a-memset.o)
                              c:/st/stm32cubeide_1.12.1/stm32cubeide/plugins/com.st.stm32cube.ide.mcu.externaltools.gnu-tools-for-stm32.10.3-2021.10.win32_1.0.200.202301161003/tools/bin/../lib/gcc/arm-none-eabi/10.3.1/../../../../arm-none-eabi/lib/thumb/v7e-m+fp/hard/crt0.o (memset)

Discarded input sections

 .text          0x0000000000000000        0x0 c:/st/stm32cubeide_1.12.1/stm32cubeide/plugins/com.st.stm32cube.ide.mcu.externaltools.gnu-tools-for-stm32.10.3-2021.10.win32_1.0.200.202301161003/tools/bin/../lib/gcc/arm-none-eabi/10.3.1/thumb/v7e-m+fp/hard/crti.o
 .data          0x0000000000000000        0x0 c:/st/stm32cubeide_1.12.1/stm32cubeide/plugins/com.st.stm32cube.ide.mcu.externaltools.gnu-tools-for-stm32.10.3-2021.10.win32_1.0.200.202301161003/tools/bin/../lib/gcc/arm-none-eabi/10.3.1/thumb/v7e-m+fp/hard/crti.o
 .bss           0x0000000000000000        0x0 c:/st/stm32cubeide_1.12.1/stm32cubeide/plugins/com.st.stm32cube.ide.mcu.externaltools.gnu-tools-for-stm32.10.3-2021.10.win32_1.0.200.202301161003/tools/bin/../lib/gcc/arm-none-eabi/10.3.1/thumb/v7e-m+fp/hard/crti.o
 .data          0x0000000000000000        0x4 c:/st/stm32cubeide_1.12.1/stm32cubeide/plugins/com.st.stm32cube.ide.mcu.externaltools.gnu-tools-for-stm32.10.3-2021.10.win32_1.0.200.202301161003/tools/bin/../lib/gcc/arm-none-eabi/10.3.1/thumb/v7e-m+fp/hard/crtbegin.o
 .rodata        0x0000000000000000       0x24 c:/st/stm32cubeide_1.12.1/stm32cubeide/plugins/com.st.stm32cube.ide.mcu.externaltools.gnu-tools-for-stm32.10.3-2021.10.win32_1.0.200.202301161003/tools/bin/../lib/gcc/arm-none-eabi/10.3.1/thumb/v7e-m+fp/hard/crtbegin.o
 .text          0x0000000000000000       0x7c c:/st/stm32cubeide_1.12.1/stm32cubeide/plugins/com.st.stm32cube.ide.mcu.externaltools.gnu-tools-for-stm32.10.3-2021.10.win32_1.0.200.202301161003/tools/bin/../lib/gcc/arm-none-eabi/10.3.1/../../../../arm-none-eabi/lib/thumb/v7e-m+fp/hard/crt0.o
 .data          0x0000000000000000        0x0 c:/st/stm32cubeide_1.12.1/stm32cubeide/plugins/com.st.stm32cube.ide.mcu.externaltools.gnu-tools-for-stm32.10.3-2021.10.win32_1.0.200.202301161003/tools/bin/../lib/gcc/arm-none-eabi/10.3.1/../../../../arm-none-eabi/lib/thumb/v7e-m+fp/hard/crt0.o
[...]
Memory Configuration

Name             Origin             Length             Attributes
RAM              0x0000000020000000 0x0000000000018000 xrw
FLASH            0x0000000008000000 0x0000000000080000 xr
*default*        0x0000000000000000 0xffffffffffffffff

Linker script and memory map

LOAD c:/st/stm32cubeide_1.12.1/stm32cubeide/plugins/com.st.stm32cube.ide.mcu.externaltools.gnu-tools-for-stm32.10.3-2021.10.win32_1.0.200.202301161003/tools/bin/../lib/gcc/arm-none-eabi/10.3.1/thumb/v7e-m+fp/hard/crti.o
LOAD c:/st/stm32cubeide_1.12.1/stm32cubeide/plugins/com.st.stm32cube.ide.mcu.externaltools.gnu-tools-for-stm32.10.3-2021.10.win32_1.0.200.202301161003/tools/bin/../lib/gcc/arm-none-eabi/10.3.1/thumb/v7e-m+fp/hard/crtbegin.o
LOAD c:/st/stm32cubeide_1.12.1/stm32cubeide/plugins/com.st.stm32cube.ide.mcu.externaltools.gnu-tools-for-stm32.10.3-2021.10.win32_1.0.200.202301161003/tools/bin/../lib/gcc/arm-none-eabi/10.3.1/../../../../arm-none-eabi/lib/thumb/v7e-m+fp/hard/crt0.o
LOAD ./SDK_1.0.3_NUCLEO-F401RE/shared/Drivers/CMSIS/Source/system_stm32f4xx.o
LOAD ./SDK_1.0.3_NUCLEO-F401RE/shared/Drivers/STM32F401RE_StdPeriph_Driver/src/misc.o
LOAD ./SDK_1.0.3_NUCLEO-F401RE/shared/Drivers/STM32F401RE_StdPeriph_Driver/src/stm32f401re_adc.o
LOAD ./SDK_1.0.3_NUCLEO-F401RE/shared/Drivers/STM32F401RE_StdPeriph_Driver/src/stm32f401re_dma.o
LOAD ./SDK_1.0.3_NUCLEO-F401RE/shared/Drivers/STM32F401RE_StdPeriph_Driver/src/stm32f401re_exti.o
LOAD ./SDK_1.0.3_NUCLEO-F401RE/shared/Drivers/STM32F401RE_StdPeriph_Driver/src/stm32f401re_gpio.o
LOAD ./SDK_1.0.3_NUCLEO-F401RE/shared/Drivers/STM32F401RE_StdPeriph_Driver/src/stm32f401re_i2c.o
LOAD ./SDK_1.0.3_NUCLEO-F401RE/shared/Drivers/STM32F401RE_StdPeriph_Driver/src/stm32f401re_rcc.o
LOAD ./SDK_1.0.3_NUCLEO-F401RE/shared/Drivers/STM32F401RE_StdPeriph_Driver/src/stm32f401re_rng.o
LOAD ./SDK_1.0.3_NUCLEO-F401RE/shared/Drivers/STM32F401RE_StdPeriph_Driver/src/stm32f401re_spi.o
LOAD ./SDK_1.0.3_NUCLEO-F401RE/shared/Drivers/STM32F401RE_StdPeriph_Driver/src/stm32f401re_syscfg.o
LOAD ./SDK_1.0.3_NUCLEO-F401RE/shared/Drivers/STM32F401RE_StdPeriph_Driver/src/stm32f401re_tim.o
LOAD ./SDK_1.0.3_NUCLEO-F401RE/shared/Drivers/STM32F401RE_StdPeriph_Driver/src/stm32f401re_usart.o
LOAD ./SDK_1.0.3_NUCLEO-F401RE/shared/Middle/button/button.o
LOAD ./SDK_1.0.3_NUCLEO-F401RE/shared/Middle/button/eventbutton.o
LOAD ./SDK_1.0.3_NUCLEO-F401RE/shared/Middle/buzzer/buzzer.o
LOAD ./SDK_1.0.3_NUCLEO-F401RE/shared/Middle/buzzer/melody.o
LOAD ./SDK_1.0.3_NUCLEO-F401RE/shared/Middle/led/led.o
LOAD ./SDK_1.0.3_NUCLEO-F401RE/shared/Middle/rtos/eventman.o
LOAD ./SDK_1.0.3_NUCLEO-F401RE/shared/Middle/rtos/timer.o
LOAD ./SDK_1.0.3_NUCLEO-F401RE/shared/Middle/sensor/lightsensor.o
LOAD ./SDK_1.0.3_NUCLEO-F401RE/shared/Middle/sensor/temhumsensor.o
LOAD ./SDK_1.0.3_NUCLEO-F401RE/shared/Middle/serial/serial.o
LOAD ./SDK_1.0.3_NUCLEO-F401RE/shared/Middle/serial/uartcmd.o
LOAD ./SDK_1.0.3_NUCLEO-F401RE/shared/Middle/ucglib/Ucglib.o
LOAD ./SDK_1.0.3_NUCLEO-F401RE/shared/Middle/ucglib/ucg_bitmap.o
LOAD ./SDK_1.0.3_NUCLEO-F401RE/shared/Middle/ucglib/ucg_box.o
LOAD ./SDK_1.0.3_NUCLEO-F401RE/shared/Middle/ucglib/ucg_ccs.o
LOAD ./SDK_1.0.3_NUCLEO-F401RE/shared/Middle/ucglib/ucg_circle.o
LOAD ./SDK_1.0.3_NUCLEO-F401RE/shared/Middle/ucglib/ucg_clip.o
LOAD ./SDK_1.0.3_NUCLEO-F401RE/shared/Middle/ucglib/ucg_com_msg_api.o
LOAD ./SDK_1.0.3_NUCLEO-F401RE/shared/Middle/ucglib/ucg_dev_default_cb.o
LOAD ./SDK_1.0.3_NUCLEO-F401RE/shared/Middle/ucglib/ucg_dev_ic_st7735.o
LOAD ./SDK_1.0.3_NUCLEO-F401RE/shared/Middle/ucglib/ucg_dev_msg_api.o
LOAD ./SDK_1.0.3_NUCLEO-F401RE/shared/Middle/ucglib/ucg_dev_tft_128x128_st7735.o
LOAD ./SDK_1.0.3_NUCLEO-F401RE/shared/Middle/ucglib/ucg_font.o
LOAD ./SDK_1.0.3_NUCLEO-F401RE/shared/Middle/ucglib/ucg_init.o
LOAD ./SDK_1.0.3_NUCLEO-F401RE/shared/Middle/ucglib/ucg_line.o
LOAD ./SDK_1.0.3_NUCLEO-F401RE/shared/Middle/ucglib/ucg_pixel.o
LOAD ./SDK_1.0.3_NUCLEO-F401RE/shared/Middle/ucglib/ucg_pixel_font_data.o
LOAD ./SDK_1.0.3_NUCLEO-F401RE/shared/Middle/ucglib/ucg_polygon.o
LOAD ./SDK_1.0.3_NUCLEO-F401RE/shared/Middle/ucglib/ucg_rotate.o
LOAD ./SDK_1.0.3_NUCLEO-F401RE/shared/Middle/ucglib/ucg_scale.o
LOAD ./SDK_1.0.3_NUCLEO-F401RE/shared/Middle/ucglib/ucg_vector_font_data.o
LOAD ./SDK_1.0.3_NUCLEO-F401RE/shared/Utilities/buff.o
LOAD ./SDK_1.0.3_NUCLEO-F401RE/shared/Utilities/utilities.o
LOAD ./Src/main.o
LOAD ./Src/syscalls.o
LOAD ./Src/sysmem.o
LOAD ./Startup/startup_stm32f401retx.o
LOAD C:\Users\Dell\STM32CubeIDE\library\SDK_1.0.3_NUCLEO-F401RE\lib_stm\libLibraries.a
START GROUP
LOAD c:/st/stm32cubeide_1.12.1/stm32cubeide/plugins/com.st.stm32cube.ide.mcu.externaltools.gnu-tools-for-stm32.10.3-2021.10.win32_1.0.200.202301161003/tools/bin/../lib/gcc/arm-none-eabi/10.3.1/../../../../arm-none-eabi/lib/thumb/v7e-m+fp/hard\libc_nano.a
LOAD c:/st/stm32cubeide_1.12.1/stm32cubeide/plugins/com.st.stm32cube.ide.mcu.externaltools.gnu-tools-for-stm32.10.3-2021.10.win32_1.0.200.202301161003/tools/bin/../lib/gcc/arm-none-eabi/10.3.1/../../../../arm-none-eabi/lib/thumb/v7e-m+fp/hard\libm.a
END GROUP
START GROUP
LOAD c:/st/stm32cubeide_1.12.1/stm32cubeide/plugins/com.st.stm32cube.ide.mcu.externaltools.gnu-tools-for-stm32.10.3-2021.10.win32_1.0.200.202301161003/tools/bin/../lib/gcc/arm-none-eabi/10.3.1/thumb/v7e-m+fp/hard\libgcc.a
LOAD c:/st/stm32cubeide_1.12.1/stm32cubeide/plugins/com.st.stm32cube.ide.mcu.externaltools.gnu-tools-for-stm32.10.3-2021.10.win32_1.0.200.202301161003/tools/bin/../lib/gcc/arm-none-eabi/10.3.1/../../../../arm-none-eabi/lib/thumb/v7e-m+fp/hard\libc_nano.a
END GROUP
START GROUP
LOAD c:/st/stm32cubeide_1.12.1/stm32cubeide/plugins/com.st.stm32cube.ide.mcu.externaltools.gnu-tools-for-stm32.10.3-2021.10.win32_1.0.200.202301161003/tools/bin/../lib/gcc/arm-none-eabi/10.3.1/thumb/v7e-m+fp/hard\libgcc.a
LOAD c:/st/stm32cubeide_1.12.1/stm32cubeide/plugins/com.st.stm32cube.ide.mcu.externaltools.gnu-tools-for-stm32.10.3-2021.10.win32_1.0.200.202301161003/tools/bin/../lib/gcc/arm-none-eabi/10.3.1/../../../../arm-none-eabi/lib/thumb/v7e-m+fp/hard\libc_nano.a
LOAD c:/st/stm32cubeide_1.12.1/stm32cubeide/plugins/com.st.stm32cube.ide.mcu.externaltools.gnu-tools-for-stm32.10.3-2021.10.win32_1.0.200.202301161003/tools/bin/../lib/gcc/arm-none-eabi/10.3.1/../../../../arm-none-eabi/lib/thumb/v7e-m+fp/hard\libnosys.a
END GROUP
START GROUP
LOAD c:/st/stm32cubeide_1.12.1/stm32cubeide/plugins/com.st.stm32cube.ide.mcu.externaltools.gnu-tools-for-stm32.10.3-2021.10.win32_1.0.200.202301161003/tools/bin/../lib/gcc/arm-none-eabi/10.3.1/thumb/v7e-m+fp/hard\libgcc.a
LOAD c:/st/stm32cubeide_1.12.1/stm32cubeide/plugins/com.st.stm32cube.ide.mcu.externaltools.gnu-tools-for-stm32.10.3-2021.10.win32_1.0.200.202301161003/tools/bin/../lib/gcc/arm-none-eabi/10.3.1/../../../../arm-none-eabi/lib/thumb/v7e-m+fp/hard\libc_nano.a
LOAD c:/st/stm32cubeide_1.12.1/stm32cubeide/plugins/com.st.stm32cube.ide.mcu.externaltools.gnu-tools-for-stm32.10.3-2021.10.win32_1.0.200.202301161003/tools/bin/../lib/gcc/arm-none-eabi/10.3.1/../../../../arm-none-eabi/lib/thumb/v7e-m+fp/hard\libnosys.a
END GROUP
LOAD c:/st/stm32cubeide_1.12.1/stm32cubeide/plugins/com.st.stm32cube.ide.mcu.externaltools.gnu-tools-for-stm32.10.3-2021.10.win32_1.0.200.202301161003/tools/bin/../lib/gcc/arm-none-eabi/10.3.1/thumb/v7e-m+fp/hard/crtend.o
LOAD c:/st/stm32cubeide_1.12.1/stm32cubeide/plugins/com.st.stm32cube.ide.mcu.externaltools.gnu-tools-for-stm32.10.3-2021.10.win32_1.0.200.202301161003/tools/bin/../lib/gcc/arm-none-eabi/10.3.1/thumb/v7e-m+fp/hard/crtn.o
                0x0000000020018000                _estack = (ORIGIN (RAM) + LENGTH (RAM))
                0x0000000000000200                _Min_Heap_Size = 0x200
                0x0000000000000400                _Min_Stack_Size = 0x400

.isr_vector     0x0000000008000000      0x194
                0x0000000008000000                . = ALIGN (0x4)
 *(.isr_vector)
 .isr_vector    0x0000000008000000      0x194 ./Startup/startup_stm32f401retx.o
                0x0000000008000000                g_pfnVectors
                0x0000000008000194                . = ALIGN (0x4)

.text           0x0000000008000194     0x5140
                0x0000000008000194                . = ALIGN (0x4)
 *(.text)
 .text          0x0000000008000194       0x40 c:/st/stm32cubeide_1.12.1/stm32cubeide/plugins/com.st.stm32cube.ide.mcu.externaltools.gnu-tools-for-stm32.10.3-2021.10.win32_1.0.200.202301161003/tools/bin/../lib/gcc/arm-none-eabi/10.3.1/thumb/v7e-m+fp/hard/crtbegin.o
 *(.text*)
 .text.SystemInit
                0x00000000080001d4       0x6c ./SDK_1.0.3_NUCLEO-F401RE/shared/Drivers/CMSIS/Source/system_stm32f4xx.o
                0x00000000080001d4                SystemInit
 .text.SystemCoreClockUpdate
                0x0000000008000240      0x104 ./SDK_1.0.3_NUCLEO-F401RE/shared/Drivers/CMSIS/Source/system_stm32f4xx.o
                0x0000000008000240                SystemCoreClockUpdate
 .text.SetSysClock
                0x0000000008000344       0xa4 ./SDK_1.0.3_NUCLEO-F401RE/shared/Drivers/CMSIS/Source/system_stm32f4xx.o
 .text.ADC_DeInit
                0x00000000080003e8       0x1c ./SDK_1.0.3_NUCLEO-F401RE/shared/Drivers/STM32F401RE_StdPeriph_Driver/src/stm32f401re_adc.o
                0x00000000080003e8                ADC_DeInit
 .text.ADC_Init
                0x0000000008000404       0xac ./SDK_1.0.3_NUCLEO-F401RE/shared/Drivers/STM32F401RE_StdPeriph_Driver/src/stm32f401re_adc.o
                0x0000000008000404                ADC_Init
 .text.ADC_CommonInit
                0x00000000080004b0       0x50 ./SDK_1.0.3_NUCLEO-F401RE/shared/Drivers/STM32F401RE_StdPeriph_Driver/src/stm32f401re_adc.o
                0x00000000080004b0                ADC_CommonInit
 .text.ADC_Cmd  0x0000000008000500       0x38 ./SDK_1.0.3_NUCLEO-F401RE/shared/Drivers/STM32F401RE_StdPeriph_Driver/src/stm32f401re_adc.o
                0x0000000008000500                ADC_Cmd
 .text.ADC_RegularChannelConfig
                0x0000000008000538      0x194 ./SDK_1.0.3_NUCLEO-F401RE/shared/Drivers/STM32F401RE_StdPeriph_Driver/src/stm32f401re_adc.o
                0x0000000008000538                ADC_RegularChannelConfig
 .text.ADC_SoftwareStartConv
                0x00000000080006cc       0x20 ./SDK_1.0.3_NUCLEO-F401RE/shared/Drivers/STM32F401RE_StdPeriph_Driver/src/stm32f401re_adc.o
                0x00000000080006cc                ADC_SoftwareStartConv
 .text.ADC_EOCOnEachRegularChannelCmd
                0x00000000080006ec       0x38 ./SDK_1.0.3_NUCLEO-F401RE/shared/Drivers/STM32F401RE_StdPeriph_Driver/src/stm32f401re_adc.o
                0x00000000080006ec                ADC_EOCOnEachRegularChannelCmd
 .text.ADC_ContinuousModeCmd
                0x0000000008000724       0x38 ./SDK_1.0.3_NUCLEO-F401RE/shared/Drivers/STM32F401RE_StdPeriph_Driver/src/stm32f401re_adc.o
                0x0000000008000724                ADC_ContinuousModeCmd
 .text.ADC_DiscModeChannelCountConfig
                0x000000000800075c       0x44 ./SDK_1.0.3_NUCLEO-F401RE/shared/Drivers/STM32F401RE_StdPeriph_Driver/src/stm32f401re_adc.o
                0x000000000800075c                ADC_DiscModeChannelCountConfig
 .text.ADC_DiscModeCmd
                0x00000000080007a0       0x38 ./SDK_1.0.3_NUCLEO-F401RE/shared/Drivers/STM32F401RE_StdPeriph_Driver/src/stm32f401re_adc.o
                0x00000000080007a0                ADC_DiscModeCmd
 .text.ADC_DMACmd
                0x00000000080007d8       0x38 ./SDK_1.0.3_NUCLEO-F401RE/shared/Drivers/STM32F401RE_StdPeriph_Driver/src/stm32f401re_adc.o
                0x00000000080007d8                ADC_DMACmd
 .text.ADC_DMARequestAfterLastTransferCmd
                0x0000000008000810       0x38 ./SDK_1.0.3_NUCLEO-F401RE/shared/Drivers/STM32F401RE_StdPeriph_Driver/src/stm32f401re_adc.o
                0x0000000008000810                ADC_DMARequestAfterLastTransferCmd
 .text.DMA_DeInit
                0x0000000008000848      0x1a8 ./SDK_1.0.3_NUCLEO-F401RE/shared/Drivers/STM32F401RE_StdPeriph_Driver/src/stm32f401re_dma.o
                0x0000000008000848                DMA_DeInit
 .text.DMA_Init
                0x00000000080009f0       0xb0 ./SDK_1.0.3_NUCLEO-F401RE/shared/Drivers/STM32F401RE_StdPeriph_Driver/src/stm32f401re_dma.o
                0x00000000080009f0                DMA_Init
 .text.DMA_Cmd  0x0000000008000aa0       0x38 ./SDK_1.0.3_NUCLEO-F401RE/shared/Drivers/STM32F401RE_StdPeriph_Driver/src/stm32f401re_dma.o
                0x0000000008000aa0                DMA_Cmd
 .text.GPIO_Init
                0x0000000008000ad8      0x11e ./SDK_1.0.3_NUCLEO-F401RE/shared/Drivers/STM32F401RE_StdPeriph_Driver/src/stm32f401re_gpio.o
                0x0000000008000ad8                GPIO_Init
 .text.GPIO_ReadInputDataBit
                0x0000000008000bf6       0x34 ./SDK_1.0.3_NUCLEO-F401RE/shared/Drivers/STM32F401RE_StdPeriph_Driver/src/stm32f401re_gpio.o
                0x0000000008000bf6                GPIO_ReadInputDataBit
 .text.GPIO_WriteBit
                0x0000000008000c2a       0x30 ./SDK_1.0.3_NUCLEO-F401RE/shared/Drivers/STM32F401RE_StdPeriph_Driver/src/stm32f401re_gpio.o
                0x0000000008000c2a                GPIO_WriteBit
 .text.GPIO_PinAFConfig
                0x0000000008000c5a       0x92 ./SDK_1.0.3_NUCLEO-F401RE/shared/Drivers/STM32F401RE_StdPeriph_Driver/src/stm32f401re_gpio.o
                0x0000000008000c5a                GPIO_PinAFConfig
 .text.RCC_GetClocksFreq
                0x0000000008000cec      0x15c ./SDK_1.0.3_NUCLEO-F401RE/shared/Drivers/STM32F401RE_StdPeriph_Driver/src/stm32f401re_rcc.o
                0x0000000008000cec                RCC_GetClocksFreq
 .text.RCC_AHB1PeriphClockCmd
                0x0000000008000e48       0x40 ./SDK_1.0.3_NUCLEO-F401RE/shared/Drivers/STM32F401RE_StdPeriph_Driver/src/stm32f401re_rcc.o
                0x0000000008000e48                RCC_AHB1PeriphClockCmd
 .text.RCC_APB1PeriphClockCmd
                0x0000000008000e88       0x40 ./SDK_1.0.3_NUCLEO-F401RE/shared/Drivers/STM32F401RE_StdPeriph_Driver/src/stm32f401re_rcc.o
                0x0000000008000e88                RCC_APB1PeriphClockCmd
 .text.RCC_APB2PeriphClockCmd
                0x0000000008000ec8       0x40 ./SDK_1.0.3_NUCLEO-F401RE/shared/Drivers/STM32F401RE_StdPeriph_Driver/src/stm32f401re_rcc.o
                0x0000000008000ec8                RCC_APB2PeriphClockCmd
 .text.RCC_APB2PeriphResetCmd
                0x0000000008000f08       0x40 ./SDK_1.0.3_NUCLEO-F401RE/shared/Drivers/STM32F401RE_StdPeriph_Driver/src/stm32f401re_rcc.o
                0x0000000008000f08                RCC_APB2PeriphResetCmd
 .text.TIM_TimeBaseInit
                0x0000000008000f48       0xd8 ./SDK_1.0.3_NUCLEO-F401RE/shared/Drivers/STM32F401RE_StdPeriph_Driver/src/stm32f401re_tim.o
                0x0000000008000f48                TIM_TimeBaseInit
 .text.TIM_Cmd  0x0000000008001020       0x40 ./SDK_1.0.3_NUCLEO-F401RE/shared/Drivers/STM32F401RE_StdPeriph_Driver/src/stm32f401re_tim.o
                0x0000000008001020                TIM_Cmd
 .text.TIM_OC1Init
                0x0000000008001060       0xf4 ./SDK_1.0.3_NUCLEO-F401RE/shared/Drivers/STM32F401RE_StdPeriph_Driver/src/stm32f401re_tim.o
                0x0000000008001060                TIM_OC1Init
 .text.TIM_OC2Init
                0x0000000008001154      0x110 ./SDK_1.0.3_NUCLEO-F401RE/shared/Drivers/STM32F401RE_StdPeriph_Driver/src/stm32f401re_tim.o
                0x0000000008001154                TIM_OC2Init
 .text.TIM_OC3Init
                0x0000000008001264      0x10c ./SDK_1.0.3_NUCLEO-F401RE/shared/Drivers/STM32F401RE_StdPeriph_Driver/src/stm32f401re_tim.o
                0x0000000008001264                TIM_OC3Init
 .text.TIM_OC4Init
                0x0000000008001370       0xd0 ./SDK_1.0.3_NUCLEO-F401RE/shared/Drivers/STM32F401RE_StdPeriph_Driver/src/stm32f401re_tim.o
                0x0000000008001370                TIM_OC4Init
 .text.TIM_CtrlPWMOutputs
                0x0000000008001440       0x4c ./SDK_1.0.3_NUCLEO-F401RE/shared/Drivers/STM32F401RE_StdPeriph_Driver/src/stm32f401re_tim.o
                0x0000000008001440                TIM_CtrlPWMOutputs
 .text.USART_ReceiveData
                0x000000000800148c       0x20 ./SDK_1.0.3_NUCLEO-F401RE/shared/Drivers/STM32F401RE_StdPeriph_Driver/src/stm32f401re_usart.o
                0x000000000800148c                USART_ReceiveData
 .text.USART_GetITStatus
                0x00000000080014ac       0xb6 ./SDK_1.0.3_NUCLEO-F401RE/shared/Drivers/STM32F401RE_StdPeriph_Driver/src/stm32f401re_usart.o
                0x00000000080014ac                USART_GetITStatus
 .text.USART_ClearITPendingBit
                0x0000000008001562       0x3a ./SDK_1.0.3_NUCLEO-F401RE/shared/Drivers/STM32F401RE_StdPeriph_Driver/src/stm32f401re_usart.o
                0x0000000008001562                USART_ClearITPendingBit
 .text.Button_Init
                0x000000000800159c       0xbc ./SDK_1.0.3_NUCLEO-F401RE/shared/Middle/button/button.o
                0x000000000800159c                Button_Init
 .text.Button_SetMode
                0x0000000008001658       0x3c ./SDK_1.0.3_NUCLEO-F401RE/shared/Middle/button/button.o
                0x0000000008001658                Button_SetMode
 .text.Button_RegisterEventCallback
                0x0000000008001694       0x28 ./SDK_1.0.3_NUCLEO-F401RE/shared/Middle/button/button.o
                0x0000000008001694                Button_RegisterEventCallback
 .text.Button_GetLogicInputPin
                0x00000000080016bc       0x3c ./SDK_1.0.3_NUCLEO-F401RE/shared/Middle/button/button.o
                0x00000000080016bc                Button_GetLogicInputPin
 .text.ButtonScanTypeEdge
                0x00000000080016f8      0x200 ./SDK_1.0.3_NUCLEO-F401RE/shared/Middle/button/button.o
 .text.ButtonScan
                0x00000000080018f8       0x4c ./SDK_1.0.3_NUCLEO-F401RE/shared/Middle/button/button.o
 .text.BTNGPIO_Init
                0x0000000008001944       0x6c ./SDK_1.0.3_NUCLEO-F401RE/shared/Middle/button/button.o
 .text.EventButton_Init
                0x00000000080019b0       0x6c ./SDK_1.0.3_NUCLEO-F401RE/shared/Middle/button/eventbutton.o
                0x00000000080019b0                EventButton_Init
 .text.ButtonProcessEventEdge
                0x0000000008001a1c       0x34 ./SDK_1.0.3_NUCLEO-F401RE/shared/Middle/button/eventbutton.o
 .text.ButtonProcessEventPress
                0x0000000008001a50       0x48 ./SDK_1.0.3_NUCLEO-F401RE/shared/Middle/button/eventbutton.o
 .text.ButtonProcessEventHold
                0x0000000008001a98       0x5e ./SDK_1.0.3_NUCLEO-F401RE/shared/Middle/button/eventbutton.o
 .text.ButtonProcessEventRelease
                0x0000000008001af6       0x5e ./SDK_1.0.3_NUCLEO-F401RE/shared/Middle/button/eventbutton.o
 .text.LedControl_Init
                0x0000000008001b54       0x10 ./SDK_1.0.3_NUCLEO-F401RE/shared/Middle/led/led.o
                0x0000000008001b54                LedControl_Init
 .text.LEDGPIO_Config
                0x0000000008001b64       0x94 ./SDK_1.0.3_NUCLEO-F401RE/shared/Middle/led/led.o
 .text.LEDTIM_Config
                0x0000000008001bf8       0xec ./SDK_1.0.3_NUCLEO-F401RE/shared/Middle/led/led.o
 .text.EventSchedulerInit
                0x0000000008001ce4       0x38 ./SDK_1.0.3_NUCLEO-F401RE/shared/Middle/rtos/eventman.o
                0x0000000008001ce4                EventSchedulerInit
 .text.EventSchedulerAdd
                0x0000000008001d1c       0x2c ./SDK_1.0.3_NUCLEO-F401RE/shared/Middle/rtos/eventman.o
                0x0000000008001d1c                EventSchedulerAdd
 .text.processEventScheduler
                0x0000000008001d48       0x38 ./SDK_1.0.3_NUCLEO-F401RE/shared/Middle/rtos/eventman.o
                0x0000000008001d48                processEventScheduler
 .text.NVIC_SetPriority
                0x0000000008001d80       0x54 ./SDK_1.0.3_NUCLEO-F401RE/shared/Middle/rtos/timer.o
 .text.SysTick_Config
                0x0000000008001dd4       0x44 ./SDK_1.0.3_NUCLEO-F401RE/shared/Middle/rtos/timer.o
 .text.TimerInit
                0x0000000008001e18       0x44 ./SDK_1.0.3_NUCLEO-F401RE/shared/Middle/rtos/timer.o
                0x0000000008001e18                TimerInit
 .text.TimerStart
                0x0000000008001e5c       0xc4 ./SDK_1.0.3_NUCLEO-F401RE/shared/Middle/rtos/timer.o
                0x0000000008001e5c                TimerStart
 .text.TimerStop
                0x0000000008001f20       0xa0 ./SDK_1.0.3_NUCLEO-F401RE/shared/Middle/rtos/timer.o
                0x0000000008001f20                TimerStop
 .text.GetMilSecTick
                0x0000000008001fc0       0x18 ./SDK_1.0.3_NUCLEO-F401RE/shared/Middle/rtos/timer.o
                0x0000000008001fc0                GetMilSecTick
 .text.processTimerScheduler
                0x0000000008001fd8       0xf4 ./SDK_1.0.3_NUCLEO-F401RE/shared/Middle/rtos/timer.o
                0x0000000008001fd8                processTimerScheduler
 .text.TimeExpired
                0x00000000080020cc       0xd4 ./SDK_1.0.3_NUCLEO-F401RE/shared/Middle/rtos/timer.o
 .text.SysTick_Handler
                0x00000000080021a0       0x1c ./SDK_1.0.3_NUCLEO-F401RE/shared/Middle/rtos/timer.o
                0x00000000080021a0                SysTick_Handler
 .text.LightSensor_Init
                0x00000000080021bc      0x160 ./SDK_1.0.3_NUCLEO-F401RE/shared/Middle/sensor/lightsensor.o
                0x00000000080021bc                LightSensor_Init
 .text.LightSensor_MeasureUseDMAMode
                0x000000000800231c       0x18 ./SDK_1.0.3_NUCLEO-F401RE/shared/Middle/sensor/lightsensor.o
                0x000000000800231c                LightSensor_MeasureUseDMAMode
 .text.USART2_IRQHandler
                0x0000000008002334       0x54 ./SDK_1.0.3_NUCLEO-F401RE/shared/Middle/serial/serial.o
                0x0000000008002334                USART2_IRQHandler
 .text.delayMicroseconds
                0x0000000008002388       0x14 ./SDK_1.0.3_NUCLEO-F401RE/shared/Middle/ucglib/Ucglib.o
 .text.ucg_gpio_init
                0x000000000800239c       0x60 ./SDK_1.0.3_NUCLEO-F401RE/shared/Middle/ucglib/Ucglib.o
 .text.ucg_com_arduino_send_generic_SW_SPI
                0x00000000080023fc       0x74 ./SDK_1.0.3_NUCLEO-F401RE/shared/Middle/ucglib/Ucglib.o
 .text.ucg_com_arduino_generic_SW_SPI
                0x0000000008002470      0x1ec ./SDK_1.0.3_NUCLEO-F401RE/shared/Middle/ucglib/Ucglib.o
 .text.Ucglib4WireSWSPI_begin
                0x000000000800265c       0x38 ./SDK_1.0.3_NUCLEO-F401RE/shared/Middle/ucglib/Ucglib.o
                0x000000000800265c                Ucglib4WireSWSPI_begin
 .text.ucg_DrawBox
                0x0000000008002694       0x58 ./SDK_1.0.3_NUCLEO-F401RE/shared/Middle/ucglib/ucg_box.o
                0x0000000008002694                ucg_DrawBox
 .text.ucg_ClearScreen
                0x00000000080026ec       0x50 ./SDK_1.0.3_NUCLEO-F401RE/shared/Middle/ucglib/ucg_box.o
                0x00000000080026ec                ucg_ClearScreen
 .text.ucg_DrawFrame
                0x000000000800273c       0x9a ./SDK_1.0.3_NUCLEO-F401RE/shared/Middle/ucglib/ucg_box.o
                0x000000000800273c                ucg_DrawFrame
 .text.ucg_ccs_init
                0x00000000080027d6       0xc0 ./SDK_1.0.3_NUCLEO-F401RE/shared/Middle/ucglib/ucg_ccs.o
                0x00000000080027d6                ucg_ccs_init
 .text.ucg_ccs_step
                0x0000000008002896       0x80 ./SDK_1.0.3_NUCLEO-F401RE/shared/Middle/ucglib/ucg_ccs.o
                0x0000000008002896                ucg_ccs_step
 .text.ucg_ccs_seek
                0x0000000008002916       0xca ./SDK_1.0.3_NUCLEO-F401RE/shared/Middle/ucglib/ucg_ccs.o
                0x0000000008002916                ucg_ccs_seek
 .text.ucg_clip_is_x_visible
                0x00000000080029e0       0x4a ./SDK_1.0.3_NUCLEO-F401RE/shared/Middle/ucglib/ucg_clip.o
 .text.ucg_clip_is_y_visible
                0x0000000008002a2a       0x4a ./SDK_1.0.3_NUCLEO-F401RE/shared/Middle/ucglib/ucg_clip.o
 .text.ucg_clip_intersection
                0x0000000008002a74       0x74 ./SDK_1.0.3_NUCLEO-F401RE/shared/Middle/ucglib/ucg_clip.o
 .text.ucg_clip_is_pixel_visible
                0x0000000008002ae8       0x32 ./SDK_1.0.3_NUCLEO-F401RE/shared/Middle/ucglib/ucg_clip.o
                0x0000000008002ae8                ucg_clip_is_pixel_visible
 *fill*         0x0000000008002b1a        0x2 
 .text.ucg_clip_l90fx
                0x0000000008002b1c      0x300 ./SDK_1.0.3_NUCLEO-F401RE/shared/Middle/ucglib/ucg_clip.o
                0x0000000008002b1c                ucg_clip_l90fx
 .text.ucg_clip_l90se
                0x0000000008002e1c       0x54 ./SDK_1.0.3_NUCLEO-F401RE/shared/Middle/ucglib/ucg_clip.o
                0x0000000008002e1c                ucg_clip_l90se
 .text.ucg_com_PowerDown
                0x0000000008002e70       0x3e ./SDK_1.0.3_NUCLEO-F401RE/shared/Middle/ucglib/ucg_com_msg_api.o
                0x0000000008002e70                ucg_com_PowerDown
 .text.ucg_com_PowerUp
                0x0000000008002eae       0x60 ./SDK_1.0.3_NUCLEO-F401RE/shared/Middle/ucglib/ucg_com_msg_api.o
                0x0000000008002eae                ucg_com_PowerUp
 .text.ucg_com_SetLineStatus
                0x0000000008002f0e       0xe2 ./SDK_1.0.3_NUCLEO-F401RE/shared/Middle/ucglib/ucg_com_msg_api.o
                0x0000000008002f0e                ucg_com_SetLineStatus
 .text.ucg_com_SetResetLineStatus
                0x0000000008002ff0       0x20 ./SDK_1.0.3_NUCLEO-F401RE/shared/Middle/ucglib/ucg_com_msg_api.o
                0x0000000008002ff0                ucg_com_SetResetLineStatus
 .text.ucg_com_SetCSLineStatus
                0x0000000008003010       0x20 ./SDK_1.0.3_NUCLEO-F401RE/shared/Middle/ucglib/ucg_com_msg_api.o
                0x0000000008003010                ucg_com_SetCSLineStatus
 .text.ucg_com_SetCDLineStatus
                0x0000000008003030       0x20 ./SDK_1.0.3_NUCLEO-F401RE/shared/Middle/ucglib/ucg_com_msg_api.o
                0x0000000008003030                ucg_com_SetCDLineStatus
 .text.ucg_com_DelayMicroseconds
                0x0000000008003050       0x22 ./SDK_1.0.3_NUCLEO-F401RE/shared/Middle/ucglib/ucg_com_msg_api.o
                0x0000000008003050                ucg_com_DelayMicroseconds
 .text.ucg_com_DelayMilliseconds
                0x0000000008003072       0x2e ./SDK_1.0.3_NUCLEO-F401RE/shared/Middle/ucglib/ucg_com_msg_api.o
                0x0000000008003072                ucg_com_DelayMilliseconds
 .text.ucg_com_SendByte
                0x00000000080030a0       0x24 ./SDK_1.0.3_NUCLEO-F401RE/shared/Middle/ucglib/ucg_com_msg_api.o
                0x00000000080030a0                ucg_com_SendByte
 .text.ucg_com_SendStringP
                0x00000000080030c4       0x42 ./SDK_1.0.3_NUCLEO-F401RE/shared/Middle/ucglib/ucg_com_msg_api.o
                0x00000000080030c4                ucg_com_SendStringP
 .text.ucg_com_SendCmdArg
                0x0000000008003106       0x74 ./SDK_1.0.3_NUCLEO-F401RE/shared/Middle/ucglib/ucg_com_msg_api.o
 *fill*         0x000000000800317a        0x2 
 .text.ucg_com_SendCmdSeq
                0x000000000800317c      0x27c ./SDK_1.0.3_NUCLEO-F401RE/shared/Middle/ucglib/ucg_com_msg_api.o
                0x000000000800317c                ucg_com_SendCmdSeq
 .text.ucg_dev_default_cb
                0x00000000080033f8       0x44 ./SDK_1.0.3_NUCLEO-F401RE/shared/Middle/ucglib/ucg_dev_default_cb.o
                0x00000000080033f8                ucg_dev_default_cb
 .text.ucg_ext_none
                0x000000000800343c       0x1c ./SDK_1.0.3_NUCLEO-F401RE/shared/Middle/ucglib/ucg_dev_default_cb.o
                0x000000000800343c                ucg_ext_none
 .text.ucg_handle_st7735_l90fx
                0x0000000008003458       0xdc ./SDK_1.0.3_NUCLEO-F401RE/shared/Middle/ucglib/ucg_dev_ic_st7735.o
                0x0000000008003458                ucg_handle_st7735_l90fx
 .text.ucg_handle_st7735_l90se
                0x0000000008003534      0x15c ./SDK_1.0.3_NUCLEO-F401RE/shared/Middle/ucglib/ucg_dev_ic_st7735.o
                0x0000000008003534                ucg_handle_st7735_l90se
 .text.ucg_dev_ic_st7735_18
                0x0000000008003690       0xf8 ./SDK_1.0.3_NUCLEO-F401RE/shared/Middle/ucglib/ucg_dev_ic_st7735.o
                0x0000000008003690                ucg_dev_ic_st7735_18
 .text.ucg_ext_st7735_18
                0x0000000008003788       0x28 ./SDK_1.0.3_NUCLEO-F401RE/shared/Middle/ucglib/ucg_dev_ic_st7735.o
                0x0000000008003788                ucg_ext_st7735_18
 .text.ucg_PowerDown
                0x00000000080037b0       0x34 ./SDK_1.0.3_NUCLEO-F401RE/shared/Middle/ucglib/ucg_dev_msg_api.o
                0x00000000080037b0                ucg_PowerDown
 .text.ucg_PowerUp
                0x00000000080037e4       0x3c ./SDK_1.0.3_NUCLEO-F401RE/shared/Middle/ucglib/ucg_dev_msg_api.o
                0x00000000080037e4                ucg_PowerUp
 .text.ucg_SetClipBox
                0x0000000008003820       0x1e ./SDK_1.0.3_NUCLEO-F401RE/shared/Middle/ucglib/ucg_dev_msg_api.o
                0x0000000008003820                ucg_SetClipBox
 .text.ucg_SetMaxClipRange
                0x000000000800383e       0x30 ./SDK_1.0.3_NUCLEO-F401RE/shared/Middle/ucglib/ucg_dev_msg_api.o
                0x000000000800383e                ucg_SetMaxClipRange
 .text.ucg_GetDimension
                0x000000000800386e       0x24 ./SDK_1.0.3_NUCLEO-F401RE/shared/Middle/ucglib/ucg_dev_msg_api.o
                0x000000000800386e                ucg_GetDimension
 .text.ucg_DrawL90FXWithArg
                0x0000000008003892       0x1e ./SDK_1.0.3_NUCLEO-F401RE/shared/Middle/ucglib/ucg_dev_msg_api.o
                0x0000000008003892                ucg_DrawL90FXWithArg
 .text.ucg_dev_st7735_18x128x128
                0x00000000080038b0       0x88 ./SDK_1.0.3_NUCLEO-F401RE/shared/Middle/ucglib/ucg_dev_tft_128x128_st7735.o
                0x00000000080038b0                ucg_dev_st7735_18x128x128
 .text.ucg_font_get_byte
                0x0000000008003938       0x24 ./SDK_1.0.3_NUCLEO-F401RE/shared/Middle/ucglib/ucg_font.o
 .text.ucg_font_get_word
                0x000000000800395c       0x40 ./SDK_1.0.3_NUCLEO-F401RE/shared/Middle/ucglib/ucg_font.o
 .text.ucg_read_font_info
                0x000000000800399c      0x142 ./SDK_1.0.3_NUCLEO-F401RE/shared/Middle/ucglib/ucg_font.o
                0x000000000800399c                ucg_read_font_info
 .text.ucg_font_decode_get_unsigned_bits
                0x0000000008003ade       0x96 ./SDK_1.0.3_NUCLEO-F401RE/shared/Middle/ucglib/ucg_font.o
                0x0000000008003ade                ucg_font_decode_get_unsigned_bits
 .text.ucg_font_decode_get_signed_bits
                0x0000000008003b74       0x46 ./SDK_1.0.3_NUCLEO-F401RE/shared/Middle/ucglib/ucg_font.o
                0x0000000008003b74                ucg_font_decode_get_signed_bits
 .text.ucg_add_vector_y
                0x0000000008003bba       0x80 ./SDK_1.0.3_NUCLEO-F401RE/shared/Middle/ucglib/ucg_font.o
 .text.ucg_add_vector_x
                0x0000000008003c3a       0x80 ./SDK_1.0.3_NUCLEO-F401RE/shared/Middle/ucglib/ucg_font.o
 .text.ucg_font_decode_len
                0x0000000008003cba      0x114 ./SDK_1.0.3_NUCLEO-F401RE/shared/Middle/ucglib/ucg_font.o
                0x0000000008003cba                ucg_font_decode_len
 .text.ucg_font_setup_decode
                0x0000000008003dce       0x64 ./SDK_1.0.3_NUCLEO-F401RE/shared/Middle/ucglib/ucg_font.o
 .text.ucg_font_decode_glyph
                0x0000000008003e32      0x14c ./SDK_1.0.3_NUCLEO-F401RE/shared/Middle/ucglib/ucg_font.o
                0x0000000008003e32                ucg_font_decode_glyph
 .text.ucg_font_get_glyph_data
                0x0000000008003f7e       0x7a ./SDK_1.0.3_NUCLEO-F401RE/shared/Middle/ucglib/ucg_font.o
                0x0000000008003f7e                ucg_font_get_glyph_data
 .text.ucg_font_draw_glyph
                0x0000000008003ff8       0x62 ./SDK_1.0.3_NUCLEO-F401RE/shared/Middle/ucglib/ucg_font.o
                0x0000000008003ff8                ucg_font_draw_glyph
 .text.ucg_SetFontMode
                0x000000000800405a       0x20 ./SDK_1.0.3_NUCLEO-F401RE/shared/Middle/ucglib/ucg_font.o
                0x000000000800405a                ucg_SetFontMode
 *fill*         0x000000000800407a        0x2 
 .text.ucg_DrawGlyph
                0x000000000800407c       0xb0 ./SDK_1.0.3_NUCLEO-F401RE/shared/Middle/ucglib/ucg_font.o
                0x000000000800407c                ucg_DrawGlyph
 .text.task_drawString
                0x000000000800412c      0x138 ./SDK_1.0.3_NUCLEO-F401RE/shared/Middle/ucglib/ucg_font.o
                0x000000000800412c                task_drawString
 .text.ucg_DrawString
                0x0000000008004264       0x78 ./SDK_1.0.3_NUCLEO-F401RE/shared/Middle/ucglib/ucg_font.o
                0x0000000008004264                ucg_DrawString
 .text.ucg_UpdateRefHeight
                0x00000000080042dc       0xd8 ./SDK_1.0.3_NUCLEO-F401RE/shared/Middle/ucglib/ucg_font.o
                0x00000000080042dc                ucg_UpdateRefHeight
 .text.ucg_font_calc_vref_font
                0x00000000080043b4       0x16 ./SDK_1.0.3_NUCLEO-F401RE/shared/Middle/ucglib/ucg_font.o
                0x00000000080043b4                ucg_font_calc_vref_font
 *fill*         0x00000000080043ca        0x2 
 .text.ucg_SetFontPosBaseline
                0x00000000080043cc       0x20 ./SDK_1.0.3_NUCLEO-F401RE/shared/Middle/ucglib/ucg_font.o
                0x00000000080043cc                ucg_SetFontPosBaseline
 .text.ucg_SetFont
                0x00000000080043ec       0x4c ./SDK_1.0.3_NUCLEO-F401RE/shared/Middle/ucglib/ucg_font.o
                0x00000000080043ec                ucg_SetFont
 .text.ucg_init_struct
                0x0000000008004438       0x50 ./SDK_1.0.3_NUCLEO-F401RE/shared/Middle/ucglib/ucg_init.o
                0x0000000008004438                ucg_init_struct
 .text.ucg_Init
                0x0000000008004488       0x5c ./SDK_1.0.3_NUCLEO-F401RE/shared/Middle/ucglib/ucg_init.o
                0x0000000008004488                ucg_Init
 .text.ucg_Draw90Line
                0x00000000080044e4       0x88 ./SDK_1.0.3_NUCLEO-F401RE/shared/Middle/ucglib/ucg_line.o
                0x00000000080044e4                ucg_Draw90Line
 .text.ucg_DrawHLine
                0x000000000800456c       0x3c ./SDK_1.0.3_NUCLEO-F401RE/shared/Middle/ucglib/ucg_line.o
                0x000000000800456c                ucg_DrawHLine
 .text.ucg_DrawVLine
                0x00000000080045a8       0x3c ./SDK_1.0.3_NUCLEO-F401RE/shared/Middle/ucglib/ucg_line.o
                0x00000000080045a8                ucg_DrawVLine
 .text.ucg_SetColor
                0x00000000080045e4       0x5c ./SDK_1.0.3_NUCLEO-F401RE/shared/Middle/ucglib/ucg_pixel.o
                0x00000000080045e4                ucg_SetColor
 .text.ucg_UndoRotate
                0x0000000008004640       0x32 ./SDK_1.0.3_NUCLEO-F401RE/shared/Middle/ucglib/ucg_rotate.o
                0x0000000008004640                ucg_UndoRotate
 .text.ucg_rotate_180_xy
                0x0000000008004672       0x66 ./SDK_1.0.3_NUCLEO-F401RE/shared/Middle/ucglib/ucg_rotate.o
 .text.ucg_dev_rotate180
                0x00000000080046d8      0x100 ./SDK_1.0.3_NUCLEO-F401RE/shared/Middle/ucglib/ucg_rotate.o
                0x00000000080046d8                ucg_dev_rotate180
 .text.ucg_SetRotate180
                0x00000000080047d8       0x34 ./SDK_1.0.3_NUCLEO-F401RE/shared/Middle/ucglib/ucg_rotate.o
                0x00000000080047d8                ucg_SetRotate180
 .text.bufInit  0x000000000800480c       0x36 ./SDK_1.0.3_NUCLEO-F401RE/shared/Utilities/buff.o
                0x000000000800480c                bufInit
 .text.bufNumItems
                0x0000000008004842       0x18 ./SDK_1.0.3_NUCLEO-F401RE/shared/Utilities/buff.o
                0x0000000008004842                bufNumItems
 .text.bufIsFull
                0x000000000800485a       0x26 ./SDK_1.0.3_NUCLEO-F401RE/shared/Utilities/buff.o
                0x000000000800485a                bufIsFull
 .text.bufIsEmpty
                0x0000000008004880       0x26 ./SDK_1.0.3_NUCLEO-F401RE/shared/Utilities/buff.o
                0x0000000008004880                bufIsEmpty
 .text.bufFlush
                0x00000000080048a6       0x32 ./SDK_1.0.3_NUCLEO-F401RE/shared/Utilities/buff.o
                0x00000000080048a6                bufFlush
 .text.bufEnDat
                0x00000000080048d8       0xa0 ./SDK_1.0.3_NUCLEO-F401RE/shared/Utilities/buff.o
                0x00000000080048d8                bufEnDat
 .text.bufDeDat
                0x0000000008004978       0x8a ./SDK_1.0.3_NUCLEO-F401RE/shared/Utilities/buff.o
                0x0000000008004978                bufDeDat
 .text.memsetl  0x0000000008004a02       0x34 ./SDK_1.0.3_NUCLEO-F401RE/shared/Utilities/utilities.o
                0x0000000008004a02                memsetl
 .text.main     0x0000000008004a36       0x66 ./Src/main.o
                0x0000000008004a36                main
 .text.AppInitCommon
                0x0000000008004a9c       0xb8 ./Src/main.o
 .text.GetStateApp
                0x0000000008004b54       0x18 ./Src/main.o
 .text.SetStateApp
                0x0000000008004b6c       0x20 ./Src/main.o
 .text.AppStateManager
                0x0000000008004b8c       0x50 ./Src/main.o
 .text.LoadConfiguration
                0x0000000008004bdc       0x74 ./Src/main.o
 .text.SetupPrg
                0x0000000008004c50       0x74 ./Src/main.o
                0x0000000008004c50                SetupPrg
 .text.snake_init
                0x0000000008004cc4       0x7e ./Src/main.o
                0x0000000008004cc4                snake_init
 *fill*         0x0000000008004d42        0x2 
 .text.platform_init_randomizer
                0x0000000008004d44       0x34 ./Src/main.o
 .text.platform_get_control
                0x0000000008004d78      0x11c ./Src/main.o
                0x0000000008004d78                platform_get_control
 .text.snake_move
                0x0000000008004e94      0x344 ./Src/main.o
                0x0000000008004e94                snake_move
 .text.DeviceStateMachine
                0x00000000080051d8       0x1c ./Src/main.o
                0x00000000080051d8                DeviceStateMachine
 .text.Reset_Handler
                0x00000000080051f4       0x50 ./Startup/startup_stm32f401retx.o
                0x00000000080051f4                Reset_Handler
 .text.Default_Handler
                0x0000000008005244        0x2 ./Startup/startup_stm32f401retx.o
                0x0000000008005244                EXTI2_IRQHandler
                0x0000000008005244                DebugMon_Handler
                0x0000000008005244                SPI4_IRQHandler
                0x0000000008005244                TIM1_CC_IRQHandler
                0x0000000008005244                DMA2_Stream5_IRQHandler
                0x0000000008005244                HardFault_Handler
                0x0000000008005244                DMA1_Stream5_IRQHandler
                0x0000000008005244                SDIO_IRQHandler
                0x0000000008005244                TAMP_STAMP_IRQHandler
                0x0000000008005244                PendSV_Handler
                0x0000000008005244                NMI_Handler
                0x0000000008005244                EXTI3_IRQHandler
                0x0000000008005244                TIM1_UP_TIM10_IRQHandler
                0x0000000008005244                I2C3_ER_IRQHandler
                0x0000000008005244                EXTI18_OTG_FS_WKUP_IRQHandler
                0x0000000008005244                EXTI0_IRQHandler
                0x0000000008005244                I2C2_EV_IRQHandler
                0x0000000008005244                DMA1_Stream2_IRQHandler
                0x0000000008005244                UsageFault_Handler
                0x0000000008005244                DMA2_Stream2_IRQHandler
                0x0000000008005244                SPI1_IRQHandler
                0x0000000008005244                TIM1_BRK_TIM9_IRQHandler
                0x0000000008005244                DMA2_Stream3_IRQHandler
                0x0000000008005244                USART6_IRQHandler
                0x0000000008005244                DMA2_Stream0_IRQHandler
                0x0000000008005244                TIM4_IRQHandler
                0x0000000008005244                I2C1_EV_IRQHandler
                0x0000000008005244                DMA1_Stream6_IRQHandler
                0x0000000008005244                DMA1_Stream1_IRQHandler
                0x0000000008005244                TIM3_IRQHandler
                0x0000000008005244                RCC_IRQHandler
                0x0000000008005244                Default_Handler
                0x0000000008005244                EXTI15_10_IRQHandler
                0x0000000008005244                ADC_IRQHandler
                0x0000000008005244                DMA1_Stream7_IRQHandler
                0x0000000008005244                TIM5_IRQHandler
                0x0000000008005244                DMA2_Stream7_IRQHandler
                0x0000000008005244                I2C3_EV_IRQHandler
                0x0000000008005244                EXTI9_5_IRQHandler
                0x0000000008005244                SPI2_IRQHandler
                0x0000000008005244                MemManage_Handler
                0x0000000008005244                DMA1_Stream0_IRQHandler
                0x0000000008005244                SVC_Handler
                0x0000000008005244                EXTI4_IRQHandler
                0x0000000008005244                EXTI22_RTC_WKUP_IRQHandler
                0x0000000008005244                TIM2_IRQHandler
                0x0000000008005244                EXTI16_PVD_IRQHandler
                0x0000000008005244                TIM1_TRG_COM_TIM11_IRQHandler
                0x0000000008005244                EXTI1_IRQHandler
                0x0000000008005244                EXTI17_RTC_Alarm_IRQHandler
                0x0000000008005244                I2C2_ER_IRQHandler
                0x0000000008005244                DMA2_Stream1_IRQHandler
                0x0000000008005244                FLASH_IRQHandler
                0x0000000008005244                DMA2_Stream4_IRQHandler
                0x0000000008005244                BusFault_Handler
                0x0000000008005244                USART1_IRQHandler
                0x0000000008005244                OTG_FS_IRQHandler
                0x0000000008005244                SPI3_IRQHandler
                0x0000000008005244                DMA1_Stream4_IRQHandler
                0x0000000008005244                I2C1_ER_IRQHandler
                0x0000000008005244                DMA2_Stream6_IRQHandler
                0x0000000008005244                DMA1_Stream3_IRQHandler
 *fill*         0x0000000008005246        0x2 
 .text.__libc_init_array
                0x0000000008005248       0x48 c:/st/stm32cubeide_1.12.1/stm32cubeide/plugins/com.st.stm32cube.ide.mcu.externaltools.gnu-tools-for-stm32.10.3-2021.10.win32_1.0.200.202301161003/tools/bin/../lib/gcc/arm-none-eabi/10.3.1/../../../../arm-none-eabi/lib/thumb/v7e-m+fp/hard\libc_nano.a(lib_a-init.o)
                0x0000000008005248                __libc_init_array
 .text.memcpy   0x0000000008005290       0x1c c:/st/stm32cubeide_1.12.1/stm32cubeide/plugins/com.st.stm32cube.ide.mcu.externaltools.gnu-tools-for-stm32.10.3-2021.10.win32_1.0.200.202301161003/tools/bin/../lib/gcc/arm-none-eabi/10.3.1/../../../../arm-none-eabi/lib/thumb/v7e-m+fp/hard\libc_nano.a(lib_a-memcpy-stub.o)
                0x0000000008005290                memcpy
 .text.memset   0x00000000080052ac       0x10 c:/st/stm32cubeide_1.12.1/stm32cubeide/plugins/com.st.stm32cube.ide.mcu.externaltools.gnu-tools-for-stm32.10.3-2021.10.win32_1.0.200.202301161003/tools/bin/../lib/gcc/arm-none-eabi/10.3.1/../../../../arm-none-eabi/lib/thumb/v7e-m+fp/hard\libc_nano.a(lib_a-memset.o)
                0x00000000080052ac                memset
 *(.glue_7)
 .glue_7        0x00000000080052bc        0x0 linker stubs
 *(.glue_7t)
 .glue_7t       0x00000000080052bc        0x0 linker stubs
 *(.eh_frame)
 .eh_frame      0x00000000080052bc        0x0 c:/st/stm32cubeide_1.12.1/stm32cubeide/plugins/com.st.stm32cube.ide.mcu.externaltools.gnu-tools-for-stm32.10.3-2021.10.win32_1.0.200.202301161003/tools/bin/../lib/gcc/arm-none-eabi/10.3.1/thumb/v7e-m+fp/hard/crtbegin.o
 *(.init)
 .init          0x00000000080052bc        0x4 c:/st/stm32cubeide_1.12.1/stm32cubeide/plugins/com.st.stm32cube.ide.mcu.externaltools.gnu-tools-for-stm32.10.3-2021.10.win32_1.0.200.202301161003/tools/bin/../lib/gcc/arm-none-eabi/10.3.1/thumb/v7e-m+fp/hard/crti.o
                0x00000000080052bc                _init
 .init          0x00000000080052c0        0x8 c:/st/stm32cubeide_1.12.1/stm32cubeide/plugins/com.st.stm32cube.ide.mcu.externaltools.gnu-tools-for-stm32.10.3-2021.10.win32_1.0.200.202301161003/tools/bin/../lib/gcc/arm-none-eabi/10.3.1/thumb/v7e-m+fp/hard/crtn.o
 *(.fini)
 .fini          0x00000000080052c8        0x4 c:/st/stm32cubeide_1.12.1/stm32cubeide/plugins/com.st.stm32cube.ide.mcu.externaltools.gnu-tools-for-stm32.10.3-2021.10.win32_1.0.200.202301161003/tools/bin/../lib/gcc/arm-none-eabi/10.3.1/thumb/v7e-m+fp/hard/crti.o
                0x00000000080052c8                _fini
 .fini          0x00000000080052cc        0x8 c:/st/stm32cubeide_1.12.1/stm32cubeide/plugins/com.st.stm32cube.ide.mcu.externaltools.gnu-tools-for-stm32.10.3-2021.10.win32_1.0.200.202301161003/tools/bin/../lib/gcc/arm-none-eabi/10.3.1/thumb/v7e-m+fp/hard/crtn.o
                0x00000000080052d4                . = ALIGN (0x4)
                0x00000000080052d4                _etext = .

.vfp11_veneer   0x00000000080052d4        0x0
 .vfp11_veneer  0x00000000080052d4        0x0 linker stubs

.v4_bx          0x00000000080052d4        0x0
 .v4_bx         0x00000000080052d4        0x0 linker stubs

.iplt           0x00000000080052d4        0x0
 .iplt          0x00000000080052d4        0x0 c:/st/stm32cubeide_1.12.1/stm32cubeide/plugins/com.st.stm32cube.ide.mcu.externaltools.gnu-tools-for-stm32.10.3-2021.10.win32_1.0.200.202301161003/tools/bin/../lib/gcc/arm-none-eabi/10.3.1/thumb/v7e-m+fp/hard/crtbegin.o

.rodata         0x00000000080052d4      0xc20
                0x00000000080052d4                . = ALIGN (0x4)
 *(.rodata)
 .rodata        0x00000000080052d4        0x1 ./SDK_1.0.3_NUCLEO-F401RE/shared/Middle/button/button.o
 *fill*         0x00000000080052d5        0x3 
 .rodata        0x00000000080052d8        0xf ./SDK_1.0.3_NUCLEO-F401RE/shared/Middle/ucglib/ucg_font.o
 *fill*         0x00000000080052e7        0x1 
 .rodata        0x00000000080052e8       0x41 ./Src/main.o
 *(.rodata*)
 *fill*         0x0000000008005329        0x3 
 .rodata.ucg_st7735_set_pos_seq
                0x000000000800532c       0x1e ./SDK_1.0.3_NUCLEO-F401RE/shared/Middle/ucglib/ucg_dev_ic_st7735.o
                0x000000000800532c                ucg_st7735_set_pos_seq
 *fill*         0x000000000800534a        0x2 
 .rodata.ucg_st7735_set_pos_dir0_seq
                0x000000000800534c       0x1e ./SDK_1.0.3_NUCLEO-F401RE/shared/Middle/ucglib/ucg_dev_ic_st7735.o
                0x000000000800534c                ucg_st7735_set_pos_dir0_seq
 *fill*         0x000000000800536a        0x2 
 .rodata.ucg_st7735_set_pos_dir1_seq
                0x000000000800536c       0x21 ./SDK_1.0.3_NUCLEO-F401RE/shared/Middle/ucglib/ucg_dev_ic_st7735.o
                0x000000000800536c                ucg_st7735_set_pos_dir1_seq
 *fill*         0x000000000800538d        0x3 
 .rodata.ucg_st7735_set_pos_dir2_seq
                0x0000000008005390       0x21 ./SDK_1.0.3_NUCLEO-F401RE/shared/Middle/ucglib/ucg_dev_ic_st7735.o
                0x0000000008005390                ucg_st7735_set_pos_dir2_seq
 *fill*         0x00000000080053b1        0x3 
 .rodata.ucg_st7735_set_pos_dir3_seq
                0x00000000080053b4       0x24 ./SDK_1.0.3_NUCLEO-F401RE/shared/Middle/ucglib/ucg_dev_ic_st7735.o
                0x00000000080053b4                ucg_st7735_set_pos_dir3_seq
 .rodata.ucg_st7735_power_down_seq
                0x00000000080053d8        0x7 ./SDK_1.0.3_NUCLEO-F401RE/shared/Middle/ucglib/ucg_dev_ic_st7735.o
 *fill*         0x00000000080053df        0x1 
 .rodata.ucg_tft_128x160_st7735_init_seq
                0x00000000080053e0       0x2c ./SDK_1.0.3_NUCLEO-F401RE/shared/Middle/ucglib/ucg_dev_tft_128x128_st7735.o
 .rodata.ucg_font_6x10_tr
                0x000000000800540c      0x3cb ./SDK_1.0.3_NUCLEO-F401RE/shared/Middle/ucglib/ucg_pixel_font_data.o
                0x000000000800540c                ucg_font_6x10_tr
 *fill*         0x00000000080057d7        0x1 
 .rodata.ucg_font_ncenR10_hr
                0x00000000080057d8      0x719 ./SDK_1.0.3_NUCLEO-F401RE/shared/Middle/ucglib/ucg_pixel_font_data.o
                0x00000000080057d8                ucg_font_ncenR10_hr
                0x0000000008005ef4                . = ALIGN (0x4)
 *fill*         0x0000000008005ef1        0x3 

.rel.dyn        0x0000000008005ef4        0x0
 .rel.iplt      0x0000000008005ef4        0x0 c:/st/stm32cubeide_1.12.1/stm32cubeide/plugins/com.st.stm32cube.ide.mcu.externaltools.gnu-tools-for-stm32.10.3-2021.10.win32_1.0.200.202301161003/tools/bin/../lib/gcc/arm-none-eabi/10.3.1/thumb/v7e-m+fp/hard/crtbegin.o

.ARM.extab      0x0000000008005ef4        0x0
                0x0000000008005ef4                . = ALIGN (0x4)
 *(.ARM.extab* .gnu.linkonce.armextab.*)
                0x0000000008005ef4                . = ALIGN (0x4)

.ARM            0x0000000008005ef4        0x0
                0x0000000008005ef4                . = ALIGN (0x4)
                0x0000000008005ef4                __exidx_start = .
 *(.ARM.exidx*)
                0x0000000008005ef4                __exidx_end = .
                0x0000000008005ef4                . = ALIGN (0x4)

.preinit_array  0x0000000008005ef4        0x0
                0x0000000008005ef4                . = ALIGN (0x4)
                0x0000000008005ef4                PROVIDE (__preinit_array_start = .)
 *(.preinit_array*)
                0x0000000008005ef4                PROVIDE (__preinit_array_end = .)
                0x0000000008005ef4                . = ALIGN (0x4)

.init_array     0x0000000008005ef4        0x4
                0x0000000008005ef4                . = ALIGN (0x4)
                0x0000000008005ef4                PROVIDE (__init_array_start = .)
 *(SORT_BY_NAME(.init_array.*))
 *(.init_array*)
 .init_array    0x0000000008005ef4        0x4 c:/st/stm32cubeide_1.12.1/stm32cubeide/plugins/com.st.stm32cube.ide.mcu.externaltools.gnu-tools-for-stm32.10.3-2021.10.win32_1.0.200.202301161003/tools/bin/../lib/gcc/arm-none-eabi/10.3.1/thumb/v7e-m+fp/hard/crtbegin.o
                0x0000000008005ef8                PROVIDE (__init_array_end = .)
                0x0000000008005ef8                . = ALIGN (0x4)

.fini_array     0x0000000008005ef8        0x4
                0x0000000008005ef8                . = ALIGN (0x4)
                [!provide]                        PROVIDE (__fini_array_start = .)
 *(SORT_BY_NAME(.fini_array.*))
 *(.fini_array*)
 .fini_array    0x0000000008005ef8        0x4 c:/st/stm32cubeide_1.12.1/stm32cubeide/plugins/com.st.stm32cube.ide.mcu.externaltools.gnu-tools-for-stm32.10.3-2021.10.win32_1.0.200.202301161003/tools/bin/../lib/gcc/arm-none-eabi/10.3.1/thumb/v7e-m+fp/hard/crtbegin.o
                [!provide]                        PROVIDE (__fini_array_end = .)
                0x0000000008005efc                . = ALIGN (0x4)
                0x0000000008005efc                _sidata = LOADADDR (.data)

.data           0x0000000020000000       0x58 load address 0x0000000008005efc
                0x0000000020000000                . = ALIGN (0x4)
                0x0000000020000000                _sdata = .
 *(.data)
 *(.data*)
 .data.SystemCoreClock
                0x0000000020000000        0x4 ./SDK_1.0.3_NUCLEO-F401RE/shared/Drivers/CMSIS/Source/system_stm32f4xx.o
                0x0000000020000000                SystemCoreClock
 .data.AHBPrescTable
                0x0000000020000004       0x10 ./SDK_1.0.3_NUCLEO-F401RE/shared/Drivers/CMSIS/Source/system_stm32f4xx.o
                0x0000000020000004                AHBPrescTable
 .data.APBAHBPrescTable
                0x0000000020000014       0x10 ./SDK_1.0.3_NUCLEO-F401RE/shared/Drivers/STM32F401RE_StdPeriph_Driver/src/stm32f401re_rcc.o
 .data.pinBtnPad
                0x0000000020000024       0x30 ./SDK_1.0.3_NUCLEO-F401RE/shared/Middle/button/button.o
 .data.idTaskScanButton
                0x0000000020000054        0x1 ./SDK_1.0.3_NUCLEO-F401RE/shared/Middle/button/button.o
 .data.idTaskScanDecodeLen
                0x0000000020000055        0x1 ./SDK_1.0.3_NUCLEO-F401RE/shared/Middle/ucglib/ucg_font.o
 .data.IdTimer  0x0000000020000056        0x1 ./Src/main.o
 .data.prev_direction.0
                0x0000000020000057        0x1 ./Src/main.o
 *(.RamFunc)
 *(.RamFunc*)
                0x0000000020000058                . = ALIGN (0x4)
                0x0000000020000058                _edata = .

.igot.plt       0x0000000020000058        0x0 load address 0x0000000008005f54
 .igot.plt      0x0000000020000058        0x0 c:/st/stm32cubeide_1.12.1/stm32cubeide/plugins/com.st.stm32cube.ide.mcu.externaltools.gnu-tools-for-stm32.10.3-2021.10.win32_1.0.200.202301161003/tools/bin/../lib/gcc/arm-none-eabi/10.3.1/thumb/v7e-m+fp/hard/crtbegin.o
                0x0000000020000058                . = ALIGN (0x4)

.bss            0x0000000020000058     0x14d8 load address 0x0000000008005f54
                0x0000000020000058                _sbss = .
                0x0000000020000058                __bss_start__ = _sbss
 *(.bss)
 .bss           0x0000000020000058       0x1c c:/st/stm32cubeide_1.12.1/stm32cubeide/plugins/com.st.stm32cube.ide.mcu.externaltools.gnu-tools-for-stm32.10.3-2021.10.win32_1.0.200.202301161003/tools/bin/../lib/gcc/arm-none-eabi/10.3.1/thumb/v7e-m+fp/hard/crtbegin.o
 *(.bss*)
 .bss.kpad      0x0000000020000074       0x78 ./SDK_1.0.3_NUCLEO-F401RE/shared/Middle/button/button.o
 .bss.pEventCallbacks
                0x00000000200000ec       0x10 ./SDK_1.0.3_NUCLEO-F401RE/shared/Middle/button/button.o
 .bss.pAppStateFunc
                0x00000000200000fc        0x4 ./SDK_1.0.3_NUCLEO-F401RE/shared/Middle/rtos/eventman.o
 .bss.pBuffEvent
                0x0000000020000100      0x100 ./SDK_1.0.3_NUCLEO-F401RE/shared/Middle/rtos/eventman.o
 .bss.eventQueue
                0x0000000020000200       0x10 ./SDK_1.0.3_NUCLEO-F401RE/shared/Middle/rtos/eventman.o
 .bss.g_pTimerHandle
                0x0000000020000210      0x180 ./SDK_1.0.3_NUCLEO-F401RE/shared/Middle/rtos/timer.o
 .bss.g_wMilSecTickTimer
                0x0000000020000390        0x4 ./SDK_1.0.3_NUCLEO-F401RE/shared/Middle/rtos/timer.o
 .bss.uhADCConvertedValue
                0x0000000020000394        0x2 ./SDK_1.0.3_NUCLEO-F401RE/shared/Middle/sensor/lightsensor.o
 *fill*         0x0000000020000396        0x2 
 .bss.g_pUartQueueRx
                0x0000000020000398        0x8 ./SDK_1.0.3_NUCLEO-F401RE/shared/Middle/serial/serial.o
 .bss.fontQueue
                0x00000000200003a0       0x10 ./SDK_1.0.3_NUCLEO-F401RE/shared/Middle/ucglib/ucg_font.o
 .bss.pQueueFont
                0x00000000200003b0     0x1000 ./SDK_1.0.3_NUCLEO-F401RE/shared/Middle/ucglib/ucg_font.o
 .bss.ucg_draw_str
                0x00000000200013b0        0xc ./SDK_1.0.3_NUCLEO-F401RE/shared/Middle/ucglib/ucg_font.o
                0x00000000200013b0                ucg_draw_str
 .bss.next.0    0x00000000200013bc        0x1 ./SDK_1.0.3_NUCLEO-F401RE/shared/Middle/ucglib/ucg_font.o
 *fill*         0x00000000200013bd        0x3 
 .bss.ucg       0x00000000200013c0       0xb4 ./Src/main.o
 .bss.ucg1      0x0000000020001474       0xb4 ./Src/main.o
 .bss.eCurrentState
                0x0000000020001528        0x1 ./Src/main.o
                0x0000000020001528                eCurrentState
 *fill*         0x0000000020001529        0x1 
 .bss.gRandSeed
                0x000000002000152a        0x2 ./Src/main.o
 .bss.extKeyBoardButton
                0x000000002000152c        0x1 ./Src/main.o
                0x000000002000152c                extKeyBoardButton
 *(COMMON)
                0x0000000020001530                . = ALIGN (0x4)
 *fill*         0x000000002000152d        0x3 
                0x0000000020001530                _ebss = .
                0x0000000020001530                __bss_end__ = _ebss

._user_heap_stack
                0x0000000020001530      0x600 load address 0x0000000008005f54
                0x0000000020001530                . = ALIGN (0x8)
                [!provide]                        PROVIDE (end = .)
                0x0000000020001530                PROVIDE (_end = .)
                0x0000000020001730                . = (. + _Min_Heap_Size)
 *fill*         0x0000000020001530      0x200 
                0x0000000020001b30                . = (. + _Min_Stack_Size)
 *fill*         0x0000000020001730      0x400 
                0x0000000020001b30                . = ALIGN (0x8)

/DISCARD/
 libc.a(*)
 libm.a(*)
 libgcc.a(*)

.ARM.attributes
                0x0000000000000000       0x30
 *(.ARM.attributes)
 .ARM.attributes
                0x0000000000000000       0x1e c:/st/stm32cubeide_1.12.1/stm32cubeide/plugins/com.st.stm32cube.ide.mcu.externaltools.gnu-tools-for-stm32.10.3-2021.10.win32_1.0.200.202301161003/tools/bin/../lib/gcc/arm-none-eabi/10.3.1/thumb/v7e-m+fp/hard/crti.o
 .ARM.attributes
                0x000000000000001e       0x34 c:/st/stm32cubeide_1.12.1/stm32cubeide/plugins/com.st.stm32cube.ide.mcu.externaltools.gnu-tools-for-stm32.10.3-2021.10.win32_1.0.200.202301161003/tools/bin/../lib/gcc/arm-none-eabi/10.3.1/thumb/v7e-m+fp/hard/crtbegin.o
 .ARM.attributes
                0x0000000000000052       0x34 ./SDK_1.0.3_NUCLEO-F401RE/shared/Drivers/CMSIS/Source/system_stm32f4xx.o
 .ARM.attributes
                0x0000000000000086       0x34 ./SDK_1.0.3_NUCLEO-F401RE/shared/Drivers/STM32F401RE_StdPeriph_Driver/src/stm32f401re_adc.o
 .ARM.attributes
                0x00000000000000ba       0x34 ./SDK_1.0.3_NUCLEO-F401RE/shared/Drivers/STM32F401RE_StdPeriph_Driver/src/stm32f401re_dma.o
 .ARM.attributes
                0x00000000000000ee       0x34 ./SDK_1.0.3_NUCLEO-F401RE/shared/Drivers/STM32F401RE_StdPeriph_Driver/src/stm32f401re_gpio.o
 .ARM.attributes
                0x0000000000000122       0x34 ./SDK_1.0.3_NUCLEO-F401RE/shared/Drivers/STM32F401RE_StdPeriph_Driver/src/stm32f401re_rcc.o
 .ARM.attributes
                0x0000000000000156       0x34 ./SDK_1.0.3_NUCLEO-F401RE/shared/Drivers/STM32F401RE_StdPeriph_Driver/src/stm32f401re_tim.o
 .ARM.attributes
                0x000000000000018a       0x34 ./SDK_1.0.3_NUCLEO-F401RE/shared/Drivers/STM32F401RE_StdPeriph_Driver/src/stm32f401re_usart.o
 .ARM.attributes
                0x00000000000001be       0x34 ./SDK_1.0.3_NUCLEO-F401RE/shared/Middle/button/button.o
 .ARM.attributes
                0x00000000000001f2       0x34 ./SDK_1.0.3_NUCLEO-F401RE/shared/Middle/button/eventbutton.o
 .ARM.attributes
                0x0000000000000226       0x34 ./SDK_1.0.3_NUCLEO-F401RE/shared/Middle/led/led.o
 .ARM.attributes
                0x000000000000025a       0x34 ./SDK_1.0.3_NUCLEO-F401RE/shared/Middle/rtos/eventman.o
 .ARM.attributes
                0x000000000000028e       0x34 ./SDK_1.0.3_NUCLEO-F401RE/shared/Middle/rtos/timer.o
 .ARM.attributes
                0x00000000000002c2       0x34 ./SDK_1.0.3_NUCLEO-F401RE/shared/Middle/sensor/lightsensor.o
 .ARM.attributes
                0x00000000000002f6       0x34 ./SDK_1.0.3_NUCLEO-F401RE/shared/Middle/serial/serial.o
 .ARM.attributes
                0x000000000000032a       0x34 ./SDK_1.0.3_NUCLEO-F401RE/shared/Middle/ucglib/Ucglib.o
 .ARM.attributes
                0x000000000000035e       0x34 ./SDK_1.0.3_NUCLEO-F401RE/shared/Middle/ucglib/ucg_box.o
 .ARM.attributes
                0x0000000000000392       0x34 ./SDK_1.0.3_NUCLEO-F401RE/shared/Middle/ucglib/ucg_ccs.o
 .ARM.attributes
                0x00000000000003c6       0x34 ./SDK_1.0.3_NUCLEO-F401RE/shared/Middle/ucglib/ucg_clip.o
 .ARM.attributes
                0x00000000000003fa       0x34 ./SDK_1.0.3_NUCLEO-F401RE/shared/Middle/ucglib/ucg_com_msg_api.o
 .ARM.attributes
                0x000000000000042e       0x34 ./SDK_1.0.3_NUCLEO-F401RE/shared/Middle/ucglib/ucg_dev_default_cb.o
 .ARM.attributes
                0x0000000000000462       0x34 ./SDK_1.0.3_NUCLEO-F401RE/shared/Middle/ucglib/ucg_dev_ic_st7735.o
 .ARM.attributes
                0x0000000000000496       0x34 ./SDK_1.0.3_NUCLEO-F401RE/shared/Middle/ucglib/ucg_dev_msg_api.o
 .ARM.attributes
                0x00000000000004ca       0x34 ./SDK_1.0.3_NUCLEO-F401RE/shared/Middle/ucglib/ucg_dev_tft_128x128_st7735.o
 .ARM.attributes
                0x00000000000004fe       0x34 ./SDK_1.0.3_NUCLEO-F401RE/shared/Middle/ucglib/ucg_font.o
 .ARM.attributes
                0x0000000000000532       0x34 ./SDK_1.0.3_NUCLEO-F401RE/shared/Middle/ucglib/ucg_init.o
 .ARM.attributes
                0x0000000000000566       0x34 ./SDK_1.0.3_NUCLEO-F401RE/shared/Middle/ucglib/ucg_line.o
 .ARM.attributes
                0x000000000000059a       0x34 ./SDK_1.0.3_NUCLEO-F401RE/shared/Middle/ucglib/ucg_pixel.o
 .ARM.attributes
                0x00000000000005ce       0x34 ./SDK_1.0.3_NUCLEO-F401RE/shared/Middle/ucglib/ucg_pixel_font_data.o
 .ARM.attributes
                0x0000000000000602       0x34 ./SDK_1.0.3_NUCLEO-F401RE/shared/Middle/ucglib/ucg_rotate.o
 .ARM.attributes
                0x0000000000000636       0x34 ./SDK_1.0.3_NUCLEO-F401RE/shared/Utilities/buff.o
 .ARM.attributes
                0x000000000000066a       0x34 ./SDK_1.0.3_NUCLEO-F401RE/shared/Utilities/utilities.o
 .ARM.attributes
                0x000000000000069e       0x34 ./Src/main.o
 .ARM.attributes
                0x00000000000006d2       0x21 ./Startup/startup_stm32f401retx.o
 .ARM.attributes
                0x00000000000006f3       0x34 c:/st/stm32cubeide_1.12.1/stm32cubeide/plugins/com.st.stm32cube.ide.mcu.externaltools.gnu-tools-for-stm32.10.3-2021.10.win32_1.0.200.202301161003/tools/bin/../lib/gcc/arm-none-eabi/10.3.1/../../../../arm-none-eabi/lib/thumb/v7e-m+fp/hard\libc_nano.a(lib_a-init.o)
 .ARM.attributes
                0x0000000000000727       0x34 c:/st/stm32cubeide_1.12.1/stm32cubeide/plugins/com.st.stm32cube.ide.mcu.externaltools.gnu-tools-for-stm32.10.3-2021.10.win32_1.0.200.202301161003/tools/bin/../lib/gcc/arm-none-eabi/10.3.1/../../../../arm-none-eabi/lib/thumb/v7e-m+fp/hard\libc_nano.a(lib_a-memcpy-stub.o)
 .ARM.attributes
                0x000000000000075b       0x34 c:/st/stm32cubeide_1.12.1/stm32cubeide/plugins/com.st.stm32cube.ide.mcu.externaltools.gnu-tools-for-stm32.10.3-2021.10.win32_1.0.200.202301161003/tools/bin/../lib/gcc/arm-none-eabi/10.3.1/../../../../arm-none-eabi/lib/thumb/v7e-m+fp/hard\libc_nano.a(lib_a-memset.o)
 .ARM.attributes
                0x000000000000078f       0x1e c:/st/stm32cubeide_1.12.1/stm32cubeide/plugins/com.st.stm32cube.ide.mcu.externaltools.gnu-tools-for-stm32.10.3-2021.10.win32_1.0.200.202301161003/tools/bin/../lib/gcc/arm-none-eabi/10.3.1/thumb/v7e-m+fp/hard/crtn.o
OUTPUT(SnakeGameLumiNew.elf elf32-littlearm)
LOAD linker stubs
LOAD c:/st/stm32cubeide_1.12.1/stm32cubeide/plugins/com.st.stm32cube.ide.mcu.externaltools.gnu-tools-for-stm32.10.3-2021.10.win32_1.0.200.202301161003/tools/bin/../lib/gcc/arm-none-eabi/10.3.1/../../../../arm-none-eabi/lib/thumb/v7e-m+fp/hard\libc.a
LOAD c:/st/stm32cubeide_1.12.1/stm32cubeide/plugins/com.st.stm32cube.ide.mcu.externaltools.gnu-tools-for-stm32.10.3-2021.10.win32_1.0.200.202301161003/tools/bin/../lib/gcc/arm-none-eabi/10.3.1/../../../../arm-none-eabi/lib/thumb/v7e-m+fp/hard\libm.a
LOAD c:/st/stm32cubeide_1.12.1/stm32cubeide/plugins/com.st.stm32cube.ide.mcu.externaltools.gnu-tools-for-stm32.10.3-2021.10.win32_1.0.200.202301161003/tools/bin/../lib/gcc/arm-none-eabi/10.3.1/thumb/v7e-m+fp/hard\libgcc.a

.debug_info     0x0000000000000000    0x19763
 .debug_info    0x0000000000000000      0x5e6 ./SDK_1.0.3_NUCLEO-F401RE/shared/Drivers/CMSIS/Source/system_stm32f4xx.o
 .debug_info    0x00000000000005e6      0xcfc ./SDK_1.0.3_NUCLEO-F401RE/shared/Drivers/STM32F401RE_StdPeriph_Driver/src/stm32f401re_adc.o
 .debug_info    0x00000000000012e2      0x784 ./SDK_1.0.3_NUCLEO-F401RE/shared/Drivers/STM32F401RE_StdPeriph_Driver/src/stm32f401re_dma.o
 .debug_info    0x0000000000001a66      0x672 ./SDK_1.0.3_NUCLEO-F401RE/shared/Drivers/STM32F401RE_StdPeriph_Driver/src/stm32f401re_gpio.o
 .debug_info    0x00000000000020d8      0xdee ./SDK_1.0.3_NUCLEO-F401RE/shared/Drivers/STM32F401RE_StdPeriph_Driver/src/stm32f401re_rcc.o
 .debug_info    0x0000000000002ec6     0x1df4 ./SDK_1.0.3_NUCLEO-F401RE/shared/Drivers/STM32F401RE_StdPeriph_Driver/src/stm32f401re_tim.o
 .debug_info    0x0000000000004cba      0xa7f ./SDK_1.0.3_NUCLEO-F401RE/shared/Drivers/STM32F401RE_StdPeriph_Driver/src/stm32f401re_usart.o
 .debug_info    0x0000000000005739      0x6b2 ./SDK_1.0.3_NUCLEO-F401RE/shared/Middle/button/button.o
 .debug_info    0x0000000000005deb      0x51f ./SDK_1.0.3_NUCLEO-F401RE/shared/Middle/button/eventbutton.o
 .debug_info    0x000000000000630a      0xca7 ./SDK_1.0.3_NUCLEO-F401RE/shared/Middle/led/led.o
 .debug_info    0x0000000000006fb1      0x286 ./SDK_1.0.3_NUCLEO-F401RE/shared/Middle/rtos/eventman.o
 .debug_info    0x0000000000007237      0x9c4 ./SDK_1.0.3_NUCLEO-F401RE/shared/Middle/rtos/timer.o
 .debug_info    0x0000000000007bfb      0x95d ./SDK_1.0.3_NUCLEO-F401RE/shared/Middle/sensor/lightsensor.o
 .debug_info    0x0000000000008558      0xd6f ./SDK_1.0.3_NUCLEO-F401RE/shared/Middle/serial/serial.o
 .debug_info    0x00000000000092c7      0xbcd ./SDK_1.0.3_NUCLEO-F401RE/shared/Middle/ucglib/Ucglib.o
 .debug_info    0x0000000000009e94      0xb29 ./SDK_1.0.3_NUCLEO-F401RE/shared/Middle/ucglib/ucg_box.o
 .debug_info    0x000000000000a9bd      0x1f2 ./SDK_1.0.3_NUCLEO-F401RE/shared/Middle/ucglib/ucg_ccs.o
 .debug_info    0x000000000000abaf      0x8d1 ./SDK_1.0.3_NUCLEO-F401RE/shared/Middle/ucglib/ucg_clip.o
 .debug_info    0x000000000000b480      0xc18 ./SDK_1.0.3_NUCLEO-F401RE/shared/Middle/ucglib/ucg_com_msg_api.o
 .debug_info    0x000000000000c098      0xa34 ./SDK_1.0.3_NUCLEO-F401RE/shared/Middle/ucglib/ucg_dev_default_cb.o
 .debug_info    0x000000000000cacc      0xb06 ./SDK_1.0.3_NUCLEO-F401RE/shared/Middle/ucglib/ucg_dev_ic_st7735.o
 .debug_info    0x000000000000d5d2      0x8d3 ./SDK_1.0.3_NUCLEO-F401RE/shared/Middle/ucglib/ucg_dev_msg_api.o
 .debug_info    0x000000000000dea5      0x7c3 ./SDK_1.0.3_NUCLEO-F401RE/shared/Middle/ucglib/ucg_dev_tft_128x128_st7735.o
 .debug_info    0x000000000000e668     0x14c9 ./SDK_1.0.3_NUCLEO-F401RE/shared/Middle/ucglib/ucg_font.o
 .debug_info    0x000000000000fb31      0x7f3 ./SDK_1.0.3_NUCLEO-F401RE/shared/Middle/ucglib/ucg_init.o
 .debug_info    0x0000000000010324      0x9c6 ./SDK_1.0.3_NUCLEO-F401RE/shared/Middle/ucglib/ucg_line.o
 .debug_info    0x0000000000010cea      0x7b4 ./SDK_1.0.3_NUCLEO-F401RE/shared/Middle/ucglib/ucg_pixel.o
 .debug_info    0x000000000001149e     0x61b7 ./SDK_1.0.3_NUCLEO-F401RE/shared/Middle/ucglib/ucg_pixel_font_data.o
 .debug_info    0x0000000000017655      0x9bd ./SDK_1.0.3_NUCLEO-F401RE/shared/Middle/ucglib/ucg_rotate.o
 .debug_info    0x0000000000018012      0x335 ./SDK_1.0.3_NUCLEO-F401RE/shared/Utilities/buff.o
 .debug_info    0x0000000000018347      0x2e2 ./SDK_1.0.3_NUCLEO-F401RE/shared/Utilities/utilities.o
 .debug_info    0x0000000000018629     0x1118 ./Src/main.o
 .debug_info    0x0000000000019741       0x22 ./Startup/startup_stm32f401retx.o

.debug_abbrev   0x0000000000000000     0x3a0a
 .debug_abbrev  0x0000000000000000      0x141 ./SDK_1.0.3_NUCLEO-F401RE/shared/Drivers/CMSIS/Source/system_stm32f4xx.o
 .debug_abbrev  0x0000000000000141      0x1ae ./SDK_1.0.3_NUCLEO-F401RE/shared/Drivers/STM32F401RE_StdPeriph_Driver/src/stm32f401re_adc.o
 .debug_abbrev  0x00000000000002ef      0x169 ./SDK_1.0.3_NUCLEO-F401RE/shared/Drivers/STM32F401RE_StdPeriph_Driver/src/stm32f401re_dma.o
 .debug_abbrev  0x0000000000000458      0x1df ./SDK_1.0.3_NUCLEO-F401RE/shared/Drivers/STM32F401RE_StdPeriph_Driver/src/stm32f401re_gpio.o
 .debug_abbrev  0x0000000000000637      0x1d6 ./SDK_1.0.3_NUCLEO-F401RE/shared/Drivers/STM32F401RE_StdPeriph_Driver/src/stm32f401re_rcc.o
 .debug_abbrev  0x000000000000080d      0x19f ./SDK_1.0.3_NUCLEO-F401RE/shared/Drivers/STM32F401RE_StdPeriph_Driver/src/stm32f401re_tim.o
 .debug_abbrev  0x00000000000009ac      0x1a1 ./SDK_1.0.3_NUCLEO-F401RE/shared/Drivers/STM32F401RE_StdPeriph_Driver/src/stm32f401re_usart.o
 .debug_abbrev  0x0000000000000b4d      0x26d ./SDK_1.0.3_NUCLEO-F401RE/shared/Middle/button/button.o
 .debug_abbrev  0x0000000000000dba      0x13b ./SDK_1.0.3_NUCLEO-F401RE/shared/Middle/button/eventbutton.o
 .debug_abbrev  0x0000000000000ef5      0x27a ./SDK_1.0.3_NUCLEO-F401RE/shared/Middle/led/led.o
 .debug_abbrev  0x000000000000116f      0x155 ./SDK_1.0.3_NUCLEO-F401RE/shared/Middle/rtos/eventman.o
 .debug_abbrev  0x00000000000012c4      0x2d8 ./SDK_1.0.3_NUCLEO-F401RE/shared/Middle/rtos/timer.o
 .debug_abbrev  0x000000000000159c      0x1e3 ./SDK_1.0.3_NUCLEO-F401RE/shared/Middle/sensor/lightsensor.o
 .debug_abbrev  0x000000000000177f      0x33d ./SDK_1.0.3_NUCLEO-F401RE/shared/Middle/serial/serial.o
 .debug_abbrev  0x0000000000001abc      0x248 ./SDK_1.0.3_NUCLEO-F401RE/shared/Middle/ucglib/Ucglib.o
 .debug_abbrev  0x0000000000001d04      0x1a8 ./SDK_1.0.3_NUCLEO-F401RE/shared/Middle/ucglib/ucg_box.o
 .debug_abbrev  0x0000000000001eac       0xe1 ./SDK_1.0.3_NUCLEO-F401RE/shared/Middle/ucglib/ucg_ccs.o
 .debug_abbrev  0x0000000000001f8d      0x18e ./SDK_1.0.3_NUCLEO-F401RE/shared/Middle/ucglib/ucg_clip.o
 .debug_abbrev  0x000000000000211b      0x206 ./SDK_1.0.3_NUCLEO-F401RE/shared/Middle/ucglib/ucg_com_msg_api.o
 .debug_abbrev  0x0000000000002321      0x1d4 ./SDK_1.0.3_NUCLEO-F401RE/shared/Middle/ucglib/ucg_dev_default_cb.o
 .debug_abbrev  0x00000000000024f5      0x21a ./SDK_1.0.3_NUCLEO-F401RE/shared/Middle/ucglib/ucg_dev_ic_st7735.o
 .debug_abbrev  0x000000000000270f      0x19b ./SDK_1.0.3_NUCLEO-F401RE/shared/Middle/ucglib/ucg_dev_msg_api.o
 .debug_abbrev  0x00000000000028aa      0x17e ./SDK_1.0.3_NUCLEO-F401RE/shared/Middle/ucglib/ucg_dev_tft_128x128_st7735.o
 .debug_abbrev  0x0000000000002a28      0x308 ./SDK_1.0.3_NUCLEO-F401RE/shared/Middle/ucglib/ucg_font.o
 .debug_abbrev  0x0000000000002d30      0x1b1 ./SDK_1.0.3_NUCLEO-F401RE/shared/Middle/ucglib/ucg_init.o
 .debug_abbrev  0x0000000000002ee1      0x192 ./SDK_1.0.3_NUCLEO-F401RE/shared/Middle/ucglib/ucg_line.o
 .debug_abbrev  0x0000000000003073      0x15f ./SDK_1.0.3_NUCLEO-F401RE/shared/Middle/ucglib/ucg_pixel.o
 .debug_abbrev  0x00000000000031d2       0xa5 ./SDK_1.0.3_NUCLEO-F401RE/shared/Middle/ucglib/ucg_pixel_font_data.o
 .debug_abbrev  0x0000000000003277      0x1c2 ./SDK_1.0.3_NUCLEO-F401RE/shared/Middle/ucglib/ucg_rotate.o
 .debug_abbrev  0x0000000000003439      0x131 ./SDK_1.0.3_NUCLEO-F401RE/shared/Utilities/buff.o
 .debug_abbrev  0x000000000000356a       0xdc ./SDK_1.0.3_NUCLEO-F401RE/shared/Utilities/utilities.o
 .debug_abbrev  0x0000000000003646      0x3b2 ./Src/main.o
 .debug_abbrev  0x00000000000039f8       0x12 ./Startup/startup_stm32f401retx.o

.debug_aranges  0x0000000000000000     0x1130
 .debug_aranges
                0x0000000000000000       0x30 ./SDK_1.0.3_NUCLEO-F401RE/shared/Drivers/CMSIS/Source/system_stm32f4xx.o
 .debug_aranges
                0x0000000000000030      0x148 ./SDK_1.0.3_NUCLEO-F401RE/shared/Drivers/STM32F401RE_StdPeriph_Driver/src/stm32f401re_adc.o
 .debug_aranges
                0x0000000000000178       0xb0 ./SDK_1.0.3_NUCLEO-F401RE/shared/Drivers/STM32F401RE_StdPeriph_Driver/src/stm32f401re_dma.o
 .debug_aranges
                0x0000000000000228       0x88 ./SDK_1.0.3_NUCLEO-F401RE/shared/Drivers/STM32F401RE_StdPeriph_Driver/src/stm32f401re_gpio.o
 .debug_aranges
                0x00000000000002b0      0x198 ./SDK_1.0.3_NUCLEO-F401RE/shared/Drivers/STM32F401RE_StdPeriph_Driver/src/stm32f401re_rcc.o
 .debug_aranges
                0x0000000000000448      0x2f8 ./SDK_1.0.3_NUCLEO-F401RE/shared/Drivers/STM32F401RE_StdPeriph_Driver/src/stm32f401re_tim.o
 .debug_aranges
                0x0000000000000740      0x100 ./SDK_1.0.3_NUCLEO-F401RE/shared/Drivers/STM32F401RE_StdPeriph_Driver/src/stm32f401re_usart.o
 .debug_aranges
                0x0000000000000840       0x58 ./SDK_1.0.3_NUCLEO-F401RE/shared/Middle/button/button.o
 .debug_aranges
                0x0000000000000898       0x48 ./SDK_1.0.3_NUCLEO-F401RE/shared/Middle/button/eventbutton.o
 .debug_aranges
                0x00000000000008e0       0x78 ./SDK_1.0.3_NUCLEO-F401RE/shared/Middle/led/led.o
 .debug_aranges
                0x0000000000000958       0x30 ./SDK_1.0.3_NUCLEO-F401RE/shared/Middle/rtos/eventman.o
 .debug_aranges
                0x0000000000000988       0x70 ./SDK_1.0.3_NUCLEO-F401RE/shared/Middle/rtos/timer.o
 .debug_aranges
                0x00000000000009f8       0x38 ./SDK_1.0.3_NUCLEO-F401RE/shared/Middle/sensor/lightsensor.o
 .debug_aranges
                0x0000000000000a30       0x80 ./SDK_1.0.3_NUCLEO-F401RE/shared/Middle/serial/serial.o
 .debug_aranges
                0x0000000000000ab0       0x48 ./SDK_1.0.3_NUCLEO-F401RE/shared/Middle/ucglib/Ucglib.o
 .debug_aranges
                0x0000000000000af8       0x48 ./SDK_1.0.3_NUCLEO-F401RE/shared/Middle/ucglib/ucg_box.o
 .debug_aranges
                0x0000000000000b40       0x30 ./SDK_1.0.3_NUCLEO-F401RE/shared/Middle/ucglib/ucg_ccs.o
 .debug_aranges
                0x0000000000000b70       0x50 ./SDK_1.0.3_NUCLEO-F401RE/shared/Middle/ucglib/ucg_clip.o
 .debug_aranges
                0x0000000000000bc0       0xa0 ./SDK_1.0.3_NUCLEO-F401RE/shared/Middle/ucglib/ucg_com_msg_api.o
 .debug_aranges
                0x0000000000000c60       0x48 ./SDK_1.0.3_NUCLEO-F401RE/shared/Middle/ucglib/ucg_dev_default_cb.o
 .debug_aranges
                0x0000000000000ca8       0x40 ./SDK_1.0.3_NUCLEO-F401RE/shared/Middle/ucglib/ucg_dev_ic_st7735.o
 .debug_aranges
                0x0000000000000ce8       0x60 ./SDK_1.0.3_NUCLEO-F401RE/shared/Middle/ucglib/ucg_dev_msg_api.o
 .debug_aranges
                0x0000000000000d48       0x20 ./SDK_1.0.3_NUCLEO-F401RE/shared/Middle/ucglib/ucg_dev_tft_128x128_st7735.o
 .debug_aranges
                0x0000000000000d68      0x168 ./SDK_1.0.3_NUCLEO-F401RE/shared/Middle/ucglib/ucg_font.o
 .debug_aranges
                0x0000000000000ed0       0x28 ./SDK_1.0.3_NUCLEO-F401RE/shared/Middle/ucglib/ucg_init.o
 .debug_aranges
                0x0000000000000ef8       0x48 ./SDK_1.0.3_NUCLEO-F401RE/shared/Middle/ucglib/ucg_line.o
 .debug_aranges
                0x0000000000000f40       0x28 ./SDK_1.0.3_NUCLEO-F401RE/shared/Middle/ucglib/ucg_pixel.o
 .debug_aranges
                0x0000000000000f68       0x18 ./SDK_1.0.3_NUCLEO-F401RE/shared/Middle/ucglib/ucg_pixel_font_data.o
 .debug_aranges
                0x0000000000000f80       0x68 ./SDK_1.0.3_NUCLEO-F401RE/shared/Middle/ucglib/ucg_rotate.o
 .debug_aranges
                0x0000000000000fe8       0x50 ./SDK_1.0.3_NUCLEO-F401RE/shared/Utilities/buff.o
 .debug_aranges
                0x0000000000001038       0x48 ./SDK_1.0.3_NUCLEO-F401RE/shared/Utilities/utilities.o
 .debug_aranges
                0x0000000000001080       0x88 ./Src/main.o
 .debug_aranges
                0x0000000000001108       0x28 ./Startup/startup_stm32f401retx.o

.debug_ranges   0x0000000000000000      0xf20
 .debug_ranges  0x0000000000000000       0x20 ./SDK_1.0.3_NUCLEO-F401RE/shared/Drivers/CMSIS/Source/system_stm32f4xx.o
 .debug_ranges  0x0000000000000020      0x138 ./SDK_1.0.3_NUCLEO-F401RE/shared/Drivers/STM32F401RE_StdPeriph_Driver/src/stm32f401re_adc.o
 .debug_ranges  0x0000000000000158       0xa0 ./SDK_1.0.3_NUCLEO-F401RE/shared/Drivers/STM32F401RE_StdPeriph_Driver/src/stm32f401re_dma.o
 .debug_ranges  0x00000000000001f8       0x78 ./SDK_1.0.3_NUCLEO-F401RE/shared/Drivers/STM32F401RE_StdPeriph_Driver/src/stm32f401re_gpio.o
 .debug_ranges  0x0000000000000270      0x188 ./SDK_1.0.3_NUCLEO-F401RE/shared/Drivers/STM32F401RE_StdPeriph_Driver/src/stm32f401re_rcc.o
 .debug_ranges  0x00000000000003f8      0x2e8 ./SDK_1.0.3_NUCLEO-F401RE/shared/Drivers/STM32F401RE_StdPeriph_Driver/src/stm32f401re_tim.o
 .debug_ranges  0x00000000000006e0       0xf0 ./SDK_1.0.3_NUCLEO-F401RE/shared/Drivers/STM32F401RE_StdPeriph_Driver/src/stm32f401re_usart.o
 .debug_ranges  0x00000000000007d0       0x48 ./SDK_1.0.3_NUCLEO-F401RE/shared/Middle/button/button.o
 .debug_ranges  0x0000000000000818       0x38 ./SDK_1.0.3_NUCLEO-F401RE/shared/Middle/button/eventbutton.o
 .debug_ranges  0x0000000000000850       0x68 ./SDK_1.0.3_NUCLEO-F401RE/shared/Middle/led/led.o
 .debug_ranges  0x00000000000008b8       0x20 ./SDK_1.0.3_NUCLEO-F401RE/shared/Middle/rtos/eventman.o
 .debug_ranges  0x00000000000008d8       0x60 ./SDK_1.0.3_NUCLEO-F401RE/shared/Middle/rtos/timer.o
 .debug_ranges  0x0000000000000938       0x28 ./SDK_1.0.3_NUCLEO-F401RE/shared/Middle/sensor/lightsensor.o
 .debug_ranges  0x0000000000000960       0x70 ./SDK_1.0.3_NUCLEO-F401RE/shared/Middle/serial/serial.o
 .debug_ranges  0x00000000000009d0       0x38 ./SDK_1.0.3_NUCLEO-F401RE/shared/Middle/ucglib/Ucglib.o
 .debug_ranges  0x0000000000000a08       0x38 ./SDK_1.0.3_NUCLEO-F401RE/shared/Middle/ucglib/ucg_box.o
 .debug_ranges  0x0000000000000a40       0x20 ./SDK_1.0.3_NUCLEO-F401RE/shared/Middle/ucglib/ucg_ccs.o
 .debug_ranges  0x0000000000000a60       0x40 ./SDK_1.0.3_NUCLEO-F401RE/shared/Middle/ucglib/ucg_clip.o
 .debug_ranges  0x0000000000000aa0       0x90 ./SDK_1.0.3_NUCLEO-F401RE/shared/Middle/ucglib/ucg_com_msg_api.o
 .debug_ranges  0x0000000000000b30       0x38 ./SDK_1.0.3_NUCLEO-F401RE/shared/Middle/ucglib/ucg_dev_default_cb.o
 .debug_ranges  0x0000000000000b68       0x30 ./SDK_1.0.3_NUCLEO-F401RE/shared/Middle/ucglib/ucg_dev_ic_st7735.o
 .debug_ranges  0x0000000000000b98       0x50 ./SDK_1.0.3_NUCLEO-F401RE/shared/Middle/ucglib/ucg_dev_msg_api.o
 .debug_ranges  0x0000000000000be8       0x10 ./SDK_1.0.3_NUCLEO-F401RE/shared/Middle/ucglib/ucg_dev_tft_128x128_st7735.o
 .debug_ranges  0x0000000000000bf8      0x158 ./SDK_1.0.3_NUCLEO-F401RE/shared/Middle/ucglib/ucg_font.o
 .debug_ranges  0x0000000000000d50       0x18 ./SDK_1.0.3_NUCLEO-F401RE/shared/Middle/ucglib/ucg_init.o
 .debug_ranges  0x0000000000000d68       0x38 ./SDK_1.0.3_NUCLEO-F401RE/shared/Middle/ucglib/ucg_line.o
 .debug_ranges  0x0000000000000da0       0x18 ./SDK_1.0.3_NUCLEO-F401RE/shared/Middle/ucglib/ucg_pixel.o
 .debug_ranges  0x0000000000000db8       0x58 ./SDK_1.0.3_NUCLEO-F401RE/shared/Middle/ucglib/ucg_rotate.o
 .debug_ranges  0x0000000000000e10       0x40 ./SDK_1.0.3_NUCLEO-F401RE/shared/Utilities/buff.o
 .debug_ranges  0x0000000000000e50       0x38 ./SDK_1.0.3_NUCLEO-F401RE/shared/Utilities/utilities.o
 .debug_ranges  0x0000000000000e88       0x78 ./Src/main.o
 .debug_ranges  0x0000000000000f00       0x20 ./Startup/startup_stm32f401retx.o

.debug_macro    0x0000000000000000    0x10472
 .debug_macro   0x0000000000000000       0xce ./SDK_1.0.3_NUCLEO-F401RE/shared/Drivers/CMSIS/Source/system_stm32f4xx.o
 .debug_macro   0x00000000000000ce      0xa84 ./SDK_1.0.3_NUCLEO-F401RE/shared/Drivers/CMSIS/Source/system_stm32f4xx.o
 .debug_macro   0x0000000000000b52       0x6b ./SDK_1.0.3_NUCLEO-F401RE/shared/Drivers/CMSIS/Source/system_stm32f4xx.o
 .debug_macro   0x0000000000000bbd       0x3b ./SDK_1.0.3_NUCLEO-F401RE/shared/Drivers/CMSIS/Source/system_stm32f4xx.o
 .debug_macro   0x0000000000000bf8       0x22 ./SDK_1.0.3_NUCLEO-F401RE/shared/Drivers/CMSIS/Source/system_stm32f4xx.o
 .debug_macro   0x0000000000000c1a       0x8e ./SDK_1.0.3_NUCLEO-F401RE/shared/Drivers/CMSIS/Source/system_stm32f4xx.o
 .debug_macro   0x0000000000000ca8       0x51 ./SDK_1.0.3_NUCLEO-F401RE/shared/Drivers/CMSIS/Source/system_stm32f4xx.o
 .debug_macro   0x0000000000000cf9      0x103 ./SDK_1.0.3_NUCLEO-F401RE/shared/Drivers/CMSIS/Source/system_stm32f4xx.o
 .debug_macro   0x0000000000000dfc       0x6a ./SDK_1.0.3_NUCLEO-F401RE/shared/Drivers/CMSIS/Source/system_stm32f4xx.o
 .debug_macro   0x0000000000000e66      0x1df ./SDK_1.0.3_NUCLEO-F401RE/shared/Drivers/CMSIS/Source/system_stm32f4xx.o
 .debug_macro   0x0000000000001045       0x34 ./SDK_1.0.3_NUCLEO-F401RE/shared/Drivers/CMSIS/Source/system_stm32f4xx.o
 .debug_macro   0x0000000000001079       0x26 ./SDK_1.0.3_NUCLEO-F401RE/shared/Drivers/CMSIS/Source/system_stm32f4xx.o
 .debug_macro   0x000000000000109f      0xe43 ./SDK_1.0.3_NUCLEO-F401RE/shared/Drivers/CMSIS/Source/system_stm32f4xx.o
 .debug_macro   0x0000000000001ee2     0x8018 ./SDK_1.0.3_NUCLEO-F401RE/shared/Drivers/CMSIS/Source/system_stm32f4xx.o
 .debug_macro   0x0000000000009efa      0x14d ./SDK_1.0.3_NUCLEO-F401RE/shared/Drivers/STM32F401RE_StdPeriph_Driver/src/stm32f401re_adc.o
 .debug_macro   0x000000000000a047      0xca7 ./SDK_1.0.3_NUCLEO-F401RE/shared/Drivers/STM32F401RE_StdPeriph_Driver/src/stm32f401re_adc.o
 .debug_macro   0x000000000000acee      0x64a ./SDK_1.0.3_NUCLEO-F401RE/shared/Drivers/STM32F401RE_StdPeriph_Driver/src/stm32f401re_adc.o
 .debug_macro   0x000000000000b338      0x10e ./SDK_1.0.3_NUCLEO-F401RE/shared/Drivers/STM32F401RE_StdPeriph_Driver/src/stm32f401re_dma.o
 .debug_macro   0x000000000000b446      0x471 ./SDK_1.0.3_NUCLEO-F401RE/shared/Drivers/STM32F401RE_StdPeriph_Driver/src/stm32f401re_dma.o
 .debug_macro   0x000000000000b8b7       0xc3 ./SDK_1.0.3_NUCLEO-F401RE/shared/Drivers/STM32F401RE_StdPeriph_Driver/src/stm32f401re_gpio.o
 .debug_macro   0x000000000000b97a      0x2ee ./SDK_1.0.3_NUCLEO-F401RE/shared/Drivers/STM32F401RE_StdPeriph_Driver/src/stm32f401re_gpio.o
 .debug_macro   0x000000000000bc68      0x18d ./SDK_1.0.3_NUCLEO-F401RE/shared/Drivers/STM32F401RE_StdPeriph_Driver/src/stm32f401re_rcc.o
 .debug_macro   0x000000000000bdf5      0x644 ./SDK_1.0.3_NUCLEO-F401RE/shared/Drivers/STM32F401RE_StdPeriph_Driver/src/stm32f401re_rcc.o
 .debug_macro   0x000000000000c439       0xe4 ./SDK_1.0.3_NUCLEO-F401RE/shared/Drivers/STM32F401RE_StdPeriph_Driver/src/stm32f401re_tim.o
 .debug_macro   0x000000000000c51d      0x73b ./SDK_1.0.3_NUCLEO-F401RE/shared/Drivers/STM32F401RE_StdPeriph_Driver/src/stm32f401re_tim.o
 .debug_macro   0x000000000000cc58       0xdb ./SDK_1.0.3_NUCLEO-F401RE/shared/Drivers/STM32F401RE_StdPeriph_Driver/src/stm32f401re_usart.o
 .debug_macro   0x000000000000cd33      0x21d ./SDK_1.0.3_NUCLEO-F401RE/shared/Drivers/STM32F401RE_StdPeriph_Driver/src/stm32f401re_usart.o
 .debug_macro   0x000000000000cf50       0xf5 ./SDK_1.0.3_NUCLEO-F401RE/shared/Middle/button/button.o
 .debug_macro   0x000000000000d045       0xbe ./SDK_1.0.3_NUCLEO-F401RE/shared/Middle/button/button.o
 .debug_macro   0x000000000000d103       0x22 ./SDK_1.0.3_NUCLEO-F401RE/shared/Middle/button/button.o
 .debug_macro   0x000000000000d125      0x2f4 ./SDK_1.0.3_NUCLEO-F401RE/shared/Middle/button/button.o
 .debug_macro   0x000000000000d419       0x16 ./SDK_1.0.3_NUCLEO-F401RE/shared/Middle/button/button.o
 .debug_macro   0x000000000000d42f       0x97 ./SDK_1.0.3_NUCLEO-F401RE/shared/Middle/button/eventbutton.o
 .debug_macro   0x000000000000d4c6       0x4f ./SDK_1.0.3_NUCLEO-F401RE/shared/Middle/button/eventbutton.o
 .debug_macro   0x000000000000d515       0x1c ./SDK_1.0.3_NUCLEO-F401RE/shared/Middle/button/eventbutton.o
 .debug_macro   0x000000000000d531      0x170 ./SDK_1.0.3_NUCLEO-F401RE/shared/Middle/button/eventbutton.o
 .debug_macro   0x000000000000d6a1       0xec ./SDK_1.0.3_NUCLEO-F401RE/shared/Middle/led/led.o
 .debug_macro   0x000000000000d78d       0x82 ./SDK_1.0.3_NUCLEO-F401RE/shared/Middle/led/led.o
 .debug_macro   0x000000000000d80f       0x97 ./SDK_1.0.3_NUCLEO-F401RE/shared/Middle/rtos/eventman.o
 .debug_macro   0x000000000000d8a6       0xe3 ./SDK_1.0.3_NUCLEO-F401RE/shared/Middle/rtos/timer.o
 .debug_macro   0x000000000000d989       0x1c ./SDK_1.0.3_NUCLEO-F401RE/shared/Middle/rtos/timer.o
 .debug_macro   0x000000000000d9a5       0xec ./SDK_1.0.3_NUCLEO-F401RE/shared/Middle/sensor/lightsensor.o
 .debug_macro   0x000000000000da91       0x2e ./SDK_1.0.3_NUCLEO-F401RE/shared/Middle/sensor/lightsensor.o
 .debug_macro   0x000000000000dabf      0x477 ./SDK_1.0.3_NUCLEO-F401RE/shared/Middle/sensor/lightsensor.o
 .debug_macro   0x000000000000df36      0x10a ./SDK_1.0.3_NUCLEO-F401RE/shared/Middle/serial/serial.o
 .debug_macro   0x000000000000e040      0x16a ./SDK_1.0.3_NUCLEO-F401RE/shared/Middle/serial/serial.o
 .debug_macro   0x000000000000e1aa      0x223 ./SDK_1.0.3_NUCLEO-F401RE/shared/Middle/serial/serial.o
 .debug_macro   0x000000000000e3cd      0x141 ./SDK_1.0.3_NUCLEO-F401RE/shared/Middle/ucglib/Ucglib.o
 .debug_macro   0x000000000000e50e      0x174 ./SDK_1.0.3_NUCLEO-F401RE/shared/Middle/ucglib/Ucglib.o
 .debug_macro   0x000000000000e682      0x301 ./SDK_1.0.3_NUCLEO-F401RE/shared/Middle/ucglib/Ucglib.o
 .debug_macro   0x000000000000e983       0x84 ./SDK_1.0.3_NUCLEO-F401RE/shared/Middle/ucglib/ucg_box.o
 .debug_macro   0x000000000000ea07       0x84 ./SDK_1.0.3_NUCLEO-F401RE/shared/Middle/ucglib/ucg_ccs.o
 .debug_macro   0x000000000000ea8b       0x84 ./SDK_1.0.3_NUCLEO-F401RE/shared/Middle/ucglib/ucg_clip.o
 .debug_macro   0x000000000000eb0f       0x84 ./SDK_1.0.3_NUCLEO-F401RE/shared/Middle/ucglib/ucg_com_msg_api.o
 .debug_macro   0x000000000000eb93       0x84 ./SDK_1.0.3_NUCLEO-F401RE/shared/Middle/ucglib/ucg_dev_default_cb.o
 .debug_macro   0x000000000000ec17       0x84 ./SDK_1.0.3_NUCLEO-F401RE/shared/Middle/ucglib/ucg_dev_ic_st7735.o
 .debug_macro   0x000000000000ec9b       0x88 ./SDK_1.0.3_NUCLEO-F401RE/shared/Middle/ucglib/ucg_dev_msg_api.o
 .debug_macro   0x000000000000ed23       0x84 ./SDK_1.0.3_NUCLEO-F401RE/shared/Middle/ucglib/ucg_dev_tft_128x128_st7735.o
 .debug_macro   0x000000000000eda7      0x167 ./SDK_1.0.3_NUCLEO-F401RE/shared/Middle/ucglib/ucg_font.o
 .debug_macro   0x000000000000ef0e       0x52 ./SDK_1.0.3_NUCLEO-F401RE/shared/Middle/ucglib/ucg_font.o
 .debug_macro   0x000000000000ef60       0x1e ./SDK_1.0.3_NUCLEO-F401RE/shared/Middle/ucglib/ucg_font.o
 .debug_macro   0x000000000000ef7e       0x3c ./SDK_1.0.3_NUCLEO-F401RE/shared/Middle/ucglib/ucg_font.o
 .debug_macro   0x000000000000efba       0x34 ./SDK_1.0.3_NUCLEO-F401RE/shared/Middle/ucglib/ucg_font.o
 .debug_macro   0x000000000000efee       0x16 ./SDK_1.0.3_NUCLEO-F401RE/shared/Middle/ucglib/ucg_font.o
 .debug_macro   0x000000000000f004       0x43 ./SDK_1.0.3_NUCLEO-F401RE/shared/Middle/ucglib/ucg_font.o
 .debug_macro   0x000000000000f047       0x34 ./SDK_1.0.3_NUCLEO-F401RE/shared/Middle/ucglib/ucg_font.o
 .debug_macro   0x000000000000f07b       0x10 ./SDK_1.0.3_NUCLEO-F401RE/shared/Middle/ucglib/ucg_font.o
 .debug_macro   0x000000000000f08b       0x58 ./SDK_1.0.3_NUCLEO-F401RE/shared/Middle/ucglib/ucg_font.o
 .debug_macro   0x000000000000f0e3       0x71 ./SDK_1.0.3_NUCLEO-F401RE/shared/Middle/ucglib/ucg_font.o
 .debug_macro   0x000000000000f154       0x1c ./SDK_1.0.3_NUCLEO-F401RE/shared/Middle/ucglib/ucg_font.o
 .debug_macro   0x000000000000f170      0x12a ./SDK_1.0.3_NUCLEO-F401RE/shared/Middle/ucglib/ucg_font.o
 .debug_macro   0x000000000000f29a      0x341 ./SDK_1.0.3_NUCLEO-F401RE/shared/Middle/ucglib/ucg_font.o
 .debug_macro   0x000000000000f5db       0x10 ./SDK_1.0.3_NUCLEO-F401RE/shared/Middle/ucglib/ucg_font.o
 .debug_macro   0x000000000000f5eb       0x35 ./SDK_1.0.3_NUCLEO-F401RE/shared/Middle/ucglib/ucg_font.o
 .debug_macro   0x000000000000f620       0x20 ./SDK_1.0.3_NUCLEO-F401RE/shared/Middle/ucglib/ucg_font.o
 .debug_macro   0x000000000000f640      0x152 ./SDK_1.0.3_NUCLEO-F401RE/shared/Middle/ucglib/ucg_init.o
 .debug_macro   0x000000000000f792       0x84 ./SDK_1.0.3_NUCLEO-F401RE/shared/Middle/ucglib/ucg_line.o
 .debug_macro   0x000000000000f816       0x84 ./SDK_1.0.3_NUCLEO-F401RE/shared/Middle/ucglib/ucg_pixel.o
 .debug_macro   0x000000000000f89a       0x84 ./SDK_1.0.3_NUCLEO-F401RE/shared/Middle/ucglib/ucg_pixel_font_data.o
 .debug_macro   0x000000000000f91e       0xbd ./SDK_1.0.3_NUCLEO-F401RE/shared/Middle/ucglib/ucg_rotate.o
 .debug_macro   0x000000000000f9db       0xc2 ./SDK_1.0.3_NUCLEO-F401RE/shared/Utilities/buff.o
 .debug_macro   0x000000000000fa9d       0x16 ./SDK_1.0.3_NUCLEO-F401RE/shared/Utilities/buff.o
 .debug_macro   0x000000000000fab3       0x72 ./SDK_1.0.3_NUCLEO-F401RE/shared/Utilities/utilities.o
 .debug_macro   0x000000000000fb25       0x10 ./SDK_1.0.3_NUCLEO-F401RE/shared/Utilities/utilities.o
 .debug_macro   0x000000000000fb35      0x360 ./Src/main.o
 .debug_macro   0x000000000000fe95       0x1c ./Src/main.o
 .debug_macro   0x000000000000feb1       0xc4 ./Src/main.o
 .debug_macro   0x000000000000ff75       0x34 ./Src/main.o
 .debug_macro   0x000000000000ffa9       0x40 ./Src/main.o
 .debug_macro   0x000000000000ffe9       0x16 ./Src/main.o
 .debug_macro   0x000000000000ffff       0x16 ./Src/main.o
 .debug_macro   0x0000000000010015       0x29 ./Src/main.o
 .debug_macro   0x000000000001003e       0x1c ./Src/main.o
 .debug_macro   0x000000000001005a       0x10 ./Src/main.o
 .debug_macro   0x000000000001006a       0x10 ./Src/main.o
 .debug_macro   0x000000000001007a       0x1c ./Src/main.o
 .debug_macro   0x0000000000010096       0x52 ./Src/main.o
 .debug_macro   0x00000000000100e8       0x22 ./Src/main.o
 .debug_macro   0x000000000001010a       0x10 ./Src/main.o
 .debug_macro   0x000000000001011a       0x52 ./Src/main.o
 .debug_macro   0x000000000001016c       0xd5 ./Src/main.o
 .debug_macro   0x0000000000010241       0x1c ./Src/main.o
 .debug_macro   0x000000000001025d       0x3d ./Src/main.o
 .debug_macro   0x000000000001029a       0x16 ./Src/main.o
 .debug_macro   0x00000000000102b0      0x145 ./Src/main.o
 .debug_macro   0x00000000000103f5       0x16 ./Src/main.o
 .debug_macro   0x000000000001040b       0x16 ./Src/main.o
 .debug_macro   0x0000000000010421       0x10 ./Src/main.o
 .debug_macro   0x0000000000010431       0x41 ./Src/main.o

.debug_line     0x0000000000000000     0xfedb
 .debug_line    0x0000000000000000      0x5ac ./SDK_1.0.3_NUCLEO-F401RE/shared/Drivers/CMSIS/Source/system_stm32f4xx.o
 .debug_line    0x00000000000005ac      0xbdb ./SDK_1.0.3_NUCLEO-F401RE/shared/Drivers/STM32F401RE_StdPeriph_Driver/src/stm32f401re_adc.o
 .debug_line    0x0000000000001187      0x9a1 ./SDK_1.0.3_NUCLEO-F401RE/shared/Drivers/STM32F401RE_StdPeriph_Driver/src/stm32f401re_dma.o
 .debug_line    0x0000000000001b28      0x84c ./SDK_1.0.3_NUCLEO-F401RE/shared/Drivers/STM32F401RE_StdPeriph_Driver/src/stm32f401re_gpio.o
 .debug_line    0x0000000000002374      0xd24 ./SDK_1.0.3_NUCLEO-F401RE/shared/Drivers/STM32F401RE_StdPeriph_Driver/src/stm32f401re_rcc.o
 .debug_line    0x0000000000003098     0x1385 ./SDK_1.0.3_NUCLEO-F401RE/shared/Drivers/STM32F401RE_StdPeriph_Driver/src/stm32f401re_tim.o
 .debug_line    0x000000000000441d      0xa79 ./SDK_1.0.3_NUCLEO-F401RE/shared/Drivers/STM32F401RE_StdPeriph_Driver/src/stm32f401re_usart.o
 .debug_line    0x0000000000004e96      0x8a3 ./SDK_1.0.3_NUCLEO-F401RE/shared/Middle/button/button.o
 .debug_line    0x0000000000005739      0x5dd ./SDK_1.0.3_NUCLEO-F401RE/shared/Middle/button/eventbutton.o
 .debug_line    0x0000000000005d16      0x8c8 ./SDK_1.0.3_NUCLEO-F401RE/shared/Middle/led/led.o
 .debug_line    0x00000000000065de      0x48b ./SDK_1.0.3_NUCLEO-F401RE/shared/Middle/rtos/eventman.o
 .debug_line    0x0000000000006a69      0x847 ./SDK_1.0.3_NUCLEO-F401RE/shared/Middle/rtos/timer.o
 .debug_line    0x00000000000072b0      0x6a1 ./SDK_1.0.3_NUCLEO-F401RE/shared/Middle/sensor/lightsensor.o
 .debug_line    0x0000000000007951      0x956 ./SDK_1.0.3_NUCLEO-F401RE/shared/Middle/serial/serial.o
 .debug_line    0x00000000000082a7      0x6db ./SDK_1.0.3_NUCLEO-F401RE/shared/Middle/ucglib/Ucglib.o
 .debug_line    0x0000000000008982      0x5c7 ./SDK_1.0.3_NUCLEO-F401RE/shared/Middle/ucglib/ucg_box.o
 .debug_line    0x0000000000008f49      0x51a ./SDK_1.0.3_NUCLEO-F401RE/shared/Middle/ucglib/ucg_ccs.o
 .debug_line    0x0000000000009463      0x6a0 ./SDK_1.0.3_NUCLEO-F401RE/shared/Middle/ucglib/ucg_clip.o
 .debug_line    0x0000000000009b03      0x764 ./SDK_1.0.3_NUCLEO-F401RE/shared/Middle/ucglib/ucg_com_msg_api.o
 .debug_line    0x000000000000a267      0x738 ./SDK_1.0.3_NUCLEO-F401RE/shared/Middle/ucglib/ucg_dev_default_cb.o
 .debug_line    0x000000000000a99f      0x6f5 ./SDK_1.0.3_NUCLEO-F401RE/shared/Middle/ucglib/ucg_dev_ic_st7735.o
 .debug_line    0x000000000000b094      0x542 ./SDK_1.0.3_NUCLEO-F401RE/shared/Middle/ucglib/ucg_dev_msg_api.o
 .debug_line    0x000000000000b5d6      0x469 ./SDK_1.0.3_NUCLEO-F401RE/shared/Middle/ucglib/ucg_dev_tft_128x128_st7735.o
 .debug_line    0x000000000000ba3f      0xdab ./SDK_1.0.3_NUCLEO-F401RE/shared/Middle/ucglib/ucg_font.o
 .debug_line    0x000000000000c7ea      0x5de ./SDK_1.0.3_NUCLEO-F401RE/shared/Middle/ucglib/ucg_init.o
 .debug_line    0x000000000000cdc8      0x5a6 ./SDK_1.0.3_NUCLEO-F401RE/shared/Middle/ucglib/ucg_line.o
 .debug_line    0x000000000000d36e      0x479 ./SDK_1.0.3_NUCLEO-F401RE/shared/Middle/ucglib/ucg_pixel.o
 .debug_line    0x000000000000d7e7      0x430 ./SDK_1.0.3_NUCLEO-F401RE/shared/Middle/ucglib/ucg_pixel_font_data.o
 .debug_line    0x000000000000dc17      0x734 ./SDK_1.0.3_NUCLEO-F401RE/shared/Middle/ucglib/ucg_rotate.o
 .debug_line    0x000000000000e34b      0x6b9 ./SDK_1.0.3_NUCLEO-F401RE/shared/Utilities/buff.o
 .debug_line    0x000000000000ea04      0x554 ./SDK_1.0.3_NUCLEO-F401RE/shared/Utilities/utilities.o