Archive member included to satisfy reference by file (symbol)

c:/st/stm32cubeide_1.12.1/stm32cubeide/plugins/com.st.stm32cube.ide.mcu.externaltools.gnu-tools-for-stm32.10.3-2021.10.win32_1.0.200.202301161003/tools/bin/../lib/gcc/arm-none-eabi/10.3.1/../../../../arm-none-eabi/lib/thumb/v7e-m+fp/hard\libc_nano.a(lib_a-errno.o)
                              ./Src/syscalls.o (__errno)
c:/st/stm32cubeide_1.12.1/stm32cubeide/plugins/com.st.stm32cube.ide.mcu.externaltools.gnu-tools-for-stm32.10.3-2021.10.win32_1.0.200.202301161003/tools/bin/../lib/gcc/arm-none-eabi/10.3.1/../../../../arm-none-eabi/lib/thumb/v7e-m+fp/hard\libc_nano.a(lib_a-exit.o)
                              c:/st/stm32cubeide_1.12.1/stm32cubeide/plugins/com.st.stm32cube.ide.mcu.externaltools.gnu-tools-for-stm32.10.3-2021.10.win32_1.0.200.202301161003/tools/bin/../lib/gcc/arm-none-eabi/10.3.1/../../../../arm-none-eabi/lib/thumb/v7e-m+fp/hard/crt0.o (exit)
c:/st/stm32cubeide_1.12.1/stm32cubeide/plugins/com.st.stm32cube.ide.mcu.externaltools.gnu-tools-for-stm32.10.3-2021.10.win32_1.0.200.202301161003/tools/bin/../lib/gcc/arm-none-eabi/10.3.1/../../../../arm-none-eabi/lib/thumb/v7e-m+fp/hard\libc_nano.a(lib_a-impure.o)
                              c:/st/stm32cubeide_1.12.1/stm32cubeide/plugins/com.st.stm32cube.ide.mcu.externaltools.gnu-tools-for-stm32.10.3-2021.10.win32_1.0.200.202301161003/tools/bin/../lib/gcc/arm-none-eabi/10.3.1/../../../../arm-none-eabi/lib/thumb/v7e-m+fp/hard\libc_nano.a(lib_a-exit.o) (_global_impure_ptr)
c:/st/stm32cubeide_1.12.1/stm32cubeide/plugins/com.st.stm32cube.ide.mcu.externaltools.gnu-tools-for-stm32.10.3-2021.10.win32_1.0.200.202301161003/tools/bin/../lib/gcc/arm-none-eabi/10.3.1/../../../../arm-none-eabi/lib/thumb/v7e-m+fp/hard\libc_nano.a(lib_a-init.o)
                              c:/st/stm32cubeide_1.12.1/stm32cubeide/plugins/com.st.stm32cube.ide.mcu.externaltools.gnu-tools-for-stm32.10.3-2021.10.win32_1.0.200.202301161003/tools/bin/../lib/gcc/arm-none-eabi/10.3.1/../../../../arm-none-eabi/lib/thumb/v7e-m+fp/hard/crt0.o (__libc_init_array)
c:/st/stm32cubeide_1.12.1/stm32cubeide/plugins/com.st.stm32cube.ide.mcu.externaltools.gnu-tools-for-stm32.10.3-2021.10.win32_1.0.200.202301161003/tools/bin/../lib/gcc/arm-none-eabi/10.3.1/../../../../arm-none-eabi/lib/thumb/v7e-m+fp/hard\libc_nano.a(lib_a-memset.o)
                              c:/st/stm32cubeide_1.12.1/stm32cubeide/plugins/com.st.stm32cube.ide.mcu.externaltools.gnu-tools-for-stm32.10.3-2021.10.win32_1.0.200.202301161003/tools/bin/../lib/gcc/arm-none-eabi/10.3.1/../../../../arm-none-eabi/lib/thumb/v7e-m+fp/hard/crt0.o (memset)
c:/st/stm32cubeide_1.12.1/stm32cubeide/plugins/com.st.stm32cube.ide.mcu.externaltools.gnu-tools-for-stm32.10.3-2021.10.win32_1.0.200.202301161003/tools/bin/../lib/gcc/arm-none-eabi/10.3.1/../../../../arm-none-eabi/lib/thumb/v7e-m+fp/hard\libc_nano.a(lib_a-rand.o)
                              ./Src/main.o (srand)
c:/st/stm32cubeide_1.12.1/stm32cubeide/plugins/com.st.stm32cube.ide.mcu.externaltools.gnu-tools-for-stm32.10.3-2021.10.win32_1.0.200.202301161003/tools/bin/../lib/gcc/arm-none-eabi/10.3.1/../../../../arm-none-eabi/lib/thumb/v7e-m+fp/hard\libc_nano.a(lib_a-sprintf.o)
                              ./Src/main.o (sprintf)
c:/st/stm32cubeide_1.12.1/stm32cubeide/plugins/com.st.stm32cube.ide.mcu.externaltools.gnu-tools-for-stm32.10.3-2021.10.win32_1.0.200.202301161003/tools/bin/../lib/gcc/arm-none-eabi/10.3.1/../../../../arm-none-eabi/lib/thumb/v7e-m+fp/hard\libc_nano.a(lib_a-time.o)
                              ./Src/main.o (time)
c:/st/stm32cubeide_1.12.1/stm32cubeide/plugins/com.st.stm32cube.ide.mcu.externaltools.gnu-tools-for-stm32.10.3-2021.10.win32_1.0.200.202301161003/tools/bin/../lib/gcc/arm-none-eabi/10.3.1/../../../../arm-none-eabi/lib/thumb/v7e-m+fp/hard\libc_nano.a(lib_a-assert.o)
                              c:/st/stm32cubeide_1.12.1/stm32cubeide/plugins/com.st.stm32cube.ide.mcu.externaltools.gnu-tools-for-stm32.10.3-2021.10.win32_1.0.200.202301161003/tools/bin/../lib/gcc/arm-none-eabi/10.3.1/../../../../arm-none-eabi/lib/thumb/v7e-m+fp/hard\libc_nano.a(lib_a-rand.o) (__assert_func)
c:/st/stm32cubeide_1.12.1/stm32cubeide/plugins/com.st.stm32cube.ide.mcu.externaltools.gnu-tools-for-stm32.10.3-2021.10.win32_1.0.200.202301161003/tools/bin/../lib/gcc/arm-none-eabi/10.3.1/../../../../arm-none-eabi/lib/thumb/v7e-m+fp/hard\libc_nano.a(lib_a-fprintf.o)
                              c:/st/stm32cubeide_1.12.1/stm32cubeide/plugins/com.st.stm32cube.ide.mcu.externaltools.gnu-tools-for-stm32.10.3-2021.10.win32_1.0.200.202301161003/tools/bin/../lib/gcc/arm-none-eabi/10.3.1/../../../../arm-none-eabi/lib/thumb/v7e-m+fp/hard\libc_nano.a(lib_a-assert.o) (fiprintf)
[...]
Memory Configuration

Name             Origin             Length             Attributes
RAM              0x0000000020000000 0x0000000000018000 xrw
FLASH            0x0000000008000000 0x0000000000080000 xr
*default*        0x0000000000000000 0xffffffffffffffff

Linker script and memory map

LOAD c:/st/stm32cubeide_1.12.1/stm32cubeide/plugins/com.st.stm32cube.ide.mcu.externaltools.gnu-tools-for-stm32.10.3-2021.10.win32_1.0.200.202301161003/tools/bin/../lib/gcc/arm-none-eabi/10.3.1/thumb/v7e-m+fp/hard/crti.o
LOAD c:/st/stm32cubeide_1.12.1/stm32cubeide/plugins/com.st.stm32cube.ide.mcu.externaltools.gnu-tools-for-stm32.10.3-2021.10.win32_1.0.200.202301161003/tools/bin/../lib/gcc/arm-none-eabi/10.3.1/thumb/v7e-m+fp/hard/crtbegin.o
LOAD c:/st/stm32cubeide_1.12.1/stm32cubeide/plugins/com.st.stm32cube.ide.mcu.externaltools.gnu-tools-for-stm32.10.3-2021.10.win32_1.0.200.202301161003/tools/bin/../lib/gcc/arm-none-eabi/10.3.1/../../../../arm-none-eabi/lib/thumb/v7e-m+fp/hard/crt0.o
LOAD ./SDK_1.0.3_NUCLEO-F401RE/shared/Drivers/CMSIS/Source/system_stm32f4xx.o
LOAD ./SDK_1.0.3_NUCLEO-F401RE/shared/Drivers/STM32F401RE_StdPeriph_Driver/src/misc.o
LOAD ./SDK_1.0.3_NUCLEO-F401RE/shared/Drivers/STM32F401RE_StdPeriph_Driver/src/stm32f401re_adc.o
LOAD ./SDK_1.0.3_NUCLEO-F401RE/shared/Drivers/STM32F401RE_StdPeriph_Driver/src/stm32f401re_dma.o
LOAD ./SDK_1.0.3_NUCLEO-F401RE/shared/Drivers/STM32F401RE_StdPeriph_Driver/src/stm32f401re_exti.o
LOAD ./SDK_1.0.3_NUCLEO-F401RE/shared/Drivers/STM32F401RE_StdPeriph_Driver/src/stm32f401re_gpio.o
LOAD ./SDK_1.0.3_NUCLEO-F401RE/shared/Drivers/STM32F401RE_StdPeriph_Driver/src/stm32f401re_i2c.o
LOAD ./SDK_1.0.3_NUCLEO-F401RE/shared/Drivers/STM32F401RE_StdPeriph_Driver/src/stm32f401re_rcc.o
LOAD ./SDK_1.0.3_NUCLEO-F401RE/shared/Drivers/STM32F401RE_StdPeriph_Driver/src/stm32f401re_spi.o
LOAD ./SDK_1.0.3_NUCLEO-F401RE/shared/Drivers/STM32F401RE_StdPeriph_Driver/src/stm32f401re_syscfg.o
LOAD ./SDK_1.0.3_NUCLEO-F401RE/shared/Drivers/STM32F401RE_StdPeriph_Driver/src/stm32f401re_tim.o
LOAD ./SDK_1.0.3_NUCLEO-F401RE/shared/Drivers/STM32F401RE_StdPeriph_Driver/src/stm32f401re_usart.o
LOAD ./SDK_1.0.3_NUCLEO-F401RE/shared/Middle/button/button.o
LOAD ./SDK_1.0.3_NUCLEO-F401RE/shared/Middle/button/eventbutton.o
LOAD ./SDK_1.0.3_NUCLEO-F401RE/shared/Middle/buzzer/buzzer.o
LOAD ./SDK_1.0.3_NUCLEO-F401RE/shared/Middle/buzzer/melody.o
LOAD ./SDK_1.0.3_NUCLEO-F401RE/shared/Middle/led/led.o
LOAD ./SDK_1.0.3_NUCLEO-F401RE/shared/Middle/rtos/eventman.o
LOAD ./SDK_1.0.3_NUCLEO-F401RE/shared/Middle/rtos/timer.o
LOAD ./SDK_1.0.3_NUCLEO-F401RE/shared/Middle/sensor/lightsensor.o
LOAD ./SDK_1.0.3_NUCLEO-F401RE/shared/Middle/sensor/temhumsensor.o
LOAD ./SDK_1.0.3_NUCLEO-F401RE/shared/Middle/serial/serial.o
LOAD ./SDK_1.0.3_NUCLEO-F401RE/shared/Middle/serial/uartcmd.o
LOAD ./SDK_1.0.3_NUCLEO-F401RE/shared/Middle/ucglib/Ucglib.o
LOAD ./SDK_1.0.3_NUCLEO-F401RE/shared/Middle/ucglib/ucg_bitmap.o
LOAD ./SDK_1.0.3_NUCLEO-F401RE/shared/Middle/ucglib/ucg_box.o
LOAD ./SDK_1.0.3_NUCLEO-F401RE/shared/Middle/ucglib/ucg_ccs.o
LOAD ./SDK_1.0.3_NUCLEO-F401RE/shared/Middle/ucglib/ucg_circle.o
LOAD ./SDK_1.0.3_NUCLEO-F401RE/shared/Middle/ucglib/ucg_clip.o
LOAD ./SDK_1.0.3_NUCLEO-F401RE/shared/Middle/ucglib/ucg_com_msg_api.o
LOAD ./SDK_1.0.3_NUCLEO-F401RE/shared/Middle/ucglib/ucg_dev_default_cb.o
LOAD ./SDK_1.0.3_NUCLEO-F401RE/shared/Middle/ucglib/ucg_dev_ic_st7735.o
LOAD ./SDK_1.0.3_NUCLEO-F401RE/shared/Middle/ucglib/ucg_dev_msg_api.o
LOAD ./SDK_1.0.3_NUCLEO-F401RE/shared/Middle/ucglib/ucg_dev_tft_128x128_st7735.o
LOAD ./SDK_1.0.3_NUCLEO-F401RE/shared/Middle/ucglib/ucg_font.o
LOAD ./SDK_1.0.3_NUCLEO-F401RE/shared/Middle/ucglib/ucg_init.o
LOAD ./SDK_1.0.3_NUCLEO-F401RE/shared/Middle/ucglib/ucg_line.o
LOAD ./SDK_1.0.3_NUCLEO-F401RE/shared/Middle/ucglib/ucg_pixel.o
LOAD ./SDK_1.0.3_NUCLEO-F401RE/shared/Middle/ucglib/ucg_pixel_font_data.o
LOAD ./SDK_1.0.3_NUCLEO-F401RE/shared/Middle/ucglib/ucg_polygon.o
LOAD ./SDK_1.0.3_NUCLEO-F401RE/shared/Middle/ucglib/ucg_rotate.o
LOAD ./SDK_1.0.3_NUCLEO-F401RE/shared/Middle/ucglib/ucg_scale.o
LOAD ./SDK_1.0.3_NUCLEO-F401RE/shared/Middle/ucglib/ucg_vector_font_data.o
LOAD ./SDK_1.0.3_NUCLEO-F401RE/shared/Utilities/buff.o
LOAD ./SDK_1.0.3_NUCLEO-F401RE/shared/Utilities/utilities.o
LOAD ./Src/main.o
LOAD ./Src/syscalls.o
LOAD ./Src/sysmem.o
LOAD ./Startup/startup_stm32f401retx.o
LOAD C:\Users\Dell\STM32CubeIDE\library\SDK_1.0.3_NUCLEO-F401RE\lib_stm\libLibraries.a
START GROUP
LOAD c:/st/stm32cubeide_1.12.1/stm32cubeide/plugins/com.st.stm32cube.ide.mcu.externaltools.gnu-tools-for-stm32.10.3-2021.10.win32_1.0.200.202301161003/tools/bin/../lib/gcc/arm-none-eabi/10.3.1/../../../../arm-none-eabi/lib/thumb/v7e-m+fp/hard\libc_nano.a
LOAD c:/st/stm32cubeide_1.12.1/stm32cubeide/plugins/com.st.stm32cube.ide.mcu.externaltools.gnu-tools-for-stm32.10.3-2021.10.win32_1.0.200.202301161003/tools/bin/../lib/gcc/arm-none-eabi/10.3.1/../../../../arm-none-eabi/lib/thumb/v7e-m+fp/hard\libm.a
END GROUP
START GROUP
LOAD c:/st/stm32cubeide_1.12.1/stm32cubeide/plugins/com.st.stm32cube.ide.mcu.externaltools.gnu-tools-for-stm32.10.3-2021.10.win32_1.0.200.202301161003/tools/bin/../lib/gcc/arm-none-eabi/10.3.1/thumb/v7e-m+fp/hard\libgcc.a
LOAD c:/st/stm32cubeide_1.12.1/stm32cubeide/plugins/com.st.stm32cube.ide.mcu.externaltools.gnu-tools-for-stm32.10.3-2021.10.win32_1.0.200.202301161003/tools/bin/../lib/gcc/arm-none-eabi/10.3.1/../../../../arm-none-eabi/lib/thumb/v7e-m+fp/hard\libc_nano.a
END GROUP
START GROUP
LOAD c:/st/stm32cubeide_1.12.1/stm32cubeide/plugins/com.st.stm32cube.ide.mcu.externaltools.gnu-tools-for-stm32.10.3-2021.10.win32_1.0.200.202301161003/tools/bin/../lib/gcc/arm-none-eabi/10.3.1/thumb/v7e-m+fp/hard\libgcc.a
LOAD c:/st/stm32cubeide_1.12.1/stm32cubeide/plugins/com.st.stm32cube.ide.mcu.externaltools.gnu-tools-for-stm32.10.3-2021.10.win32_1.0.200.202301161003/tools/bin/../lib/gcc/arm-none-eabi/10.3.1/../../../../arm-none-eabi/lib/thumb/v7e-m+fp/hard\libc_nano.a
LOAD c:/st/stm32cubeide_1.12.1/stm32cubeide/plugins/com.st.stm32cube.ide.mcu.externaltools.gnu-tools-for-stm32.10.3-2021.10.win32_1.0.200.202301161003/tools/bin/../lib/gcc/arm-none-eabi/10.3.1/../../../../arm-none-eabi/lib/thumb/v7e-m+fp/hard\libnosys.a
END GROUP
START GROUP
LOAD c:/st/stm32cubeide_1.12.1/stm32cubeide/plugins/com.st.stm32cube.ide.mcu.externaltools.gnu-tools-for-stm32.10.3-2021.10.win32_1.0.200.202301161003/tools/bin/../lib/gcc/arm-none-eabi/10.3.1/thumb/v7e-m+fp/hard\libgcc.a
LOAD c:/st/stm32cubeide_1.12.1/stm32cubeide/plugins/com.st.stm32cube.ide.mcu.externaltools.gnu-tools-for-stm32.10.3-2021.10.win32_1.0.200.202301161003/tools/bin/../lib/gcc/arm-none-eabi/10.3.1/../../../../arm-none-eabi/lib/thumb/v7e-m+fp/hard\libc_nano.a
LOAD c:/st/stm32cubeide_1.12.1/stm32cubeide/plugins/com.st.stm32cube.ide.mcu.externaltools.gnu-tools-for-stm32.10.3-2021.10.win32_1.0.200.202301161003/tools/bin/../lib/gcc/arm-none-eabi/10.3.1/../../../../arm-none-eabi/lib/thumb/v7e-m+fp/hard\libnosys.a
END GROUP
LOAD c:/st/stm32cubeide_1.12.1/stm32cubeide/plugins/com.st.stm32cube.ide.mcu.externaltools.gnu-tools-for-stm32.10.3-2021.10.win32_1.0.200.202301161003/tools/bin/../lib/gcc/arm-none-eabi/10.3.1/thumb/v7e-m+fp/hard/crtend.o
LOAD c:/st/stm32cubeide_1.12.1/stm32cubeide/plugins/com.st.stm32cube.ide.mcu.externaltools.gnu-tools-for-stm32.10.3-2021.10.win32_1.0.200.202301161003/tools/bin/../lib/gcc/arm-none-eabi/10.3.1/thumb/v7e-m+fp/hard/crtn.o
                0x0000000020018000                _estack = (ORIGIN (RAM) + LENGTH (RAM))
                0x0000000000000200                _Min_Heap_Size = 0x200
                0x0000000000000400                _Min_Stack_Size = 0x400

.isr_vector     0x0000000008000000      0x194
                0x0000000008000000                . = ALIGN (0x4)
 *(.isr_vector)
 .isr_vector    0x0000000008000000      0x194 ./Startup/startup_stm32f401retx.o
                0x0000000008000000                g_pfnVectors
                0x0000000008000194                . = ALIGN (0x4)

.text           0x00000000080001a0     0x58e0
                0x00000000080001a0                . = ALIGN (0x4)
 *(.text)
 .text          0x00000000080001a0       0x40 c:/st/stm32cubeide_1.12.1/stm32cubeide/plugins/com.st.stm32cube.ide.mcu.externaltools.gnu-tools-for-stm32.10.3-2021.10.win32_1.0.200.202301161003/tools/bin/../lib/gcc/arm-none-eabi/10.3.1/thumb/v7e-m+fp/hard/crtbegin.o
 .text          0x00000000080001e0       0xa0 c:/st/stm32cubeide_1.12.1/stm32cubeide/plugins/com.st.stm32cube.ide.mcu.externaltools.gnu-tools-for-stm32.10.3-2021.10.win32_1.0.200.202301161003/tools/bin/../lib/gcc/arm-none-eabi/10.3.1/../../../../arm-none-eabi/lib/thumb/v7e-m+fp/hard\libc_nano.a(lib_a-memchr.o)
                0x00000000080001e0                memchr
 *(.text*)
 .text.SystemInit
                0x0000000008000280       0x6c ./SDK_1.0.3_NUCLEO-F401RE/shared/Drivers/CMSIS/Source/system_stm32f4xx.o
                0x0000000008000280                SystemInit
 .text.SystemCoreClockUpdate
                0x00000000080002ec      0x104 ./SDK_1.0.3_NUCLEO-F401RE/shared/Drivers/CMSIS/Source/system_stm32f4xx.o
                0x00000000080002ec                SystemCoreClockUpdate
 .text.SetSysClock
                0x00000000080003f0       0xa4 ./SDK_1.0.3_NUCLEO-F401RE/shared/Drivers/CMSIS/Source/system_stm32f4xx.o
 .text.GPIO_Init
                0x0000000008000494      0x11e ./SDK_1.0.3_NUCLEO-F401RE/shared/Drivers/STM32F401RE_StdPeriph_Driver/src/stm32f401re_gpio.o
                0x0000000008000494                GPIO_Init
 .text.GPIO_ReadInputDataBit
                0x00000000080005b2       0x34 ./SDK_1.0.3_NUCLEO-F401RE/shared/Drivers/STM32F401RE_StdPeriph_Driver/src/stm32f401re_gpio.o
                0x00000000080005b2                GPIO_ReadInputDataBit
 .text.GPIO_WriteBit
                0x00000000080005e6       0x30 ./SDK_1.0.3_NUCLEO-F401RE/shared/Drivers/STM32F401RE_StdPeriph_Driver/src/stm32f401re_gpio.o
                0x00000000080005e6                GPIO_WriteBit
 .text.GPIO_PinAFConfig
                0x0000000008000616       0x92 ./SDK_1.0.3_NUCLEO-F401RE/shared/Drivers/STM32F401RE_StdPeriph_Driver/src/stm32f401re_gpio.o
                0x0000000008000616                GPIO_PinAFConfig
 .text.RCC_GetClocksFreq
                0x00000000080006a8      0x15c ./SDK_1.0.3_NUCLEO-F401RE/shared/Drivers/STM32F401RE_StdPeriph_Driver/src/stm32f401re_rcc.o
                0x00000000080006a8                RCC_GetClocksFreq
 .text.RCC_AHB1PeriphClockCmd
                0x0000000008000804       0x40 ./SDK_1.0.3_NUCLEO-F401RE/shared/Drivers/STM32F401RE_StdPeriph_Driver/src/stm32f401re_rcc.o
                0x0000000008000804                RCC_AHB1PeriphClockCmd
 .text.RCC_APB1PeriphClockCmd
                0x0000000008000844       0x40 ./SDK_1.0.3_NUCLEO-F401RE/shared/Drivers/STM32F401RE_StdPeriph_Driver/src/stm32f401re_rcc.o
                0x0000000008000844                RCC_APB1PeriphClockCmd
 .text.RCC_APB2PeriphClockCmd
                0x0000000008000884       0x40 ./SDK_1.0.3_NUCLEO-F401RE/shared/Drivers/STM32F401RE_StdPeriph_Driver/src/stm32f401re_rcc.o
                0x0000000008000884                RCC_APB2PeriphClockCmd
 .text.TIM_TimeBaseInit
                0x00000000080008c4       0xd8 ./SDK_1.0.3_NUCLEO-F401RE/shared/Drivers/STM32F401RE_StdPeriph_Driver/src/stm32f401re_tim.o
                0x00000000080008c4                TIM_TimeBaseInit
 .text.TIM_Cmd  0x000000000800099c       0x40 ./SDK_1.0.3_NUCLEO-F401RE/shared/Drivers/STM32F401RE_StdPeriph_Driver/src/stm32f401re_tim.o
                0x000000000800099c                TIM_Cmd
 .text.TIM_OC1Init
                0x00000000080009dc       0xf4 ./SDK_1.0.3_NUCLEO-F401RE/shared/Drivers/STM32F401RE_StdPeriph_Driver/src/stm32f401re_tim.o
                0x00000000080009dc                TIM_OC1Init
 .text.TIM_OC2Init
                0x0000000008000ad0      0x110 ./SDK_1.0.3_NUCLEO-F401RE/shared/Drivers/STM32F401RE_StdPeriph_Driver/src/stm32f401re_tim.o
                0x0000000008000ad0                TIM_OC2Init
 .text.TIM_OC3Init
                0x0000000008000be0      0x10c ./SDK_1.0.3_NUCLEO-F401RE/shared/Drivers/STM32F401RE_StdPeriph_Driver/src/stm32f401re_tim.o
                0x0000000008000be0                TIM_OC3Init
 .text.TIM_OC4Init
                0x0000000008000cec       0xd0 ./SDK_1.0.3_NUCLEO-F401RE/shared/Drivers/STM32F401RE_StdPeriph_Driver/src/stm32f401re_tim.o
                0x0000000008000cec                TIM_OC4Init
 .text.TIM_CtrlPWMOutputs
                0x0000000008000dbc       0x4c ./SDK_1.0.3_NUCLEO-F401RE/shared/Drivers/STM32F401RE_StdPeriph_Driver/src/stm32f401re_tim.o
                0x0000000008000dbc                TIM_CtrlPWMOutputs
 .text.USART_ReceiveData
                0x0000000008000e08       0x20 ./SDK_1.0.3_NUCLEO-F401RE/shared/Drivers/STM32F401RE_StdPeriph_Driver/src/stm32f401re_usart.o
                0x0000000008000e08                USART_ReceiveData
 .text.USART_GetITStatus
                0x0000000008000e28       0xb6 ./SDK_1.0.3_NUCLEO-F401RE/shared/Drivers/STM32F401RE_StdPeriph_Driver/src/stm32f401re_usart.o
                0x0000000008000e28                USART_GetITStatus
 .text.USART_ClearITPendingBit
                0x0000000008000ede       0x3a ./SDK_1.0.3_NUCLEO-F401RE/shared/Drivers/STM32F401RE_StdPeriph_Driver/src/stm32f401re_usart.o
                0x0000000008000ede                USART_ClearITPendingBit
 .text.Button_Init
                0x0000000008000f18       0xbc ./SDK_1.0.3_NUCLEO-F401RE/shared/Middle/button/button.o
                0x0000000008000f18                Button_Init
 .text.Button_SetMode
                0x0000000008000fd4       0x3c ./SDK_1.0.3_NUCLEO-F401RE/shared/Middle/button/button.o
                0x0000000008000fd4                Button_SetMode
 .text.Button_RegisterEventCallback
                0x0000000008001010       0x28 ./SDK_1.0.3_NUCLEO-F401RE/shared/Middle/button/button.o
                0x0000000008001010                Button_RegisterEventCallback
 .text.ButtonScanTypeEdge
                0x0000000008001038      0x200 ./SDK_1.0.3_NUCLEO-F401RE/shared/Middle/button/button.o
 .text.ButtonScan
                0x0000000008001238       0x4c ./SDK_1.0.3_NUCLEO-F401RE/shared/Middle/button/button.o
 .text.BTNGPIO_Init
                0x0000000008001284       0x6c ./SDK_1.0.3_NUCLEO-F401RE/shared/Middle/button/button.o
 .text.EventButton_Init
                0x00000000080012f0       0x6c ./SDK_1.0.3_NUCLEO-F401RE/shared/Middle/button/eventbutton.o
                0x00000000080012f0                EventButton_Init
 .text.ButtonProcessEventEdge
                0x000000000800135c       0x34 ./SDK_1.0.3_NUCLEO-F401RE/shared/Middle/button/eventbutton.o
 .text.ButtonProcessEventPress
                0x0000000008001390       0x48 ./SDK_1.0.3_NUCLEO-F401RE/shared/Middle/button/eventbutton.o
 .text.ButtonProcessEventHold
                0x00000000080013d8       0x5e ./SDK_1.0.3_NUCLEO-F401RE/shared/Middle/button/eventbutton.o
 .text.ButtonProcessEventRelease
                0x0000000008001436       0x5e ./SDK_1.0.3_NUCLEO-F401RE/shared/Middle/button/eventbutton.o
 .text.LedControl_Init
                0x0000000008001494       0x10 ./SDK_1.0.3_NUCLEO-F401RE/shared/Middle/led/led.o
                0x0000000008001494                LedControl_Init
 .text.LEDGPIO_Config
                0x00000000080014a4       0x94 ./SDK_1.0.3_NUCLEO-F401RE/shared/Middle/led/led.o
 .text.LEDTIM_Config
                0x0000000008001538       0xec ./SDK_1.0.3_NUCLEO-F401RE/shared/Middle/led/led.o
 .text.EventSchedulerInit
                0x0000000008001624       0x38 ./SDK_1.0.3_NUCLEO-F401RE/shared/Middle/rtos/eventman.o
                0x0000000008001624                EventSchedulerInit
 .text.EventSchedulerAdd
                0x000000000800165c       0x2c ./SDK_1.0.3_NUCLEO-F401RE/shared/Middle/rtos/eventman.o
                0x000000000800165c                EventSchedulerAdd
 .text.processEventScheduler
                0x0000000008001688       0x38 ./SDK_1.0.3_NUCLEO-F401RE/shared/Middle/rtos/eventman.o
                0x0000000008001688                processEventScheduler
 .text.NVIC_SetPriority
                0x00000000080016c0       0x54 ./SDK_1.0.3_NUCLEO-F401RE/shared/Middle/rtos/timer.o
 .text.SysTick_Config
                0x0000000008001714       0x44 ./SDK_1.0.3_NUCLEO-F401RE/shared/Middle/rtos/timer.o
 .text.TimerInit
                0x0000000008001758       0x44 ./SDK_1.0.3_NUCLEO-F401RE/shared/Middle/rtos/timer.o
                0x0000000008001758                TimerInit
 .text.TimerStart
                0x000000000800179c       0xc4 ./SDK_1.0.3_NUCLEO-F401RE/shared/Middle/rtos/timer.o
                0x000000000800179c                TimerStart
 .text.TimerStop
                0x0000000008001860       0xa0 ./SDK_1.0.3_NUCLEO-F401RE/shared/Middle/rtos/timer.o
                0x0000000008001860                TimerStop
 .text.GetMilSecTick
                0x0000000008001900       0x18 ./SDK_1.0.3_NUCLEO-F401RE/shared/Middle/rtos/timer.o
                0x0000000008001900                GetMilSecTick
 .text.processTimerScheduler
                0x0000000008001918       0xf4 ./SDK_1.0.3_NUCLEO-F401RE/shared/Middle/rtos/timer.o
                0x0000000008001918                processTimerScheduler
 .text.TimeExpired
                0x0000000008001a0c       0xd4 ./SDK_1.0.3_NUCLEO-F401RE/shared/Middle/rtos/timer.o
 .text.SysTick_Handler
                0x0000000008001ae0       0x1c ./SDK_1.0.3_NUCLEO-F401RE/shared/Middle/rtos/timer.o
                0x0000000008001ae0                SysTick_Handler
 .text.USART2_IRQHandler
                0x0000000008001afc       0x54 ./SDK_1.0.3_NUCLEO-F401RE/shared/Middle/serial/serial.o
                0x0000000008001afc                USART2_IRQHandler
 .text.delayMicroseconds
                0x0000000008001b50       0x14 ./SDK_1.0.3_NUCLEO-F401RE/shared/Middle/ucglib/Ucglib.o
 .text.ucg_gpio_init
                0x0000000008001b64       0x60 ./SDK_1.0.3_NUCLEO-F401RE/shared/Middle/ucglib/Ucglib.o
 .text.ucg_com_arduino_send_generic_SW_SPI
                0x0000000008001bc4       0x74 ./SDK_1.0.3_NUCLEO-F401RE/shared/Middle/ucglib/Ucglib.o
 .text.ucg_com_arduino_generic_SW_SPI
                0x0000000008001c38      0x1ec ./SDK_1.0.3_NUCLEO-F401RE/shared/Middle/ucglib/Ucglib.o
 .text.Ucglib4WireSWSPI_begin
                0x0000000008001e24       0x38 ./SDK_1.0.3_NUCLEO-F401RE/shared/Middle/ucglib/Ucglib.o
                0x0000000008001e24                Ucglib4WireSWSPI_begin
 .text.ucg_DrawBox
                0x0000000008001e5c       0x58 ./SDK_1.0.3_NUCLEO-F401RE/shared/Middle/ucglib/ucg_box.o
                0x0000000008001e5c                ucg_DrawBox
 .text.ucg_ClearScreen
                0x0000000008001eb4       0x50 ./SDK_1.0.3_NUCLEO-F401RE/shared/Middle/ucglib/ucg_box.o
                0x0000000008001eb4                ucg_ClearScreen
 .text.ucg_ccs_init
                0x0000000008001f04       0xc0 ./SDK_1.0.3_NUCLEO-F401RE/shared/Middle/ucglib/ucg_ccs.o
                0x0000000008001f04                ucg_ccs_init
 .text.ucg_ccs_step
                0x0000000008001fc4       0x80 ./SDK_1.0.3_NUCLEO-F401RE/shared/Middle/ucglib/ucg_ccs.o
                0x0000000008001fc4                ucg_ccs_step
 .text.ucg_ccs_seek
                0x0000000008002044       0xca ./SDK_1.0.3_NUCLEO-F401RE/shared/Middle/ucglib/ucg_ccs.o
                0x0000000008002044                ucg_ccs_seek
 .text.ucg_clip_is_x_visible
                0x000000000800210e       0x4a ./SDK_1.0.3_NUCLEO-F401RE/shared/Middle/ucglib/ucg_clip.o
 .text.ucg_clip_is_y_visible
                0x0000000008002158       0x4a ./SDK_1.0.3_NUCLEO-F401RE/shared/Middle/ucglib/ucg_clip.o
 .text.ucg_clip_intersection
                0x00000000080021a2       0x74 ./SDK_1.0.3_NUCLEO-F401RE/shared/Middle/ucglib/ucg_clip.o
 .text.ucg_clip_is_pixel_visible
                0x0000000008002216       0x32 ./SDK_1.0.3_NUCLEO-F401RE/shared/Middle/ucglib/ucg_clip.o
                0x0000000008002216                ucg_clip_is_pixel_visible
 .text.ucg_clip_l90fx
                0x0000000008002248      0x300 ./SDK_1.0.3_NUCLEO-F401RE/shared/Middle/ucglib/ucg_clip.o
                0x0000000008002248                ucg_clip_l90fx
 .text.ucg_clip_l90se
                0x0000000008002548       0x54 ./SDK_1.0.3_NUCLEO-F401RE/shared/Middle/ucglib/ucg_clip.o
                0x0000000008002548                ucg_clip_l90se
 .text.ucg_com_PowerDown
                0x000000000800259c       0x3e ./SDK_1.0.3_NUCLEO-F401RE/shared/Middle/ucglib/ucg_com_msg_api.o
                0x000000000800259c                ucg_com_PowerDown
 .text.ucg_com_PowerUp
                0x00000000080025da       0x60 ./SDK_1.0.3_NUCLEO-F401RE/shared/Middle/ucglib/ucg_com_msg_api.o
                0x00000000080025da                ucg_com_PowerUp
 .text.ucg_com_SetLineStatus
                0x000000000800263a       0xe2 ./SDK_1.0.3_NUCLEO-F401RE/shared/Middle/ucglib/ucg_com_msg_api.o
                0x000000000800263a                ucg_com_SetLineStatus
 .text.ucg_com_SetResetLineStatus
                0x000000000800271c       0x20 ./SDK_1.0.3_NUCLEO-F401RE/shared/Middle/ucglib/ucg_com_msg_api.o
                0x000000000800271c                ucg_com_SetResetLineStatus
 .text.ucg_com_SetCSLineStatus
                0x000000000800273c       0x20 ./SDK_1.0.3_NUCLEO-F401RE/shared/Middle/ucglib/ucg_com_msg_api.o
                0x000000000800273c                ucg_com_SetCSLineStatus
 .text.ucg_com_SetCDLineStatus
                0x000000000800275c       0x20 ./SDK_1.0.3_NUCLEO-F401RE/shared/Middle/ucglib/ucg_com_msg_api.o
                0x000000000800275c                ucg_com_SetCDLineStatus
 .text.ucg_com_DelayMicroseconds
                0x000000000800277c       0x22 ./SDK_1.0.3_NUCLEO-F401RE/shared/Middle/ucglib/ucg_com_msg_api.o
                0x000000000800277c                ucg_com_DelayMicroseconds
 .text.ucg_com_DelayMilliseconds
                0x000000000800279e       0x2e ./SDK_1.0.3_NUCLEO-F401RE/shared/Middle/ucglib/ucg_com_msg_api.o
                0x000000000800279e                ucg_com_DelayMilliseconds
 .text.ucg_com_SendByte
                0x00000000080027cc       0x24 ./SDK_1.0.3_NUCLEO-F401RE/shared/Middle/ucglib/ucg_com_msg_api.o
                0x00000000080027cc                ucg_com_SendByte
 .text.ucg_com_SendStringP
                0x00000000080027f0       0x42 ./SDK_1.0.3_NUCLEO-F401RE/shared/Middle/ucglib/ucg_com_msg_api.o
                0x00000000080027f0                ucg_com_SendStringP
 .text.ucg_com_SendCmdArg
                0x0000000008002832       0x74 ./SDK_1.0.3_NUCLEO-F401RE/shared/Middle/ucglib/ucg_com_msg_api.o
 *fill*         0x00000000080028a6        0x2 
 .text.ucg_com_SendCmdSeq
                0x00000000080028a8      0x27c ./SDK_1.0.3_NUCLEO-F401RE/shared/Middle/ucglib/ucg_com_msg_api.o
                0x00000000080028a8                ucg_com_SendCmdSeq
 .text.ucg_dev_default_cb
                0x0000000008002b24       0x44 ./SDK_1.0.3_NUCLEO-F401RE/shared/Middle/ucglib/ucg_dev_default_cb.o
                0x0000000008002b24                ucg_dev_default_cb
 .text.ucg_ext_none
                0x0000000008002b68       0x1c ./SDK_1.0.3_NUCLEO-F401RE/shared/Middle/ucglib/ucg_dev_default_cb.o
                0x0000000008002b68                ucg_ext_none
 .text.ucg_handle_st7735_l90fx
                0x0000000008002b84       0xdc ./SDK_1.0.3_NUCLEO-F401RE/shared/Middle/ucglib/ucg_dev_ic_st7735.o
                0x0000000008002b84                ucg_handle_st7735_l90fx
 .text.ucg_handle_st7735_l90se
                0x0000000008002c60      0x15c ./SDK_1.0.3_NUCLEO-F401RE/shared/Middle/ucglib/ucg_dev_ic_st7735.o
                0x0000000008002c60                ucg_handle_st7735_l90se
 .text.ucg_dev_ic_st7735_18
                0x0000000008002dbc       0xf8 ./SDK_1.0.3_NUCLEO-F401RE/shared/Middle/ucglib/ucg_dev_ic_st7735.o
                0x0000000008002dbc                ucg_dev_ic_st7735_18
 .text.ucg_ext_st7735_18
                0x0000000008002eb4       0x28 ./SDK_1.0.3_NUCLEO-F401RE/shared/Middle/ucglib/ucg_dev_ic_st7735.o
                0x0000000008002eb4                ucg_ext_st7735_18
 .text.ucg_PowerDown
                0x0000000008002edc       0x34 ./SDK_1.0.3_NUCLEO-F401RE/shared/Middle/ucglib/ucg_dev_msg_api.o
                0x0000000008002edc                ucg_PowerDown
 .text.ucg_PowerUp
                0x0000000008002f10       0x3c ./SDK_1.0.3_NUCLEO-F401RE/shared/Middle/ucglib/ucg_dev_msg_api.o
                0x0000000008002f10                ucg_PowerUp
 .text.ucg_SetClipBox
                0x0000000008002f4c       0x1e ./SDK_1.0.3_NUCLEO-F401RE/shared/Middle/ucglib/ucg_dev_msg_api.o
                0x0000000008002f4c                ucg_SetClipBox
 .text.ucg_SetMaxClipRange
                0x0000000008002f6a       0x30 ./SDK_1.0.3_NUCLEO-F401RE/shared/Middle/ucglib/ucg_dev_msg_api.o
                0x0000000008002f6a                ucg_SetMaxClipRange
 .text.ucg_GetDimension
                0x0000000008002f9a       0x24 ./SDK_1.0.3_NUCLEO-F401RE/shared/Middle/ucglib/ucg_dev_msg_api.o
                0x0000000008002f9a                ucg_GetDimension
 .text.ucg_DrawL90FXWithArg
                0x0000000008002fbe       0x1e ./SDK_1.0.3_NUCLEO-F401RE/shared/Middle/ucglib/ucg_dev_msg_api.o
                0x0000000008002fbe                ucg_DrawL90FXWithArg
 .text.ucg_dev_st7735_18x128x128
                0x0000000008002fdc       0x88 ./SDK_1.0.3_NUCLEO-F401RE/shared/Middle/ucglib/ucg_dev_tft_128x128_st7735.o
                0x0000000008002fdc                ucg_dev_st7735_18x128x128
 .text.ucg_font_get_byte
                0x0000000008003064       0x24 ./SDK_1.0.3_NUCLEO-F401RE/shared/Middle/ucglib/ucg_font.o
 .text.ucg_font_get_word
                0x0000000008003088       0x40 ./SDK_1.0.3_NUCLEO-F401RE/shared/Middle/ucglib/ucg_font.o
 .text.ucg_read_font_info
                0x00000000080030c8      0x142 ./SDK_1.0.3_NUCLEO-F401RE/shared/Middle/ucglib/ucg_font.o
                0x00000000080030c8                ucg_read_font_info
 .text.ucg_font_decode_get_unsigned_bits
                0x000000000800320a       0x96 ./SDK_1.0.3_NUCLEO-F401RE/shared/Middle/ucglib/ucg_font.o
                0x000000000800320a                ucg_font_decode_get_unsigned_bits
 .text.ucg_font_decode_get_signed_bits
                0x00000000080032a0       0x46 ./SDK_1.0.3_NUCLEO-F401RE/shared/Middle/ucglib/ucg_font.o
                0x00000000080032a0                ucg_font_decode_get_signed_bits
 .text.ucg_add_vector_y
                0x00000000080032e6       0x80 ./SDK_1.0.3_NUCLEO-F401RE/shared/Middle/ucglib/ucg_font.o
 .text.ucg_add_vector_x
                0x0000000008003366       0x80 ./SDK_1.0.3_NUCLEO-F401RE/shared/Middle/ucglib/ucg_font.o
 .text.ucg_font_decode_len
                0x00000000080033e6      0x114 ./SDK_1.0.3_NUCLEO-F401RE/shared/Middle/ucglib/ucg_font.o
                0x00000000080033e6                ucg_font_decode_len
 .text.ucg_font_setup_decode
                0x00000000080034fa       0x64 ./SDK_1.0.3_NUCLEO-F401RE/shared/Middle/ucglib/ucg_font.o
 .text.ucg_font_decode_glyph
                0x000000000800355e      0x14c ./SDK_1.0.3_NUCLEO-F401RE/shared/Middle/ucglib/ucg_font.o
                0x000000000800355e                ucg_font_decode_glyph
 .text.ucg_font_get_glyph_data
                0x00000000080036aa       0x7a ./SDK_1.0.3_NUCLEO-F401RE/shared/Middle/ucglib/ucg_font.o
                0x00000000080036aa                ucg_font_get_glyph_data
 .text.ucg_font_draw_glyph
                0x0000000008003724       0x62 ./SDK_1.0.3_NUCLEO-F401RE/shared/Middle/ucglib/ucg_font.o
                0x0000000008003724                ucg_font_draw_glyph
 .text.ucg_SetFontMode
                0x0000000008003786       0x20 ./SDK_1.0.3_NUCLEO-F401RE/shared/Middle/ucglib/ucg_font.o
                0x0000000008003786                ucg_SetFontMode
 *fill*         0x00000000080037a6        0x2 
 .text.ucg_DrawGlyph
                0x00000000080037a8       0xb0 ./SDK_1.0.3_NUCLEO-F401RE/shared/Middle/ucglib/ucg_font.o
                0x00000000080037a8                ucg_DrawGlyph
 .text.task_drawString
                0x0000000008003858      0x138 ./SDK_1.0.3_NUCLEO-F401RE/shared/Middle/ucglib/ucg_font.o
                0x0000000008003858                task_drawString
 .text.ucg_DrawString
                0x0000000008003990       0x78 ./SDK_1.0.3_NUCLEO-F401RE/shared/Middle/ucglib/ucg_font.o
                0x0000000008003990                ucg_DrawString
 .text.ucg_UpdateRefHeight
                0x0000000008003a08       0xd8 ./SDK_1.0.3_NUCLEO-F401RE/shared/Middle/ucglib/ucg_font.o
                0x0000000008003a08                ucg_UpdateRefHeight
 .text.ucg_font_calc_vref_font
                0x0000000008003ae0       0x16 ./SDK_1.0.3_NUCLEO-F401RE/shared/Middle/ucglib/ucg_font.o
                0x0000000008003ae0                ucg_font_calc_vref_font
 *fill*         0x0000000008003af6        0x2 
 .text.ucg_SetFontPosBaseline
                0x0000000008003af8       0x20 ./SDK_1.0.3_NUCLEO-F401RE/shared/Middle/ucglib/ucg_font.o
                0x0000000008003af8                ucg_SetFontPosBaseline
 .text.ucg_SetFont
                0x0000000008003b18       0x4c ./SDK_1.0.3_NUCLEO-F401RE/shared/Middle/ucglib/ucg_font.o
                0x0000000008003b18                ucg_SetFont
 .text.ucg_init_struct
                0x0000000008003b64       0x50 ./SDK_1.0.3_NUCLEO-F401RE/shared/Middle/ucglib/ucg_init.o
                0x0000000008003b64                ucg_init_struct
 .text.ucg_Init
                0x0000000008003bb4       0x5c ./SDK_1.0.3_NUCLEO-F401RE/shared/Middle/ucglib/ucg_init.o
                0x0000000008003bb4                ucg_Init
 .text.ucg_Draw90Line
                0x0000000008003c10       0x88 ./SDK_1.0.3_NUCLEO-F401RE/shared/Middle/ucglib/ucg_line.o
                0x0000000008003c10                ucg_Draw90Line
 .text.ucg_DrawHLine
                0x0000000008003c98       0x3c ./SDK_1.0.3_NUCLEO-F401RE/shared/Middle/ucglib/ucg_line.o
                0x0000000008003c98                ucg_DrawHLine
 .text.ucg_SetColor
                0x0000000008003cd4       0x5c ./SDK_1.0.3_NUCLEO-F401RE/shared/Middle/ucglib/ucg_pixel.o
                0x0000000008003cd4                ucg_SetColor
 .text.ucg_UndoRotate
                0x0000000008003d30       0x32 ./SDK_1.0.3_NUCLEO-F401RE/shared/Middle/ucglib/ucg_rotate.o
                0x0000000008003d30                ucg_UndoRotate
 .text.ucg_rotate_180_xy
                0x0000000008003d62       0x66 ./SDK_1.0.3_NUCLEO-F401RE/shared/Middle/ucglib/ucg_rotate.o
 .text.ucg_dev_rotate180
                0x0000000008003dc8      0x100 ./SDK_1.0.3_NUCLEO-F401RE/shared/Middle/ucglib/ucg_rotate.o
                0x0000000008003dc8                ucg_dev_rotate180
 .text.ucg_SetRotate180
                0x0000000008003ec8       0x34 ./SDK_1.0.3_NUCLEO-F401RE/shared/Middle/ucglib/ucg_rotate.o
                0x0000000008003ec8                ucg_SetRotate180
 .text.bufInit  0x0000000008003efc       0x36 ./SDK_1.0.3_NUCLEO-F401RE/shared/Utilities/buff.o
                0x0000000008003efc                bufInit
 .text.bufNumItems
                0x0000000008003f32       0x18 ./SDK_1.0.3_NUCLEO-F401RE/shared/Utilities/buff.o
                0x0000000008003f32                bufNumItems
 .text.bufIsFull
                0x0000000008003f4a       0x26 ./SDK_1.0.3_NUCLEO-F401RE/shared/Utilities/buff.o
                0x0000000008003f4a                bufIsFull
 .text.bufIsEmpty
                0x0000000008003f70       0x26 ./SDK_1.0.3_NUCLEO-F401RE/shared/Utilities/buff.o
                0x0000000008003f70                bufIsEmpty
 .text.bufFlush
                0x0000000008003f96       0x32 ./SDK_1.0.3_NUCLEO-F401RE/shared/Utilities/buff.o
                0x0000000008003f96                bufFlush
 .text.bufEnDat
                0x0000000008003fc8       0xa0 ./SDK_1.0.3_NUCLEO-F401RE/shared/Utilities/buff.o
                0x0000000008003fc8                bufEnDat
 .text.bufDeDat
                0x0000000008004068       0x8a ./SDK_1.0.3_NUCLEO-F401RE/shared/Utilities/buff.o
                0x0000000008004068                bufDeDat
 .text.memsetl  0x00000000080040f2       0x34 ./SDK_1.0.3_NUCLEO-F401RE/shared/Utilities/utilities.o
                0x00000000080040f2                memsetl
 .text.main     0x0000000008004126       0x1e ./Src/main.o
                0x0000000008004126                main
 .text.AppInitCommon
                0x0000000008004144       0xb0 ./Src/main.o
 .text.GetStateApp
                0x00000000080041f4       0x18 ./Src/main.o
 .text.SetStateApp
                0x000000000800420c       0x20 ./Src/main.o
 .text.AppStateManager
                0x000000000800422c       0x50 ./Src/main.o
 .text.LoadConfiguration
                0x000000000800427c       0x98 ./Src/main.o
 .text.DeviceStateMachine
                0x0000000008004314       0x24 ./Src/main.o
                0x0000000008004314                DeviceStateMachine
 .text._getpid  0x0000000008004338       0x10 ./Src/syscalls.o
                0x0000000008004338                _getpid
 .text._kill    0x0000000008004348       0x20 ./Src/syscalls.o
                0x0000000008004348                _kill
 .text._exit    0x0000000008004368       0x14 ./Src/syscalls.o
                0x0000000008004368                _exit
 .text._read    0x000000000800437c       0x3a ./Src/syscalls.o
                0x000000000800437c                _read
 .text._write   0x00000000080043b6       0x38 ./Src/syscalls.o
                0x00000000080043b6                _write
 .text._close   0x00000000080043ee       0x18 ./Src/syscalls.o
                0x00000000080043ee                _close
 .text._fstat   0x0000000008004406       0x20 ./Src/syscalls.o
                0x0000000008004406                _fstat
 .text._isatty  0x0000000008004426       0x16 ./Src/syscalls.o
                0x0000000008004426                _isatty
 .text._lseek   0x000000000800443c       0x1a ./Src/syscalls.o
                0x000000000800443c                _lseek
 *fill*         0x0000000008004456        0x2 
 .text._sbrk    0x0000000008004458       0x6c ./Src/sysmem.o
                0x0000000008004458                _sbrk
 .text.Reset_Handler
                0x00000000080044c4       0x50 ./Startup/startup_stm32f401retx.o
                0x00000000080044c4                Reset_Handler
 .text.Default_Handler
                0x0000000008004514        0x2 ./Startup/startup_stm32f401retx.o
                0x0000000008004514                EXTI2_IRQHandler
                0x0000000008004514                DebugMon_Handler
                0x0000000008004514                SPI4_IRQHandler
                0x0000000008004514                TIM1_CC_IRQHandler
                0x0000000008004514                DMA2_Stream5_IRQHandler
                0x0000000008004514                HardFault_Handler
                0x0000000008004514                DMA1_Stream5_IRQHandler
                0x0000000008004514                SDIO_IRQHandler
                0x0000000008004514                TAMP_STAMP_IRQHandler
                0x0000000008004514                PendSV_Handler
                0x0000000008004514                NMI_Handler
                0x0000000008004514                EXTI3_IRQHandler
                0x0000000008004514                TIM1_UP_TIM10_IRQHandler
                0x0000000008004514                I2C3_ER_IRQHandler
                0x0000000008004514                EXTI18_OTG_FS_WKUP_IRQHandler
                0x0000000008004514                EXTI0_IRQHandler
                0x0000000008004514                I2C2_EV_IRQHandler
                0x0000000008004514                DMA1_Stream2_IRQHandler
                0x0000000008004514                UsageFault_Handler
                0x0000000008004514                DMA2_Stream2_IRQHandler
                0x0000000008004514                SPI1_IRQHandler
                0x0000000008004514                TIM1_BRK_TIM9_IRQHandler
                0x0000000008004514                DMA2_Stream3_IRQHandler
                0x0000000008004514                USART6_IRQHandler
                0x0000000008004514                DMA2_Stream0_IRQHandler
                0x0000000008004514                TIM4_IRQHandler
                0x0000000008004514                I2C1_EV_IRQHandler
                0x0000000008004514                DMA1_Stream6_IRQHandler
                0x0000000008004514                DMA1_Stream1_IRQHandler
                0x0000000008004514                TIM3_IRQHandler
                0x0000000008004514                RCC_IRQHandler
                0x0000000008004514                Default_Handler
                0x0000000008004514                EXTI15_10_IRQHandler
                0x0000000008004514                ADC_IRQHandler
                0x0000000008004514                DMA1_Stream7_IRQHandler
                0x0000000008004514                TIM5_IRQHandler
                0x0000000008004514                DMA2_Stream7_IRQHandler
                0x0000000008004514                I2C3_EV_IRQHandler
                0x0000000008004514                EXTI9_5_IRQHandler
                0x0000000008004514                SPI2_IRQHandler
                0x0000000008004514                MemManage_Handler
                0x0000000008004514                DMA1_Stream0_IRQHandler
                0x0000000008004514                SVC_Handler
                0x0000000008004514                EXTI4_IRQHandler
                0x0000000008004514                EXTI22_RTC_WKUP_IRQHandler
                0x0000000008004514                TIM2_IRQHandler
                0x0000000008004514                EXTI16_PVD_IRQHandler
                0x0000000008004514                TIM1_TRG_COM_TIM11_IRQHandler
                0x0000000008004514                EXTI1_IRQHandler
                0x0000000008004514                EXTI17_RTC_Alarm_IRQHandler
                0x0000000008004514                I2C2_ER_IRQHandler
                0x0000000008004514                DMA2_Stream1_IRQHandler
                0x0000000008004514                FLASH_IRQHandler
                0x0000000008004514                DMA2_Stream4_IRQHandler
                0x0000000008004514                BusFault_Handler
                0x0000000008004514                USART1_IRQHandler
                0x0000000008004514                OTG_FS_IRQHandler
                0x0000000008004514                SPI3_IRQHandler
                0x0000000008004514                DMA1_Stream4_IRQHandler
                0x0000000008004514                I2C1_ER_IRQHandler
                0x0000000008004514                DMA2_Stream6_IRQHandler
                0x0000000008004514                DMA1_Stream3_IRQHandler
 *fill*         0x0000000008004516        0x2 
 .text.__errno  0x0000000008004518        0xc c:/st/stm32cubeide_1.12.1/stm32cubeide/plugins/com.st.stm32cube.ide.mcu.externaltools.gnu-tools-for-stm32.10.3-2021.10.win32_1.0.200.202301161003/tools/bin/../lib/gcc/arm-none-eabi/10.3.1/../../../../arm-none-eabi/lib/thumb/v7e-m+fp/hard\libc_nano.a(lib_a-errno.o)
                0x0000000008004518                __errno
 .text.__libc_init_array
                0x0000000008004524       0x48 c:/st/stm32cubeide_1.12.1/stm32cubeide/plugins/com.st.stm32cube.ide.mcu.externaltools.gnu-tools-for-stm32.10.3-2021.10.win32_1.0.200.202301161003/tools/bin/../lib/gcc/arm-none-eabi/10.3.1/../../../../arm-none-eabi/lib/thumb/v7e-m+fp/hard\libc_nano.a(lib_a-init.o)
                0x0000000008004524                __libc_init_array
 .text.memset   0x000000000800456c       0x10 c:/st/stm32cubeide_1.12.1/stm32cubeide/plugins/com.st.stm32cube.ide.mcu.externaltools.gnu-tools-for-stm32.10.3-2021.10.win32_1.0.200.202301161003/tools/bin/../lib/gcc/arm-none-eabi/10.3.1/../../../../arm-none-eabi/lib/thumb/v7e-m+fp/hard\libc_nano.a(lib_a-memset.o)
                0x000000000800456c                memset
 .text.srand    0x000000000800457c       0x5c c:/st/stm32cubeide_1.12.1/stm32cubeide/plugins/com.st.stm32cube.ide.mcu.externaltools.gnu-tools-for-stm32.10.3-2021.10.win32_1.0.200.202301161003/tools/bin/../lib/gcc/arm-none-eabi/10.3.1/../../../../arm-none-eabi/lib/thumb/v7e-m+fp/hard\libc_nano.a(lib_a-rand.o)
                0x000000000800457c                srand
 .text.rand     0x00000000080045d8       0x7c c:/st/stm32cubeide_1.12.1/stm32cubeide/plugins/com.st.stm32cube.ide.mcu.externaltools.gnu-tools-for-stm32.10.3-2021.10.win32_1.0.200.202301161003/tools/bin/../lib/gcc/arm-none-eabi/10.3.1/../../../../arm-none-eabi/lib/thumb/v7e-m+fp/hard\libc_nano.a(lib_a-rand.o)
                0x00000000080045d8                rand
 .text.sprintf  0x0000000008004654       0x40 c:/st/stm32cubeide_1.12.1/stm32cubeide/plugins/com.st.stm32cube.ide.mcu.externaltools.gnu-tools-for-stm32.10.3-2021.10.win32_1.0.200.202301161003/tools/bin/../lib/gcc/arm-none-eabi/10.3.1/../../../../arm-none-eabi/lib/thumb/v7e-m+fp/hard\libc_nano.a(lib_a-sprintf.o)
                0x0000000008004654                siprintf
                0x0000000008004654                sprintf
 .text.time     0x0000000008004694       0x34 c:/st/stm32cubeide_1.12.1/stm32cubeide/plugins/com.st.stm32cube.ide.mcu.externaltools.gnu-tools-for-stm32.10.3-2021.10.win32_1.0.200.202301161003/tools/bin/../lib/gcc/arm-none-eabi/10.3.1/../../../../arm-none-eabi/lib/thumb/v7e-m+fp/hard\libc_nano.a(lib_a-time.o)
                0x0000000008004694                time
 .text.__assert_func
                0x00000000080046c8       0x3c c:/st/stm32cubeide_1.12.1/stm32cubeide/plugins/com.st.stm32cube.ide.mcu.externaltools.gnu-tools-for-stm32.10.3-2021.10.win32_1.0.200.202301161003/tools/bin/../lib/gcc/arm-none-eabi/10.3.1/../../../../arm-none-eabi/lib/thumb/v7e-m+fp/hard\libc_nano.a(lib_a-assert.o)
                0x00000000080046c8                __assert_func
 .text.fprintf  0x0000000008004704       0x24 c:/st/stm32cubeide_1.12.1/stm32cubeide/plugins/com.st.stm32cube.ide.mcu.externaltools.gnu-tools-for-stm32.10.3-2021.10.win32_1.0.200.202301161003/tools/bin/../lib/gcc/arm-none-eabi/10.3.1/../../../../arm-none-eabi/lib/thumb/v7e-m+fp/hard\libc_nano.a(lib_a-fprintf.o)
                0x0000000008004704                fiprintf
                0x0000000008004704                fprintf
 .text._gettimeofday_r
                0x0000000008004728       0x24 c:/st/stm32cubeide_1.12.1/stm32cubeide/plugins/com.st.stm32cube.ide.mcu.externaltools.gnu-tools-for-stm32.10.3-2021.10.win32_1.0.200.202301161003/tools/bin/../lib/gcc/arm-none-eabi/10.3.1/../../../../arm-none-eabi/lib/thumb/v7e-m+fp/hard\libc_nano.a(lib_a-gettimeofdayr.o)
                0x0000000008004728                _gettimeofday_r
 .text.malloc   0x000000000800474c       0x10 c:/st/stm32cubeide_1.12.1/stm32cubeide/plugins/com.st.stm32cube.ide.mcu.externaltools.gnu-tools-for-stm32.10.3-2021.10.win32_1.0.200.202301161003/tools/bin/../lib/gcc/arm-none-eabi/10.3.1/../../../../arm-none-eabi/lib/thumb/v7e-m+fp/hard\libc_nano.a(lib_a-malloc.o)
                0x000000000800474c                malloc
 .text._free_r  0x000000000800475c       0x98 c:/st/stm32cubeide_1.12.1/stm32cubeide/plugins/com.st.stm32cube.ide.mcu.externaltools.gnu-tools-for-stm32.10.3-2021.10.win32_1.0.200.202301161003/tools/bin/../lib/gcc/arm-none-eabi/10.3.1/../../../../arm-none-eabi/lib/thumb/v7e-m+fp/hard\libc_nano.a(lib_a-nano-freer.o)
                0x000000000800475c                _free_r
 .text.sbrk_aligned
                0x00000000080047f4       0x40 c:/st/stm32cubeide_1.12.1/stm32cubeide/plugins/com.st.stm32cube.ide.mcu.externaltools.gnu-tools-for-stm32.10.3-2021.10.win32_1.0.200.202301161003/tools/bin/../lib/gcc/arm-none-eabi/10.3.1/../../../../arm-none-eabi/lib/thumb/v7e-m+fp/hard\libc_nano.a(lib_a-nano-mallocr.o)
 .text._malloc_r
                0x0000000008004834       0xe8 c:/st/stm32cubeide_1.12.1/stm32cubeide/plugins/com.st.stm32cube.ide.mcu.externaltools.gnu-tools-for-stm32.10.3-2021.10.win32_1.0.200.202301161003/tools/bin/../lib/gcc/arm-none-eabi/10.3.1/../../../../arm-none-eabi/lib/thumb/v7e-m+fp/hard\libc_nano.a(lib_a-nano-mallocr.o)
                0x0000000008004834                _malloc_r
 .text.__ssputs_r
                0x000000000800491c       0xb6 c:/st/stm32cubeide_1.12.1/stm32cubeide/plugins/com.st.stm32cube.ide.mcu.externaltools.gnu-tools-for-stm32.10.3-2021.10.win32_1.0.200.202301161003/tools/bin/../lib/gcc/arm-none-eabi/10.3.1/../../../../arm-none-eabi/lib/thumb/v7e-m+fp/hard\libc_nano.a(lib_a-nano-svfprintf.o)
                0x000000000800491c                __ssputs_r
 *fill*         0x00000000080049d2        0x2 
 .text._svfprintf_r
                0x00000000080049d4      0x200 c:/st/stm32cubeide_1.12.1/stm32cubeide/plugins/com.st.stm32cube.ide.mcu.externaltools.gnu-tools-for-stm32.10.3-2021.10.win32_1.0.200.202301161003/tools/bin/../lib/gcc/arm-none-eabi/10.3.1/../../../../arm-none-eabi/lib/thumb/v7e-m+fp/hard\libc_nano.a(lib_a-nano-svfprintf.o)
                0x00000000080049d4                _svfiprintf_r
                0x00000000080049d4                _svfprintf_r
 .text.__sfputc_r
                0x0000000008004bd4       0x2e c:/st/stm32cubeide_1.12.1/stm32cubeide/plugins/com.st.stm32cube.ide.mcu.externaltools.gnu-tools-for-stm32.10.3-2021.10.win32_1.0.200.202301161003/tools/bin/../lib/gcc/arm-none-eabi/10.3.1/../../../../arm-none-eabi/lib/thumb/v7e-m+fp/hard\libc_nano.a(lib_a-nano-vfprintf.o)
 .text.__sfputs_r
                0x0000000008004c02       0x24 c:/st/stm32cubeide_1.12.1/stm32cubeide/plugins/com.st.stm32cube.ide.mcu.externaltools.gnu-tools-for-stm32.10.3-2021.10.win32_1.0.200.202301161003/tools/bin/../lib/gcc/arm-none-eabi/10.3.1/../../../../arm-none-eabi/lib/thumb/v7e-m+fp/hard\libc_nano.a(lib_a-nano-vfprintf.o)
                0x0000000008004c02                __sfputs_r
 *fill*         0x0000000008004c26        0x2 
 .text._vfprintf_r
                0x0000000008004c28      0x260 c:/st/stm32cubeide_1.12.1/stm32cubeide/plugins/com.st.stm32cube.ide.mcu.externaltools.gnu-tools-for-stm32.10.3-2021.10.win32_1.0.200.202301161003/tools/bin/../lib/gcc/arm-none-eabi/10.3.1/../../../../arm-none-eabi/lib/thumb/v7e-m+fp/hard\libc_nano.a(lib_a-nano-vfprintf.o)
                0x0000000008004c28                _vfprintf_r
                0x0000000008004c28                _vfiprintf_r
 .text._printf_common
                0x0000000008004e88       0xda c:/st/stm32cubeide_1.12.1/stm32cubeide/plugins/com.st.stm32cube.ide.mcu.externaltools.gnu-tools-for-stm32.10.3-2021.10.win32_1.0.200.202301161003/tools/bin/../lib/gcc/arm-none-eabi/10.3.1/../../../../arm-none-eabi/lib/thumb/v7e-m+fp/hard\libc_nano.a(lib_a-nano-vfprintf_i.o)
                0x0000000008004e88                _printf_common
 *fill*         0x0000000008004f62        0x2 
 .text._printf_i
                0x0000000008004f64      0x24c c:/st/stm32cubeide_1.12.1/stm32cubeide/plugins/com.st.stm32cube.ide.mcu.externaltools.gnu-tools-for-stm32.10.3-2021.10.win32_1.0.200.202301161003/tools/bin/../lib/gcc/arm-none-eabi/10.3.1/../../../../arm-none-eabi/lib/thumb/v7e-m+fp/hard\libc_nano.a(lib_a-nano-vfprintf_i.o)
                0x0000000008004f64                _printf_i
 .text._sbrk_r  0x00000000080051b0       0x20 c:/st/stm32cubeide_1.12.1/stm32cubeide/plugins/com.st.stm32cube.ide.mcu.externaltools.gnu-tools-for-stm32.10.3-2021.10.win32_1.0.200.202301161003/tools/bin/../lib/gcc/arm-none-eabi/10.3.1/../../../../arm-none-eabi/lib/thumb/v7e-m+fp/hard\libc_nano.a(lib_a-sbrkr.o)
                0x00000000080051b0                _sbrk_r
 .text.__swbuf_r
                0x00000000080051d0       0xa4 c:/st/stm32cubeide_1.12.1/stm32cubeide/plugins/com.st.stm32cube.ide.mcu.externaltools.gnu-tools-for-stm32.10.3-2021.10.win32_1.0.200.202301161003/tools/bin/../lib/gcc/arm-none-eabi/10.3.1/../../../../arm-none-eabi/lib/thumb/v7e-m+fp/hard\libc_nano.a(lib_a-wbuf.o)
                0x00000000080051d0                __swbuf_r
 .text.__swsetup_r
                0x0000000008005274       0xdc c:/st/stm32cubeide_1.12.1/stm32cubeide/plugins/com.st.stm32cube.ide.mcu.externaltools.gnu-tools-for-stm32.10.3-2021.10.win32_1.0.200.202301161003/tools/bin/../lib/gcc/arm-none-eabi/10.3.1/../../../../arm-none-eabi/lib/thumb/v7e-m+fp/hard\libc_nano.a(lib_a-wsetup.o)
                0x0000000008005274                __swsetup_r
 .text.abort    0x0000000008005350        0xe c:/st/stm32cubeide_1.12.1/stm32cubeide/plugins/com.st.stm32cube.ide.mcu.externaltools.gnu-tools-for-stm32.10.3-2021.10.win32_1.0.200.202301161003/tools/bin/../lib/gcc/arm-none-eabi/10.3.1/../../../../arm-none-eabi/lib/thumb/v7e-m+fp/hard\libc_nano.a(lib_a-abort.o)
                0x0000000008005350                abort
 *fill*         0x000000000800535e        0x2 
 .text.__sflush_r
                0x0000000008005360      0x10c c:/st/stm32cubeide_1.12.1/stm32cubeide/plugins/com.st.stm32cube.ide.mcu.externaltools.gnu-tools-for-stm32.10.3-2021.10.win32_1.0.200.202301161003/tools/bin/../lib/gcc/arm-none-eabi/10.3.1/../../../../arm-none-eabi/lib/thumb/v7e-m+fp/hard\libc_nano.a(lib_a-fflush.o)
                0x0000000008005360                __sflush_r
 .text._fflush_r
                0x000000000800546c       0x78 c:/st/stm32cubeide_1.12.1/stm32cubeide/plugins/com.st.stm32cube.ide.mcu.externaltools.gnu-tools-for-stm32.10.3-2021.10.win32_1.0.200.202301161003/tools/bin/../lib/gcc/arm-none-eabi/10.3.1/../../../../arm-none-eabi/lib/thumb/v7e-m+fp/hard\libc_nano.a(lib_a-fflush.o)
                0x000000000800546c                _fflush_r
 .text.std      0x00000000080054e4       0x48 c:/st/stm32cubeide_1.12.1/stm32cubeide/plugins/com.st.stm32cube.ide.mcu.externaltools.gnu-tools-for-stm32.10.3-2021.10.win32_1.0.200.202301161003/tools/bin/../lib/gcc/arm-none-eabi/10.3.1/../../../../arm-none-eabi/lib/thumb/v7e-m+fp/hard\libc_nano.a(lib_a-findfp.o)
 .text._cleanup_r
                0x000000000800552c        0xc c:/st/stm32cubeide_1.12.1/stm32cubeide/plugins/com.st.stm32cube.ide.mcu.externaltools.gnu-tools-for-stm32.10.3-2021.10.win32_1.0.200.202301161003/tools/bin/../lib/gcc/arm-none-eabi/10.3.1/../../../../arm-none-eabi/lib/thumb/v7e-m+fp/hard\libc_nano.a(lib_a-findfp.o)
                0x000000000800552c                _cleanup_r
 .text.__sfmoreglue
                0x0000000008005538       0x2c c:/st/stm32cubeide_1.12.1/stm32cubeide/plugins/com.st.stm32cube.ide.mcu.externaltools.gnu-tools-for-stm32.10.3-2021.10.win32_1.0.200.202301161003/tools/bin/../lib/gcc/arm-none-eabi/10.3.1/../../../../arm-none-eabi/lib/thumb/v7e-m+fp/hard\libc_nano.a(lib_a-findfp.o)
                0x0000000008005538                __sfmoreglue
 .text.__sfp_lock_acquire
                0x0000000008005564        0xc c:/st/stm32cubeide_1.12.1/stm32cubeide/plugins/com.st.stm32cube.ide.mcu.externaltools.gnu-tools-for-stm32.10.3-2021.10.win32_1.0.200.202301161003/tools/bin/../lib/gcc/arm-none-eabi/10.3.1/../../../../arm-none-eabi/lib/thumb/v7e-m+fp/hard\libc_nano.a(lib_a-findfp.o)
                0x0000000008005564                __sfp_lock_acquire
 .text.__sfp_lock_release
                0x0000000008005570        0xc c:/st/stm32cubeide_1.12.1/stm32cubeide/plugins/com.st.stm32cube.ide.mcu.externaltools.gnu-tools-for-stm32.10.3-2021.10.win32_1.0.200.202301161003/tools/bin/../lib/gcc/arm-none-eabi/10.3.1/../../../../arm-none-eabi/lib/thumb/v7e-m+fp/hard\libc_nano.a(lib_a-findfp.o)
                0x0000000008005570                __sfp_lock_release
 .text.__sinit_lock_acquire
                0x000000000800557c        0xc c:/st/stm32cubeide_1.12.1/stm32cubeide/plugins/com.st.stm32cube.ide.mcu.externaltools.gnu-tools-for-stm32.10.3-2021.10.win32_1.0.200.202301161003/tools/bin/../lib/gcc/arm-none-eabi/10.3.1/../../../../arm-none-eabi/lib/thumb/v7e-m+fp/hard\libc_nano.a(lib_a-findfp.o)
                0x000000000800557c                __sinit_lock_acquire
 .text.__sinit_lock_release
                0x0000000008005588        0xc c:/st/stm32cubeide_1.12.1/stm32cubeide/plugins/com.st.stm32cube.ide.mcu.externaltools.gnu-tools-for-stm32.10.3-2021.10.win32_1.0.200.202301161003/tools/bin/../lib/gcc/arm-none-eabi/10.3.1/../../../../arm-none-eabi/lib/thumb/v7e-m+fp/hard\libc_nano.a(lib_a-findfp.o)
                0x0000000008005588                __sinit_lock_release
 .text.__sinit  0x0000000008005594       0x70 c:/st/stm32cubeide_1.12.1/stm32cubeide/plugins/com.st.stm32cube.ide.mcu.externaltools.gnu-tools-for-stm32.10.3-2021.10.win32_1.0.200.202301161003/tools/bin/../lib/gcc/arm-none-eabi/10.3.1/../../../../arm-none-eabi/lib/thumb/v7e-m+fp/hard\libc_nano.a(lib_a-findfp.o)
                0x0000000008005594                __sinit
 .text.__sfp    0x0000000008005604       0x8c c:/st/stm32cubeide_1.12.1/stm32cubeide/plugins/com.st.stm32cube.ide.mcu.externaltools.gnu-tools-for-stm32.10.3-2021.10.win32_1.0.200.202301161003/tools/bin/../lib/gcc/arm-none-eabi/10.3.1/../../../../arm-none-eabi/lib/thumb/v7e-m+fp/hard\libc_nano.a(lib_a-findfp.o)
                0x0000000008005604                __sfp
 .text._fwalk_reent
                0x0000000008005690       0x3e c:/st/stm32cubeide_1.12.1/stm32cubeide/plugins/com.st.stm32cube.ide.mcu.externaltools.gnu-tools-for-stm32.10.3-2021.10.win32_1.0.200.202301161003/tools/bin/../lib/gcc/arm-none-eabi/10.3.1/../../../../arm-none-eabi/lib/thumb/v7e-m+fp/hard\libc_nano.a(lib_a-fwalk.o)
                0x0000000008005690                _fwalk_reent
 .text.__retarget_lock_init_recursive
                0x00000000080056ce        0x2 c:/st/stm32cubeide_1.12.1/stm32cubeide/plugins/com.st.stm32cube.ide.mcu.externaltools.gnu-tools-for-stm32.10.3-2021.10.win32_1.0.200.202301161003/tools/bin/../lib/gcc/arm-none-eabi/10.3.1/../../../../arm-none-eabi/lib/thumb/v7e-m+fp/hard\libc_nano.a(lib_a-lock.o)
                0x00000000080056ce                __retarget_lock_init_recursive
 .text.__retarget_lock_acquire_recursive
                0x00000000080056d0        0x2 c:/st/stm32cubeide_1.12.1/stm32cubeide/plugins/com.st.stm32cube.ide.mcu.externaltools.gnu-tools-for-stm32.10.3-2021.10.win32_1.0.200.202301161003/tools/bin/../lib/gcc/arm-none-eabi/10.3.1/../../../../arm-none-eabi/lib/thumb/v7e-m+fp/hard\libc_nano.a(lib_a-lock.o)
                0x00000000080056d0                __retarget_lock_acquire_recursive
 .text.__retarget_lock_release_recursive
                0x00000000080056d2        0x2 c:/st/stm32cubeide_1.12.1/stm32cubeide/plugins/com.st.stm32cube.ide.mcu.externaltools.gnu-tools-for-stm32.10.3-2021.10.win32_1.0.200.202301161003/tools/bin/../lib/gcc/arm-none-eabi/10.3.1/../../../../arm-none-eabi/lib/thumb/v7e-m+fp/hard\libc_nano.a(lib_a-lock.o)
                0x00000000080056d2                __retarget_lock_release_recursive
 .text.__swhatbuf_r
                0x00000000080056d4       0x4a c:/st/stm32cubeide_1.12.1/stm32cubeide/plugins/com.st.stm32cube.ide.mcu.externaltools.gnu-tools-for-stm32.10.3-2021.10.win32_1.0.200.202301161003/tools/bin/../lib/gcc/arm-none-eabi/10.3.1/../../../../arm-none-eabi/lib/thumb/v7e-m+fp/hard\libc_nano.a(lib_a-makebuf.o)
                0x00000000080056d4                __swhatbuf_r
 *fill*         0x000000000800571e        0x2 
 .text.__smakebuf_r
                0x0000000008005720       0x80 c:/st/stm32cubeide_1.12.1/stm32cubeide/plugins/com.st.stm32cube.ide.mcu.externaltools.gnu-tools-for-stm32.10.3-2021.10.win32_1.0.200.202301161003/tools/bin/../lib/gcc/arm-none-eabi/10.3.1/../../../../arm-none-eabi/lib/thumb/v7e-m+fp/hard\libc_nano.a(lib_a-makebuf.o)
                0x0000000008005720                __smakebuf_r
 .text.memcpy   0x00000000080057a0       0x1c c:/st/stm32cubeide_1.12.1/stm32cubeide/plugins/com.st.stm32cube.ide.mcu.externaltools.gnu-tools-for-stm32.10.3-2021.10.win32_1.0.200.202301161003/tools/bin/../lib/gcc/arm-none-eabi/10.3.1/../../../../arm-none-eabi/lib/thumb/v7e-m+fp/hard\libc_nano.a(lib_a-memcpy-stub.o)
                0x00000000080057a0                memcpy
 .text.memmove  0x00000000080057bc       0x34 c:/st/stm32cubeide_1.12.1/stm32cubeide/plugins/com.st.stm32cube.ide.mcu.externaltools.gnu-tools-for-stm32.10.3-2021.10.win32_1.0.200.202301161003/tools/bin/../lib/gcc/arm-none-eabi/10.3.1/../../../../arm-none-eabi/lib/thumb/v7e-m+fp/hard\libc_nano.a(lib_a-memmove.o)
                0x00000000080057bc                memmove
 .text.__malloc_lock
                0x00000000080057f0        0xc c:/st/stm32cubeide_1.12.1/stm32cubeide/plugins/com.st.stm32cube.ide.mcu.externaltools.gnu-tools-for-stm32.10.3-2021.10.win32_1.0.200.202301161003/tools/bin/../lib/gcc/arm-none-eabi/10.3.1/../../../../arm-none-eabi/lib/thumb/v7e-m+fp/hard\libc_nano.a(lib_a-mlock.o)
                0x00000000080057f0                __malloc_lock
 .text.__malloc_unlock
                0x00000000080057fc        0xc c:/st/stm32cubeide_1.12.1/stm32cubeide/plugins/com.st.stm32cube.ide.mcu.externaltools.gnu-tools-for-stm32.10.3-2021.10.win32_1.0.200.202301161003/tools/bin/../lib/gcc/arm-none-eabi/10.3.1/../../../../arm-none-eabi/lib/thumb/v7e-m+fp/hard\libc_nano.a(lib_a-mlock.o)
                0x00000000080057fc                __malloc_unlock
 .text._realloc_r
                0x0000000008005808       0x5e c:/st/stm32cubeide_1.12.1/stm32cubeide/plugins/com.st.stm32cube.ide.mcu.externaltools.gnu-tools-for-stm32.10.3-2021.10.win32_1.0.200.202301161003/tools/bin/../lib/gcc/arm-none-eabi/10.3.1/../../../../arm-none-eabi/lib/thumb/v7e-m+fp/hard\libc_nano.a(lib_a-nano-reallocr.o)
                0x0000000008005808                _realloc_r
 .text._raise_r
                0x0000000008005866       0x50 c:/st/stm32cubeide_1.12.1/stm32cubeide/plugins/com.st.stm32cube.ide.mcu.externaltools.gnu-tools-for-stm32.10.3-2021.10.win32_1.0.200.202301161003/tools/bin/../lib/gcc/arm-none-eabi/10.3.1/../../../../arm-none-eabi/lib/thumb/v7e-m+fp/hard\libc_nano.a(lib_a-signal.o)
                0x0000000008005866                _raise_r
 *fill*         0x00000000080058b6        0x2 
 .text.raise    0x00000000080058b8       0x10 c:/st/stm32cubeide_1.12.1/stm32cubeide/plugins/com.st.stm32cube.ide.mcu.externaltools.gnu-tools-for-stm32.10.3-2021.10.win32_1.0.200.202301161003/tools/bin/../lib/gcc/arm-none-eabi/10.3.1/../../../../arm-none-eabi/lib/thumb/v7e-m+fp/hard\libc_nano.a(lib_a-signal.o)
                0x00000000080058b8                raise
 .text._kill_r  0x00000000080058c8       0x24 c:/st/stm32cubeide_1.12.1/stm32cubeide/plugins/com.st.stm32cube.ide.mcu.externaltools.gnu-tools-for-stm32.10.3-2021.10.win32_1.0.200.202301161003/tools/bin/../lib/gcc/arm-none-eabi/10.3.1/../../../../arm-none-eabi/lib/thumb/v7e-m+fp/hard\libc_nano.a(lib_a-signalr.o)
                0x00000000080058c8                _kill_r
 .text._getpid_r
                0x00000000080058ec        0x4 c:/st/stm32cubeide_1.12.1/stm32cubeide/plugins/com.st.stm32cube.ide.mcu.externaltools.gnu-tools-for-stm32.10.3-2021.10.win32_1.0.200.202301161003/tools/bin/../lib/gcc/arm-none-eabi/10.3.1/../../../../arm-none-eabi/lib/thumb/v7e-m+fp/hard\libc_nano.a(lib_a-signalr.o)
                0x00000000080058ec                _getpid_r
 .text.__sread  0x00000000080058f0       0x22 c:/st/stm32cubeide_1.12.1/stm32cubeide/plugins/com.st.stm32cube.ide.mcu.externaltools.gnu-tools-for-stm32.10.3-2021.10.win32_1.0.200.202301161003/tools/bin/../lib/gcc/arm-none-eabi/10.3.1/../../../../arm-none-eabi/lib/thumb/v7e-m+fp/hard\libc_nano.a(lib_a-stdio.o)
                0x00000000080058f0                __sread
 .text.__swrite
                0x0000000008005912       0x38 c:/st/stm32cubeide_1.12.1/stm32cubeide/plugins/com.st.stm32cube.ide.mcu.externaltools.gnu-tools-for-stm32.10.3-2021.10.win32_1.0.200.202301161003/tools/bin/../lib/gcc/arm-none-eabi/10.3.1/../../../../arm-none-eabi/lib/thumb/v7e-m+fp/hard\libc_nano.a(lib_a-stdio.o)
                0x0000000008005912                __swrite
 .text.__sseek  0x000000000800594a       0x24 c:/st/stm32cubeide_1.12.1/stm32cubeide/plugins/com.st.stm32cube.ide.mcu.externaltools.gnu-tools-for-stm32.10.3-2021.10.win32_1.0.200.202301161003/tools/bin/../lib/gcc/arm-none-eabi/10.3.1/../../../../arm-none-eabi/lib/thumb/v7e-m+fp/hard\libc_nano.a(lib_a-stdio.o)
                0x000000000800594a                __sseek
 .text.__sclose
                0x000000000800596e        0x8 c:/st/stm32cubeide_1.12.1/stm32cubeide/plugins/com.st.stm32cube.ide.mcu.externaltools.gnu-tools-for-stm32.10.3-2021.10.win32_1.0.200.202301161003/tools/bin/../lib/gcc/arm-none-eabi/10.3.1/../../../../arm-none-eabi/lib/thumb/v7e-m+fp/hard\libc_nano.a(lib_a-stdio.o)
                0x000000000800596e                __sclose
 *fill*         0x0000000008005976        0x2 
 .text._write_r
                0x0000000008005978       0x24 c:/st/stm32cubeide_1.12.1/stm32cubeide/plugins/com.st.stm32cube.ide.mcu.externaltools.gnu-tools-for-stm32.10.3-2021.10.win32_1.0.200.202301161003/tools/bin/../lib/gcc/arm-none-eabi/10.3.1/../../../../arm-none-eabi/lib/thumb/v7e-m+fp/hard\libc_nano.a(lib_a-writer.o)
                0x0000000008005978                _write_r
 .text._close_r
                0x000000000800599c       0x20 c:/st/stm32cubeide_1.12.1/stm32cubeide/plugins/com.st.stm32cube.ide.mcu.externaltools.gnu-tools-for-stm32.10.3-2021.10.win32_1.0.200.202301161003/tools/bin/../lib/gcc/arm-none-eabi/10.3.1/../../../../arm-none-eabi/lib/thumb/v7e-m+fp/hard\libc_nano.a(lib_a-closer.o)
                0x000000000800599c                _close_r
 .text._fstat_r
                0x00000000080059bc       0x24 c:/st/stm32cubeide_1.12.1/stm32cubeide/plugins/com.st.stm32cube.ide.mcu.externaltools.gnu-tools-for-stm32.10.3-2021.10.win32_1.0.200.202301161003/tools/bin/../lib/gcc/arm-none-eabi/10.3.1/../../../../arm-none-eabi/lib/thumb/v7e-m+fp/hard\libc_nano.a(lib_a-fstatr.o)
                0x00000000080059bc                _fstat_r
 .text._isatty_r
                0x00000000080059e0       0x20 c:/st/stm32cubeide_1.12.1/stm32cubeide/plugins/com.st.stm32cube.ide.mcu.externaltools.gnu-tools-for-stm32.10.3-2021.10.win32_1.0.200.202301161003/tools/bin/../lib/gcc/arm-none-eabi/10.3.1/../../../../arm-none-eabi/lib/thumb/v7e-m+fp/hard\libc_nano.a(lib_a-isattyr.o)
                0x00000000080059e0                _isatty_r
 .text._lseek_r
                0x0000000008005a00       0x24 c:/st/stm32cubeide_1.12.1/stm32cubeide/plugins/com.st.stm32cube.ide.mcu.externaltools.gnu-tools-for-stm32.10.3-2021.10.win32_1.0.200.202301161003/tools/bin/../lib/gcc/arm-none-eabi/10.3.1/../../../../arm-none-eabi/lib/thumb/v7e-m+fp/hard\libc_nano.a(lib_a-lseekr.o)
                0x0000000008005a00                _lseek_r
 .text._malloc_usable_size_r
                0x0000000008005a24       0x10 c:/st/stm32cubeide_1.12.1/stm32cubeide/plugins/com.st.stm32cube.ide.mcu.externaltools.gnu-tools-for-stm32.10.3-2021.10.win32_1.0.200.202301161003/tools/bin/../lib/gcc/arm-none-eabi/10.3.1/../../../../arm-none-eabi/lib/thumb/v7e-m+fp/hard\libc_nano.a(lib_a-nano-msizer.o)
                0x0000000008005a24                _malloc_usable_size_r
 .text._read_r  0x0000000008005a34       0x24 c:/st/stm32cubeide_1.12.1/stm32cubeide/plugins/com.st.stm32cube.ide.mcu.externaltools.gnu-tools-for-stm32.10.3-2021.10.win32_1.0.200.202301161003/tools/bin/../lib/gcc/arm-none-eabi/10.3.1/../../../../arm-none-eabi/lib/thumb/v7e-m+fp/hard\libc_nano.a(lib_a-readr.o)
                0x0000000008005a34                _read_r
 .text._gettimeofday
                0x0000000008005a58       0x10 c:/st/stm32cubeide_1.12.1/stm32cubeide/plugins/com.st.stm32cube.ide.mcu.externaltools.gnu-tools-for-stm32.10.3-2021.10.win32_1.0.200.202301161003/tools/bin/../lib/gcc/arm-none-eabi/10.3.1/../../../../arm-none-eabi/lib/thumb/v7e-m+fp/hard\libnosys.a(gettod.o)
                0x0000000008005a58                _gettimeofday
 *(.glue_7)
 .glue_7        0x0000000008005a68        0x0 linker stubs
 *(.glue_7t)
 .glue_7t       0x0000000008005a68        0x0 linker stubs
 *(.eh_frame)
 .eh_frame      0x0000000008005a68        0x0 c:/st/stm32cubeide_1.12.1/stm32cubeide/plugins/com.st.stm32cube.ide.mcu.externaltools.gnu-tools-for-stm32.10.3-2021.10.win32_1.0.200.202301161003/tools/bin/../lib/gcc/arm-none-eabi/10.3.1/thumb/v7e-m+fp/hard/crtbegin.o
 *(.init)
 .init          0x0000000008005a68        0x4 c:/st/stm32cubeide_1.12.1/stm32cubeide/plugins/com.st.stm32cube.ide.mcu.externaltools.gnu-tools-for-stm32.10.3-2021.10.win32_1.0.200.202301161003/tools/bin/../lib/gcc/arm-none-eabi/10.3.1/thumb/v7e-m+fp/hard/crti.o
                0x0000000008005a68                _init
 .init          0x0000000008005a6c        0x8 c:/st/stm32cubeide_1.12.1/stm32cubeide/plugins/com.st.stm32cube.ide.mcu.externaltools.gnu-tools-for-stm32.10.3-2021.10.win32_1.0.200.202301161003/tools/bin/../lib/gcc/arm-none-eabi/10.3.1/thumb/v7e-m+fp/hard/crtn.o
 *(.fini)
 .fini          0x0000000008005a74        0x4 c:/st/stm32cubeide_1.12.1/stm32cubeide/plugins/com.st.stm32cube.ide.mcu.externaltools.gnu-tools-for-stm32.10.3-2021.10.win32_1.0.200.202301161003/tools/bin/../lib/gcc/arm-none-eabi/10.3.1/thumb/v7e-m+fp/hard/crti.o
                0x0000000008005a74                _fini
 .fini          0x0000000008005a78        0x8 c:/st/stm32cubeide_1.12.1/stm32cubeide/plugins/com.st.stm32cube.ide.mcu.externaltools.gnu-tools-for-stm32.10.3-2021.10.win32_1.0.200.202301161003/tools/bin/../lib/gcc/arm-none-eabi/10.3.1/thumb/v7e-m+fp/hard/crtn.o
                0x0000000008005a80                . = ALIGN (0x4)
                0x0000000008005a80                _etext = .

.vfp11_veneer   0x0000000008005a80        0x0
 .vfp11_veneer  0x0000000008005a80        0x0 linker stubs

.v4_bx          0x0000000008005a80        0x0
 .v4_bx         0x0000000008005a80        0x0 linker stubs

.iplt           0x0000000008005a80        0x0
 .iplt          0x0000000008005a80        0x0 c:/st/stm32cubeide_1.12.1/stm32cubeide/plugins/com.st.stm32cube.ide.mcu.externaltools.gnu-tools-for-stm32.10.3-2021.10.win32_1.0.200.202301161003/tools/bin/../lib/gcc/arm-none-eabi/10.3.1/thumb/v7e-m+fp/hard/crtbegin.o

.rodata         0x0000000008005a80      0xd54
                0x0000000008005a80                . = ALIGN (0x4)
 *(.rodata)
 .rodata        0x0000000008005a80        0x1 ./SDK_1.0.3_NUCLEO-F401RE/shared/Middle/button/button.o
 *fill*         0x0000000008005a81        0x3 
 .rodata        0x0000000008005a84        0xf ./SDK_1.0.3_NUCLEO-F401RE/shared/Middle/ucglib/ucg_font.o
 *fill*         0x0000000008005a93        0x1 
 .rodata        0x0000000008005a94       0x2d ./Src/main.o
 *(.rodata*)
 *fill*         0x0000000008005ac1        0x3 
 .rodata.ucg_st7735_set_pos_seq
                0x0000000008005ac4       0x1e ./SDK_1.0.3_NUCLEO-F401RE/shared/Middle/ucglib/ucg_dev_ic_st7735.o
                0x0000000008005ac4                ucg_st7735_set_pos_seq
 *fill*         0x0000000008005ae2        0x2 
 .rodata.ucg_st7735_set_pos_dir0_seq
                0x0000000008005ae4       0x1e ./SDK_1.0.3_NUCLEO-F401RE/shared/Middle/ucglib/ucg_dev_ic_st7735.o
                0x0000000008005ae4                ucg_st7735_set_pos_dir0_seq
 *fill*         0x0000000008005b02        0x2 
 .rodata.ucg_st7735_set_pos_dir1_seq
                0x0000000008005b04       0x21 ./SDK_1.0.3_NUCLEO-F401RE/shared/Middle/ucglib/ucg_dev_ic_st7735.o
                0x0000000008005b04                ucg_st7735_set_pos_dir1_seq
 *fill*         0x0000000008005b25        0x3 
 .rodata.ucg_st7735_set_pos_dir2_seq
                0x0000000008005b28       0x21 ./SDK_1.0.3_NUCLEO-F401RE/shared/Middle/ucglib/ucg_dev_ic_st7735.o
                0x0000000008005b28                ucg_st7735_set_pos_dir2_seq
 *fill*         0x0000000008005b49        0x3 
 .rodata.ucg_st7735_set_pos_dir3_seq
                0x0000000008005b4c       0x24 ./SDK_1.0.3_NUCLEO-F401RE/shared/Middle/ucglib/ucg_dev_ic_st7735.o
                0x0000000008005b4c                ucg_st7735_set_pos_dir3_seq
 .rodata.ucg_st7735_power_down_seq
                0x0000000008005b70        0x7 ./SDK_1.0.3_NUCLEO-F401RE/shared/Middle/ucglib/ucg_dev_ic_st7735.o
 *fill*         0x0000000008005b77        0x1 
 .rodata.ucg_tft_128x160_st7735_init_seq
                0x0000000008005b78       0x2c ./SDK_1.0.3_NUCLEO-F401RE/shared/Middle/ucglib/ucg_dev_tft_128x128_st7735.o
 .rodata.ucg_font_6x10_tr
                0x0000000008005ba4      0x3cb ./SDK_1.0.3_NUCLEO-F401RE/shared/Middle/ucglib/ucg_pixel_font_data.o
                0x0000000008005ba4                ucg_font_6x10_tr
 *fill*         0x0000000008005f6f        0x1 
 .rodata.ucg_font_ncenR10_hr
                0x0000000008005f70      0x719 ./SDK_1.0.3_NUCLEO-F401RE/shared/Middle/ucglib/ucg_pixel_font_data.o
                0x0000000008005f70                ucg_font_ncenR10_hr
 *fill*         0x0000000008006689        0x3 
 .rodata._global_impure_ptr
                0x000000000800668c        0x4 c:/st/stm32cubeide_1.12.1/stm32cubeide/plugins/com.st.stm32cube.ide.mcu.externaltools.gnu-tools-for-stm32.10.3-2021.10.win32_1.0.200.202301161003/tools/bin/../lib/gcc/arm-none-eabi/10.3.1/../../../../arm-none-eabi/lib/thumb/v7e-m+fp/hard\libc_nano.a(lib_a-impure.o)
                0x000000000800668c                _global_impure_ptr
 .rodata.srand.str1.1
                0x0000000008006690       0x72 c:/st/stm32cubeide_1.12.1/stm32cubeide/plugins/com.st.stm32cube.ide.mcu.externaltools.gnu-tools-for-stm32.10.3-2021.10.win32_1.0.200.202301161003/tools/bin/../lib/gcc/arm-none-eabi/10.3.1/../../../../arm-none-eabi/lib/thumb/v7e-m+fp/hard\libc_nano.a(lib_a-rand.o)
 .rodata.__assert_func.str1.1
                0x0000000008006702       0x3c c:/st/stm32cubeide_1.12.1/stm32cubeide/plugins/com.st.stm32cube.ide.mcu.externaltools.gnu-tools-for-stm32.10.3-2021.10.win32_1.0.200.202301161003/tools/bin/../lib/gcc/arm-none-eabi/10.3.1/../../../../arm-none-eabi/lib/thumb/v7e-m+fp/hard\libc_nano.a(lib_a-assert.o)
                                         0x3d (size before relaxing)
 .rodata._svfprintf_r.str1.1
                0x000000000800673e       0x11 c:/st/stm32cubeide_1.12.1/stm32cubeide/plugins/com.st.stm32cube.ide.mcu.externaltools.gnu-tools-for-stm32.10.3-2021.10.win32_1.0.200.202301161003/tools/bin/../lib/gcc/arm-none-eabi/10.3.1/../../../../arm-none-eabi/lib/thumb/v7e-m+fp/hard\libc_nano.a(lib_a-nano-svfprintf.o)
 .rodata._vfprintf_r.str1.1
                0x000000000800674f       0x11 c:/st/stm32cubeide_1.12.1/stm32cubeide/plugins/com.st.stm32cube.ide.mcu.externaltools.gnu-tools-for-stm32.10.3-2021.10.win32_1.0.200.202301161003/tools/bin/../lib/gcc/arm-none-eabi/10.3.1/../../../../arm-none-eabi/lib/thumb/v7e-m+fp/hard\libc_nano.a(lib_a-nano-vfprintf.o)
 .rodata._printf_i.str1.1
                0x000000000800674f       0x22 c:/st/stm32cubeide_1.12.1/stm32cubeide/plugins/com.st.stm32cube.ide.mcu.externaltools.gnu-tools-for-stm32.10.3-2021.10.win32_1.0.200.202301161003/tools/bin/../lib/gcc/arm-none-eabi/10.3.1/../../../../arm-none-eabi/lib/thumb/v7e-m+fp/hard\libc_nano.a(lib_a-nano-vfprintf_i.o)
 *fill*         0x0000000008006771        0x3 
 .rodata.__sf_fake_stderr
                0x0000000008006774       0x20 c:/st/stm32cubeide_1.12.1/stm32cubeide/plugins/com.st.stm32cube.ide.mcu.externaltools.gnu-tools-for-stm32.10.3-2021.10.win32_1.0.200.202301161003/tools/bin/../lib/gcc/arm-none-eabi/10.3.1/../../../../arm-none-eabi/lib/thumb/v7e-m+fp/hard\libc_nano.a(lib_a-findfp.o)
                0x0000000008006774                __sf_fake_stderr
 .rodata.__sf_fake_stdin
                0x0000000008006794       0x20 c:/st/stm32cubeide_1.12.1/stm32cubeide/plugins/com.st.stm32cube.ide.mcu.externaltools.gnu-tools-for-stm32.10.3-2021.10.win32_1.0.200.202301161003/tools/bin/../lib/gcc/arm-none-eabi/10.3.1/../../../../arm-none-eabi/lib/thumb/v7e-m+fp/hard\libc_nano.a(lib_a-findfp.o)
                0x0000000008006794                __sf_fake_stdin
 .rodata.__sf_fake_stdout
                0x00000000080067b4       0x20 c:/st/stm32cubeide_1.12.1/stm32cubeide/plugins/com.st.stm32cube.ide.mcu.externaltools.gnu-tools-for-stm32.10.3-2021.10.win32_1.0.200.202301161003/tools/bin/../lib/gcc/arm-none-eabi/10.3.1/../../../../arm-none-eabi/lib/thumb/v7e-m+fp/hard\libc_nano.a(lib_a-findfp.o)
                0x00000000080067b4                __sf_fake_stdout
                0x00000000080067d4                . = ALIGN (0x4)

.rel.dyn        0x00000000080067d4        0x0
 .rel.iplt      0x00000000080067d4        0x0 c:/st/stm32cubeide_1.12.1/stm32cubeide/plugins/com.st.stm32cube.ide.mcu.externaltools.gnu-tools-for-stm32.10.3-2021.10.win32_1.0.200.202301161003/tools/bin/../lib/gcc/arm-none-eabi/10.3.1/thumb/v7e-m+fp/hard/crtbegin.o

.ARM.extab      0x00000000080067d4        0x0
                0x00000000080067d4                . = ALIGN (0x4)
 *(.ARM.extab* .gnu.linkonce.armextab.*)
                0x00000000080067d4                . = ALIGN (0x4)

.ARM            0x00000000080067d4        0x0
                0x00000000080067d4                . = ALIGN (0x4)
                0x00000000080067d4                __exidx_start = .
 *(.ARM.exidx*)
                0x00000000080067d4                __exidx_end = .
                0x00000000080067d4                . = ALIGN (0x4)

.preinit_array  0x00000000080067d4        0x0
                0x00000000080067d4                . = ALIGN (0x4)
                0x00000000080067d4                PROVIDE (__preinit_array_start = .)
 *(.preinit_array*)
                0x00000000080067d4                PROVIDE (__preinit_array_end = .)
                0x00000000080067d4                . = ALIGN (0x4)

.init_array     0x00000000080067d4        0x4
                0x00000000080067d4                . = ALIGN (0x4)
                0x00000000080067d4                PROVIDE (__init_array_start = .)
 *(SORT_BY_NAME(.init_array.*))
 *(.init_array*)
 .init_array    0x00000000080067d4        0x4 c:/st/stm32cubeide_1.12.1/stm32cubeide/plugins/com.st.stm32cube.ide.mcu.externaltools.gnu-tools-for-stm32.10.3-2021.10.win32_1.0.200.202301161003/tools/bin/../lib/gcc/arm-none-eabi/10.3.1/thumb/v7e-m+fp/hard/crtbegin.o
                0x00000000080067d8                PROVIDE (__init_array_end = .)
                0x00000000080067d8                . = ALIGN (0x4)

.fini_array     0x00000000080067d8        0x4
                0x00000000080067d8                . = ALIGN (0x4)
                [!provide]                        PROVIDE (__fini_array_start = .)
 *(SORT_BY_NAME(.fini_array.*))
 *(.fini_array*)
 .fini_array    0x00000000080067d8        0x4 c:/st/stm32cubeide_1.12.1/stm32cubeide/plugins/com.st.stm32cube.ide.mcu.externaltools.gnu-tools-for-stm32.10.3-2021.10.win32_1.0.200.202301161003/tools/bin/../lib/gcc/arm-none-eabi/10.3.1/thumb/v7e-m+fp/hard/crtbegin.o
                [!provide]                        PROVIDE (__fini_array_end = .)
                0x00000000080067dc                . = ALIGN (0x4)
                0x00000000080067dc                _sidata = LOADADDR (.data)

.data           0x0000000020000000       0xbc load address 0x00000000080067dc
                0x0000000020000000                . = ALIGN (0x4)
                0x0000000020000000                _sdata = .
 *(.data)
 *(.data*)
 .data.SystemCoreClock
                0x0000000020000000        0x4 ./SDK_1.0.3_NUCLEO-F401RE/shared/Drivers/CMSIS/Source/system_stm32f4xx.o
                0x0000000020000000                SystemCoreClock
 .data.AHBPrescTable
                0x0000000020000004       0x10 ./SDK_1.0.3_NUCLEO-F401RE/shared/Drivers/CMSIS/Source/system_stm32f4xx.o
                0x0000000020000004                AHBPrescTable
 .data.APBAHBPrescTable
                0x0000000020000014       0x10 ./SDK_1.0.3_NUCLEO-F401RE/shared/Drivers/STM32F401RE_StdPeriph_Driver/src/stm32f401re_rcc.o
 .data.pinBtnPad
                0x0000000020000024       0x30 ./SDK_1.0.3_NUCLEO-F401RE/shared/Middle/button/button.o
 .data.idTaskScanButton
                0x0000000020000054        0x1 ./SDK_1.0.3_NUCLEO-F401RE/shared/Middle/button/button.o
 .data.idTaskScanDecodeLen
                0x0000000020000055        0x1 ./SDK_1.0.3_NUCLEO-F401RE/shared/Middle/ucglib/ucg_font.o
 *fill*         0x0000000020000056        0x2 
 .data._impure_ptr
                0x0000000020000058        0x4 c:/st/stm32cubeide_1.12.1/stm32cubeide/plugins/com.st.stm32cube.ide.mcu.externaltools.gnu-tools-for-stm32.10.3-2021.10.win32_1.0.200.202301161003/tools/bin/../lib/gcc/arm-none-eabi/10.3.1/../../../../arm-none-eabi/lib/thumb/v7e-m+fp/hard\libc_nano.a(lib_a-impure.o)
                0x0000000020000058                _impure_ptr
 .data.impure_data
                0x000000002000005c       0x60 c:/st/stm32cubeide_1.12.1/stm32cubeide/plugins/com.st.stm32cube.ide.mcu.externaltools.gnu-tools-for-stm32.10.3-2021.10.win32_1.0.200.202301161003/tools/bin/../lib/gcc/arm-none-eabi/10.3.1/../../../../arm-none-eabi/lib/thumb/v7e-m+fp/hard\libc_nano.a(lib_a-impure.o)
 *(.RamFunc)
 *(.RamFunc*)
                0x00000000200000bc                . = ALIGN (0x4)
                0x00000000200000bc                _edata = .

.igot.plt       0x00000000200000bc        0x0 load address 0x0000000008006898
 .igot.plt      0x00000000200000bc        0x0 c:/st/stm32cubeide_1.12.1/stm32cubeide/plugins/com.st.stm32cube.ide.mcu.externaltools.gnu-tools-for-stm32.10.3-2021.10.win32_1.0.200.202301161003/tools/bin/../lib/gcc/arm-none-eabi/10.3.1/thumb/v7e-m+fp/hard/crtbegin.o
                0x00000000200000bc                . = ALIGN (0x4)

.bss            0x00000000200000bc     0x14f8 load address 0x0000000008006898
                0x00000000200000bc                _sbss = .
                0x00000000200000bc                __bss_start__ = _sbss
 *(.bss)
 .bss           0x00000000200000bc       0x1c c:/st/stm32cubeide_1.12.1/stm32cubeide/plugins/com.st.stm32cube.ide.mcu.externaltools.gnu-tools-for-stm32.10.3-2021.10.win32_1.0.200.202301161003/tools/bin/../lib/gcc/arm-none-eabi/10.3.1/thumb/v7e-m+fp/hard/crtbegin.o
 *(.bss*)
 .bss.kpad      0x00000000200000d8       0x78 ./SDK_1.0.3_NUCLEO-F401RE/shared/Middle/button/button.o
 .bss.pEventCallbacks
                0x0000000020000150       0x10 ./SDK_1.0.3_NUCLEO-F401RE/shared/Middle/button/button.o
 .bss.pAppStateFunc
                0x0000000020000160        0x4 ./SDK_1.0.3_NUCLEO-F401RE/shared/Middle/rtos/eventman.o
 .bss.pBuffEvent
                0x0000000020000164      0x100 ./SDK_1.0.3_NUCLEO-F401RE/shared/Middle/rtos/eventman.o
 .bss.eventQueue
                0x0000000020000264       0x10 ./SDK_1.0.3_NUCLEO-F401RE/shared/Middle/rtos/eventman.o
 .bss.g_pTimerHandle
                0x0000000020000274      0x180 ./SDK_1.0.3_NUCLEO-F401RE/shared/Middle/rtos/timer.o
 .bss.g_wMilSecTickTimer
                0x00000000200003f4        0x4 ./SDK_1.0.3_NUCLEO-F401RE/shared/Middle/rtos/timer.o
 .bss.g_pUartQueueRx
                0x00000000200003f8        0x8 ./SDK_1.0.3_NUCLEO-F401RE/shared/Middle/serial/serial.o
 .bss.fontQueue
                0x0000000020000400       0x10 ./SDK_1.0.3_NUCLEO-F401RE/shared/Middle/ucglib/ucg_font.o
 .bss.pQueueFont
                0x0000000020000410     0x1000 ./SDK_1.0.3_NUCLEO-F401RE/shared/Middle/ucglib/ucg_font.o
 .bss.ucg_draw_str
                0x0000000020001410        0xc ./SDK_1.0.3_NUCLEO-F401RE/shared/Middle/ucglib/ucg_font.o
                0x0000000020001410                ucg_draw_str
 .bss.next.0    0x000000002000141c        0x1 ./SDK_1.0.3_NUCLEO-F401RE/shared/Middle/ucglib/ucg_font.o
 *fill*         0x000000002000141d        0x3 
 .bss.ucg       0x0000000020001420       0xb4 ./Src/main.o
 .bss.ucg1      0x00000000200014d4       0xb4 ./Src/main.o
 .bss.eCurrentState
                0x0000000020001588        0x1 ./Src/main.o
                0x0000000020001588                eCurrentState
 *fill*         0x0000000020001589        0x3 
 .bss.score_display
                0x000000002000158c       0x14 ./Src/main.o
 .bss.__sbrk_heap_end
                0x00000000200015a0        0x4 ./Src/sysmem.o
 .bss.__malloc_free_list
                0x00000000200015a4        0x4 c:/st/stm32cubeide_1.12.1/stm32cubeide/plugins/com.st.stm32cube.ide.mcu.externaltools.gnu-tools-for-stm32.10.3-2021.10.win32_1.0.200.202301161003/tools/bin/../lib/gcc/arm-none-eabi/10.3.1/../../../../arm-none-eabi/lib/thumb/v7e-m+fp/hard\libc_nano.a(lib_a-nano-mallocr.o)
                0x00000000200015a4                __malloc_free_list
 .bss.__malloc_sbrk_start
                0x00000000200015a8        0x4 c:/st/stm32cubeide_1.12.1/stm32cubeide/plugins/com.st.stm32cube.ide.mcu.externaltools.gnu-tools-for-stm32.10.3-2021.10.win32_1.0.200.202301161003/tools/bin/../lib/gcc/arm-none-eabi/10.3.1/../../../../arm-none-eabi/lib/thumb/v7e-m+fp/hard\libc_nano.a(lib_a-nano-mallocr.o)
                0x00000000200015a8                __malloc_sbrk_start
 .bss.errno     0x00000000200015ac        0x4 c:/st/stm32cubeide_1.12.1/stm32cubeide/plugins/com.st.stm32cube.ide.mcu.externaltools.gnu-tools-for-stm32.10.3-2021.10.win32_1.0.200.202301161003/tools/bin/../lib/gcc/arm-none-eabi/10.3.1/../../../../arm-none-eabi/lib/thumb/v7e-m+fp/hard\libc_nano.a(lib_a-reent.o)
                0x00000000200015ac                errno
 .bss.__lock___malloc_recursive_mutex
                0x00000000200015b0        0x1 c:/st/stm32cubeide_1.12.1/stm32cubeide/plugins/com.st.stm32cube.ide.mcu.externaltools.gnu-tools-for-stm32.10.3-2021.10.win32_1.0.200.202301161003/tools/bin/../lib/gcc/arm-none-eabi/10.3.1/../../../../arm-none-eabi/lib/thumb/v7e-m+fp/hard\libc_nano.a(lib_a-lock.o)
                0x00000000200015b0                __lock___malloc_recursive_mutex
 .bss.__lock___sfp_recursive_mutex
                0x00000000200015b1        0x1 c:/st/stm32cubeide_1.12.1/stm32cubeide/plugins/com.st.stm32cube.ide.mcu.externaltools.gnu-tools-for-stm32.10.3-2021.10.win32_1.0.200.202301161003/tools/bin/../lib/gcc/arm-none-eabi/10.3.1/../../../../arm-none-eabi/lib/thumb/v7e-m+fp/hard\libc_nano.a(lib_a-lock.o)
                0x00000000200015b1                __lock___sfp_recursive_mutex
 .bss.__lock___sinit_recursive_mutex
                0x00000000200015b2        0x1 c:/st/stm32cubeide_1.12.1/stm32cubeide/plugins/com.st.stm32cube.ide.mcu.externaltools.gnu-tools-for-stm32.10.3-2021.10.win32_1.0.200.202301161003/tools/bin/../lib/gcc/arm-none-eabi/10.3.1/../../../../arm-none-eabi/lib/thumb/v7e-m+fp/hard\libc_nano.a(lib_a-lock.o)
                0x00000000200015b2                __lock___sinit_recursive_mutex
 *(COMMON)
                0x00000000200015b4                . = ALIGN (0x4)
 *fill*         0x00000000200015b3        0x1 
                0x00000000200015b4                _ebss = .
                0x00000000200015b4                __bss_end__ = _ebss

._user_heap_stack
                0x00000000200015b4      0x604 load address 0x0000000008006898
                0x00000000200015b8                . = ALIGN (0x8)
 *fill*         0x00000000200015b4        0x4 
                [!provide]                        PROVIDE (end = .)
                0x00000000200015b8                PROVIDE (_end = .)
                0x00000000200017b8                . = (. + _Min_Heap_Size)
 *fill*         0x00000000200015b8      0x200 
                0x0000000020001bb8                . = (. + _Min_Stack_Size)
 *fill*         0x00000000200017b8      0x400 
                0x0000000020001bb8                . = ALIGN (0x8)

/DISCARD/
 libc.a(*)
 libm.a(*)
 libgcc.a(*)

.ARM.attributes
                0x0000000000000000       0x30
 *(.ARM.attributes)
 .ARM.attributes
                0x0000000000000000       0x1e c:/st/stm32cubeide_1.12.1/stm32cubeide/plugins/com.st.stm32cube.ide.mcu.externaltools.gnu-tools-for-stm32.10.3-2021.10.win32_1.0.200.202301161003/tools/bin/../lib/gcc/arm-none-eabi/10.3.1/thumb/v7e-m+fp/hard/crti.o
 .ARM.attributes
                0x000000000000001e       0x34 c:/st/stm32cubeide_1.12.1/stm32cubeide/plugins/com.st.stm32cube.ide.mcu.externaltools.gnu-tools-for-stm32.10.3-2021.10.win32_1.0.200.202301161003/tools/bin/../lib/gcc/arm-none-eabi/10.3.1/thumb/v7e-m+fp/hard/crtbegin.o
 .ARM.attributes
                0x0000000000000052       0x34 ./SDK_1.0.3_NUCLEO-F401RE/shared/Drivers/CMSIS/Source/system_stm32f4xx.o
 .ARM.attributes
                0x0000000000000086       0x34 ./SDK_1.0.3_NUCLEO-F401RE/shared/Drivers/STM32F401RE_StdPeriph_Driver/src/stm32f401re_gpio.o
 .ARM.attributes
                0x00000000000000ba       0x34 ./SDK_1.0.3_NUCLEO-F401RE/shared/Drivers/STM32F401RE_StdPeriph_Driver/src/stm32f401re_rcc.o
 .ARM.attributes
                0x00000000000000ee       0x34 ./SDK_1.0.3_NUCLEO-F401RE/shared/Drivers/STM32F401RE_StdPeriph_Driver/src/stm32f401re_tim.o
 .ARM.attributes
                0x0000000000000122       0x34 ./SDK_1.0.3_NUCLEO-F401RE/shared/Drivers/STM32F401RE_StdPeriph_Driver/src/stm32f401re_usart.o
 .ARM.attributes
                0x0000000000000156       0x34 ./SDK_1.0.3_NUCLEO-F401RE/shared/Middle/button/button.o
 .ARM.attributes
                0x000000000000018a       0x34 ./SDK_1.0.3_NUCLEO-F401RE/shared/Middle/button/eventbutton.o
 .ARM.attributes
                0x00000000000001be       0x34 ./SDK_1.0.3_NUCLEO-F401RE/shared/Middle/led/led.o
 .ARM.attributes
                0x00000000000001f2       0x34 ./SDK_1.0.3_NUCLEO-F401RE/shared/Middle/rtos/eventman.o
 .ARM.attributes
                0x0000000000000226       0x34 ./SDK_1.0.3_NUCLEO-F401RE/shared/Middle/rtos/timer.o
 .ARM.attributes
                0x000000000000025a       0x34 ./SDK_1.0.3_NUCLEO-F401RE/shared/Middle/serial/serial.o
 .ARM.attributes
                0x000000000000028e       0x34 ./SDK_1.0.3_NUCLEO-F401RE/shared/Middle/ucglib/Ucglib.o
 .ARM.attributes
                0x00000000000002c2       0x34 ./SDK_1.0.3_NUCLEO-F401RE/shared/Middle/ucglib/ucg_box.o
 .ARM.attributes
                0x00000000000002f6       0x34 ./SDK_1.0.3_NUCLEO-F401RE/shared/Middle/ucglib/ucg_ccs.o
 .ARM.attributes
                0x000000000000032a       0x34 ./SDK_1.0.3_NUCLEO-F401RE/shared/Middle/ucglib/ucg_clip.o
 .ARM.attributes
                0x000000000000035e       0x34 ./SDK_1.0.3_NUCLEO-F401RE/shared/Middle/ucglib/ucg_com_msg_api.o
 .ARM.attributes
                0x0000000000000392       0x34 ./SDK_1.0.3_NUCLEO-F401RE/shared/Middle/ucglib/ucg_dev_default_cb.o
 .ARM.attributes
                0x00000000000003c6       0x34 ./SDK_1.0.3_NUCLEO-F401RE/shared/Middle/ucglib/ucg_dev_ic_st7735.o
 .ARM.attributes
                0x00000000000003fa       0x34 ./SDK_1.0.3_NUCLEO-F401RE/shared/Middle/ucglib/ucg_dev_msg_api.o
 .ARM.attributes
                0x000000000000042e       0x34 ./SDK_1.0.3_NUCLEO-F401RE/shared/Middle/ucglib/ucg_dev_tft_128x128_st7735.o
 .ARM.attributes
                0x0000000000000462       0x34 ./SDK_1.0.3_NUCLEO-F401RE/shared/Middle/ucglib/ucg_font.o
 .ARM.attributes
                0x0000000000000496       0x34 ./SDK_1.0.3_NUCLEO-F401RE/shared/Middle/ucglib/ucg_init.o
 .ARM.attributes
                0x00000000000004ca       0x34 ./SDK_1.0.3_NUCLEO-F401RE/shared/Middle/ucglib/ucg_line.o
 .ARM.attributes
                0x00000000000004fe       0x34 ./SDK_1.0.3_NUCLEO-F401RE/shared/Middle/ucglib/ucg_pixel.o
 .ARM.attributes
                0x0000000000000532       0x34 ./SDK_1.0.3_NUCLEO-F401RE/shared/Middle/ucglib/ucg_pixel_font_data.o
 .ARM.attributes
                0x0000000000000566       0x34 ./SDK_1.0.3_NUCLEO-F401RE/shared/Middle/ucglib/ucg_rotate.o
 .ARM.attributes
                0x000000000000059a       0x34 ./SDK_1.0.3_NUCLEO-F401RE/shared/Utilities/buff.o
 .ARM.attributes
                0x00000000000005ce       0x34 ./SDK_1.0.3_NUCLEO-F401RE/shared/Utilities/utilities.o
 .ARM.attributes
                0x0000000000000602       0x34 ./Src/main.o
 .ARM.attributes
                0x0000000000000636       0x34 ./Src/syscalls.o
 .ARM.attributes
                0x000000000000066a       0x34 ./Src/sysmem.o
 .ARM.attributes
                0x000000000000069e       0x21 ./Startup/startup_stm32f401retx.o
 .ARM.attributes
                0x00000000000006bf       0x34 c:/st/stm32cubeide_1.12.1/stm32cubeide/plugins/com.st.stm32cube.ide.mcu.externaltools.gnu-tools-for-stm32.10.3-2021.10.win32_1.0.200.202301161003/tools/bin/../lib/gcc/arm-none-eabi/10.3.1/../../../../arm-none-eabi/lib/thumb/v7e-m+fp/hard\libc_nano.a(lib_a-errno.o)
 .ARM.attributes
                0x00000000000006f3       0x34 c:/st/stm32cubeide_1.12.1/stm32cubeide/plugins/com.st.stm32cube.ide.mcu.externaltools.gnu-tools-for-stm32.10.3-2021.10.win32_1.0.200.202301161003/tools/bin/../lib/gcc/arm-none-eabi/10.3.1/../../../../arm-none-eabi/lib/thumb/v7e-m+fp/hard\libc_nano.a(lib_a-impure.o)
 .ARM.attributes
                0x0000000000000727       0x34 c:/st/stm32cubeide_1.12.1/stm32cubeide/plugins/com.st.stm32cube.ide.mcu.externaltools.gnu-tools-for-stm32.10.3-2021.10.win32_1.0.200.202301161003/tools/bin/../lib/gcc/arm-none-eabi/10.3.1/../../../../arm-none-eabi/lib/thumb/v7e-m+fp/hard\libc_nano.a(lib_a-init.o)
 .ARM.attributes
                0x000000000000075b       0x34 c:/st/stm32cubeide_1.12.1/stm32cubeide/plugins/com.st.stm32cube.ide.mcu.externaltools.gnu-tools-for-stm32.10.3-2021.10.win32_1.0.200.202301161003/tools/bin/../lib/gcc/arm-none-eabi/10.3.1/../../../../arm-none-eabi/lib/thumb/v7e-m+fp/hard\libc_nano.a(lib_a-memset.o)
 .ARM.attributes
                0x000000000000078f       0x34 c:/st/stm32cubeide_1.12.1/stm32cubeide/plugins/com.st.stm32cube.ide.mcu.externaltools.gnu-tools-for-stm32.10.3-2021.10.win32_1.0.200.202301161003/tools/bin/../lib/gcc/arm-none-eabi/10.3.1/../../../../arm-none-eabi/lib/thumb/v7e-m+fp/hard\libc_nano.a(lib_a-rand.o)
 .ARM.attributes
                0x00000000000007c3       0x34 c:/st/stm32cubeide_1.12.1/stm32cubeide/plugins/com.st.stm32cube.ide.mcu.externaltools.gnu-tools-for-stm32.10.3-2021.10.win32_1.0.200.202301161003/tools/bin/../lib/gcc/arm-none-eabi/10.3.1/../../../../arm-none-eabi/lib/thumb/v7e-m+fp/hard\libc_nano.a(lib_a-sprintf.o)
 .ARM.attributes
                0x00000000000007f7       0x34 c:/st/stm32cubeide_1.12.1/stm32cubeide/plugins/com.st.stm32cube.ide.mcu.externaltools.gnu-tools-for-stm32.10.3-2021.10.win32_1.0.200.202301161003/tools/bin/../lib/gcc/arm-none-eabi/10.3.1/../../../../arm-none-eabi/lib/thumb/v7e-m+fp/hard\libc_nano.a(lib_a-time.o)
 .ARM.attributes
                0x000000000000082b       0x34 c:/st/stm32cubeide_1.12.1/stm32cubeide/plugins/com.st.stm32cube.ide.mcu.externaltools.gnu-tools-for-stm32.10.3-2021.10.win32_1.0.200.202301161003/tools/bin/../lib/gcc/arm-none-eabi/10.3.1/../../../../arm-none-eabi/lib/thumb/v7e-m+fp/hard\libc_nano.a(lib_a-assert.o)
 .ARM.attributes
                0x000000000000085f       0x34 c:/st/stm32cubeide_1.12.1/stm32cubeide/plugins/com.st.stm32cube.ide.mcu.externaltools.gnu-tools-for-stm32.10.3-2021.10.win32_1.0.200.202301161003/tools/bin/../lib/gcc/arm-none-eabi/10.3.1/../../../../arm-none-eabi/lib/thumb/v7e-m+fp/hard\libc_nano.a(lib_a-fprintf.o)
 .ARM.attributes
                0x0000000000000893       0x34 c:/st/stm32cubeide_1.12.1/stm32cubeide/plugins/com.st.stm32cube.ide.mcu.externaltools.gnu-tools-for-stm32.10.3-2021.10.win32_1.0.200.202301161003/tools/bin/../lib/gcc/arm-none-eabi/10.3.1/../../../../arm-none-eabi/lib/thumb/v7e-m+fp/hard\libc_nano.a(lib_a-gettimeofdayr.o)
 .ARM.attributes
                0x00000000000008c7       0x34 c:/st/stm32cubeide_1.12.1/stm32cubeide/plugins/com.st.stm32cube.ide.mcu.externaltools.gnu-tools-for-stm32.10.3-2021.10.win32_1.0.200.202301161003/tools/bin/../lib/gcc/arm-none-eabi/10.3.1/../../../../arm-none-eabi/lib/thumb/v7e-m+fp/hard\libc_nano.a(lib_a-malloc.o)
 .ARM.attributes
                0x00000000000008fb       0x34 c:/st/stm32cubeide_1.12.1/stm32cubeide/plugins/com.st.stm32cube.ide.mcu.externaltools.gnu-tools-for-stm32.10.3-2021.10.win32_1.0.200.202301161003/tools/bin/../lib/gcc/arm-none-eabi/10.3.1/../../../../arm-none-eabi/lib/thumb/v7e-m+fp/hard\libc_nano.a(lib_a-nano-freer.o)
 .ARM.attributes
                0x000000000000092f       0x34 c:/st/stm32cubeide_1.12.1/stm32cubeide/plugins/com.st.stm32cube.ide.mcu.externaltools.gnu-tools-for-stm32.10.3-2021.10.win32_1.0.200.202301161003/tools/bin/../lib/gcc/arm-none-eabi/10.3.1/../../../../arm-none-eabi/lib/thumb/v7e-m+fp/hard\libc_nano.a(lib_a-nano-mallocr.o)
 .ARM.attributes
                0x0000000000000963       0x34 c:/st/stm32cubeide_1.12.1/stm32cubeide/plugins/com.st.stm32cube.ide.mcu.externaltools.gnu-tools-for-stm32.10.3-2021.10.win32_1.0.200.202301161003/tools/bin/../lib/gcc/arm-none-eabi/10.3.1/../../../../arm-none-eabi/lib/thumb/v7e-m+fp/hard\libc_nano.a(lib_a-nano-svfprintf.o)
 .ARM.attributes
                0x0000000000000997       0x34 c:/st/stm32cubeide_1.12.1/stm32cubeide/plugins/com.st.stm32cube.ide.mcu.externaltools.gnu-tools-for-stm32.10.3-2021.10.win32_1.0.200.202301161003/tools/bin/../lib/gcc/arm-none-eabi/10.3.1/../../../../arm-none-eabi/lib/thumb/v7e-m+fp/hard\libc_nano.a(lib_a-nano-vfprintf.o)
 .ARM.attributes
                0x00000000000009cb       0x34 c:/st/stm32cubeide_1.12.1/stm32cubeide/plugins/com.st.stm32cube.ide.mcu.externaltools.gnu-tools-for-stm32.10.3-2021.10.win32_1.0.200.202301161003/tools/bin/../lib/gcc/arm-none-eabi/10.3.1/../../../../arm-none-eabi/lib/thumb/v7e-m+fp/hard\libc_nano.a(lib_a-nano-vfprintf_i.o)
 .ARM.attributes
                0x00000000000009ff       0x34 c:/st/stm32cubeide_1.12.1/stm32cubeide/plugins/com.st.stm32cube.ide.mcu.externaltools.gnu-tools-for-stm32.10.3-2021.10.win32_1.0.200.202301161003/tools/bin/../lib/gcc/arm-none-eabi/10.3.1/../../../../arm-none-eabi/lib/thumb/v7e-m+fp/hard\libc_nano.a(lib_a-reent.o)
 .ARM.attributes