../Src/main.c:164:6:update_running	4	static
../Src/main.c:167:6:TIM5config	4	static
../Src/main.c:177:6:Delay_us	16	static
../Src/main.c:181:6:Delay_ms	24	static
../Src/main.c:186:5:main	448	static
../Src/main.c:232:13:change_speed	4	static
../Src/main.c:240:6:Score	16	static
../Src/main.c:245:6:displayGameOver	8	static
../Src/main.c:255:13:AppInitCommon	16	static
../Src/main.c:281:20:GetStateApp	4	static
../Src/main.c:285:13:SetStateApp	16	static
../Src/main.c:289:13:AppStateManager	16	static
../Src/main.c:309:13:LoadConfiguration	16	static
../Src/main.c:318:6:SetupPrg	16	static
../Src/main.c:324:6:snake_init	24	static
../Src/main.c:342:17:platform_init_randomizer	8	static
../Src/main.c:352:6:platform_get_control	24	static
../Src/main.c:418:6:snake_move	32	static
../Src/main.c:524:6:snake_haseaten	416	static
../Src/main.c:553:6:snake_display	24	static
../Src/main.c:566:6:platform_drawCell	24	static
../Src/main.c:584:6:platform_eraseCell	32	static
../Src/main.c:604:6:platform_fatal	16	static
../Src/main.c:612:6:snake_place_food	24	static
../Src/main.c:635:10:generate_food	24	static
../Src/main.c:668:6:platform_drawFood	24	static
../Src/main.c:679:6:platform_deleteFood	32	static
../Src/main.c:693:6:DeviceStateMachine	16	static
